******************************************************************************
                  TI ARM Linker PC v20.2.7                     
******************************************************************************
>> Linked Thu Mar 23 13:59:23 2023

OUTPUT FILE NAME:   <ece3849_lab0_starter.out>
ENTRY POINT SYMBOL: "_c_int00_noargs"  address: 00002e6d


MEMORY CONFIGURATION

         name            origin    length      used     unused   attr    fill
----------------------  --------  ---------  --------  --------  ----  --------
  FLASH                 00000000   00100000  000038ea  000fc716  R  X
  SRAM                  20000000   00040000  0000881a  000377e6  RW X


SEGMENT ALLOCATION MAP

run origin  load origin   length   init length attrs members
----------  ----------- ---------- ----------- ----- -------
00000000    00000000    000038f0   000038f0    r-x
  00000000    00000000    00000208   00000208    r-- .intvecs
  00000208    00000208    00002f5a   00002f5a    r-x .text
  00003164    00003164    00000750   00000750    r-- .const
  000038b8    000038b8    00000038   00000038    r-- .cinit
20000000    20000000    0000881a   00000000    rw-
  20000000    20000000    00008008   00000000    rw- .data
  20008008    20008008    00000800   00000000    rw- .stack
  20008808    20008808    00000012   00000000    rw- .bss


SECTION ALLOCATION MAP

 output                                  attributes/
section   page    origin      length       input sections
--------  ----  ----------  ----------   ----------------
.intvecs   0    00000000    00000208     
                  00000000    00000208     tm4c1294ncpdt_startup_ccs.obj (.intvecs)

.text      0    00000208    00002f5a     
                  00000208    00000a4e     rtsv7M4_T_le_v4SPD16_eabi.lib : _printfi.c.obj (.text:__TI_printfi)
                  00000c56    00000002                                   : div0.asm.obj (.text)
                  00000c58    000003f0     Crystalfontz128x128_ST7735.obj (.text)
                  00001048    00000270     rtsv7M4_T_le_v4SPD16_eabi.lib : _printfi.c.obj (.text:_pconv_a)
                  000012b8    00000256     grlib.lib : string.obj (.text:GrFontGlyphRender)
                  0000150e    00000002     --HOLE-- [fill = 0]
                  00001510    00000204     driverlib.lib : sysctl.obj (.text:SysCtlClockFreqSet)
                  00001714    000001d0     rtsv7M4_T_le_v4SPD16_eabi.lib : _printfi.c.obj (.text:_pconv_g)
                  000018e4    000001b6                                   : fd_add_t2.asm.obj (.text)
                  00001a9a    00000006     driverlib.lib : gpio.obj (.text:GPIOPinWrite)
                  00001aa0    0000017e     HAL_EK_TM4C1294XL_Crystalfontz128x128_ST7735.obj (.text)
                  00001c1e    00000002     --HOLE-- [fill = 0]
                  00001c20    0000013c     rtsv7M4_T_le_v4SPD16_eabi.lib : _printfi.c.obj (.text:_pconv_e)
                  00001d5c    00000136                                   : fd_div_t2.asm.obj (.text)
                  00001e92    00000130     driverlib.lib : gpio.obj (.text:GPIOPadConfigSet)
                  00001fc2    00000002     --HOLE-- [fill = 0]
                  00001fc4    00000124     rtsv7M4_T_le_v4SPD16_eabi.lib : _printfi.c.obj (.text:fcvt)
                  000020e8    00000110                                   : s_scalbn.c.obj (.text:scalbn)
                  000021f8    000000fc                                   : fd_mul_t2.asm.obj (.text)
                  000022f4    00000004                                   : pre_init.c.obj (.text:_system_pre_init)
                  000022f8    000000dc     main.obj (.text)
                  000023d4    000000c4     grlib.lib : string.obj (.text:GrDefaultStringRenderer)
                  00002498    000000b1     rtsv7M4_T_le_v4SPD16_eabi.lib : _printfi.c.obj (.text:_ltostr)
                  00002549    00000001     --HOLE-- [fill = 0]
                  0000254a    0000009c                                   : memcpy_t2.asm.obj (.text)
                  000025e6    00000096                                   : ull_div_t2.asm.obj (.text)
                  0000267c    00000086     grlib.lib : rectangle.obj (.text:GrRectFill)
                  00002702    00000086     rtsv7M4_T_le_v4SPD16_eabi.lib : fd_cmp_t2.asm.obj (.text:__aeabi_cdcmple)
                  00002788    00000086                                   : fd_cmp_t2.asm.obj (.text:__aeabi_cdrcmple)
                  0000280e    0000007a                                   : memset_t2.asm.obj (.text)
                  00002888    0000006e                                   : _printfi.c.obj (.text:_mcpy)
                  000028f6    00000002     --HOLE-- [fill = 0]
                  000028f8    00000068     grlib.lib : context.obj (.text:GrContextInit)
                  00002960    00000068     rtsv7M4_T_le_v4SPD16_eabi.lib : copy_decompress_lzss.c.obj (.text:decompress:lzss:__TI_decompress_lzss)
                  000029c8    00000064                                   : s_frexp.c.obj (.text:frexp)
                  00002a2c    0000005a     grlib.lib : string.obj (.text:FontWideGlyphDataGet)
                  00002a86    00000056     rtsv7M4_T_le_v4SPD16_eabi.lib : _printfi.c.obj (.text:_pconv_f)
                  00002adc    00000054                                   : _ltoa.c.obj (.text:__TI_ltoa)
                  00002b30    00000052                                   : _printfi.c.obj (.text:_ecpy)
                  00002b82    00000002     --HOLE-- [fill = 0]
                  00002b84    0000004c                                   : atoi.c.obj (.text:atoi)
                  00002bd0    0000004c                                   : snprintf.c.obj (.text:snprintf)
                  00002c1c    0000004a     grlib.lib : string.obj (.text:UpdateContextCharMapping)
                  00002c66    00000002     --HOLE-- [fill = 0]
                  00002c68    00000048     driverlib.lib : gpio.obj (.text:GPIOPinConfigure)
                  00002cb0    00000048                   : sysctl.obj (.text:_SysCtlFrequencyGet)
                  00002cf8    00000048     rtsv7M4_T_le_v4SPD16_eabi.lib : fd_toi_t2.asm.obj (.text)
                  00002d40    00000044                                   : autoinit.c.obj (.text:__TI_auto_init_nobinit_nopinit:__TI_auto_init_nobinit_nopinit)
                  00002d84    0000003e                                   : _printfi.c.obj (.text:_fcpy)
                  00002dc2    0000003c     driverlib.lib : ssi.obj (.text:SSIConfigSetExpClk)
                  00002dfe    0000003a     grlib.lib : string.obj (.text:FontGlyphDataGet)
                  00002e38    00000034     driverlib.lib : sysctl.obj (.text:SysCtlPeripheralEnable)
                  00002e6c    00000034     rtsv7M4_T_le_v4SPD16_eabi.lib : boot_cortex_m.c.obj (.text:_c_int00_noargs:_c_int00_noargs)
                  00002ea0    00000030                                   : snprintf.c.obj (.text:_outs)
                  00002ed0    0000002e     grlib.lib : string.obj (.text:GrStringNextCharGet)
                  00002efe    0000002e     rtsv7M4_T_le_v4SPD16_eabi.lib : i_tofd_t2.asm.obj (.text)
                  00002f2c    0000002a     driverlib.lib : gpio.obj (.text:GPIODirModeSet)
                  00002f56    00000026     grlib.lib : string.obj (.text:GrFontInfoGet)
                  00002f7c    00000022               : string.obj (.text:GrFontGlyphDataGet)
                  00002f9e    0000001e               : string.obj (.text:GrFontCodepageGet)
                  00002fbc    0000001c     driverlib.lib : sysctl.obj (.text:_SysCtlMemTimingGet)
                  00002fd8    0000001c     rtsv7M4_T_le_v4SPD16_eabi.lib : copy_zero_init.c.obj (.text:decompress:ZI:__TI_zero_init_nomemset:__TI_zero_init_nomemset)
                  00002ff4    0000001c                                   : memccpy.c.obj (.text:memccpy)
                  00003010    0000001a                                   : s_copysign.c.obj (.text:copysign)
                  0000302a    00000006     grlib.lib : string.obj (.text:GrContextFontSet)
                  00003030    0000001a     tm4c1294ncpdt_startup_ccs.obj (.text)
                  0000304a    00000018     driverlib.lib : gpio.obj (.text:GPIOPinTypeGPIOOutput)
                  00003062    00000018     rtsv7M4_T_le_v4SPD16_eabi.lib : snprintf.c.obj (.text:_outc)
                  0000307a    00000016     grlib.lib : string.obj (.text:GrStringDraw)
                  00003090    00000016     rtsv7M4_T_le_v4SPD16_eabi.lib : strchr.c.obj (.text:strchr)
                  000030a6    00000014                                   : strlen.c.obj (.text:strlen)
                  000030ba    00000012     driverlib.lib : gpio.obj (.text:GPIOPinTypeSSI)
                  000030cc    00000012     rtsv7M4_T_le_v4SPD16_eabi.lib : wcslen.c.obj (.text:wcslen)
                  000030de    00000002     --HOLE-- [fill = 0]
                  000030e0    00000010     driverlib.lib : fpu.obj (.text:FPUEnable)
                  000030f0    00000010                   : fpu.obj (.text:FPULazyStackingEnable)
                  00003100    00000010                   : interrupt.obj (.text:IntMasterDisable)
                  00003110    0000000e     rtsv7M4_T_le_v4SPD16_eabi.lib : copy_decompress_none.c.obj (.text:decompress:none:__TI_decompress_none)
                  0000311e    0000000c     driverlib.lib : cpu.obj (.text:CPUcpsid)
                  0000312a    0000000a                   : ssi.obj (.text:SSIDataPut)
                  00003134    0000000a                   : ssi.obj (.text:SSIEnable)
                  0000313e    00000008     grlib.lib : charmap.obj (.text:GrMapISO8859_1_Unicode)
                  00003146    00000008     driverlib.lib : ssi.obj (.text:SSIBusy)
                  0000314e    00000002     --HOLE-- [fill = 0]
                  00003150    00000008     rtsv7M4_T_le_v4SPD16_eabi.lib : errno.c.obj (.text:__aeabi_errno_addr)
                  00003158    00000006     driverlib.lib : sysctl.obj (.text:SysCtlDelay)
                  0000315e    00000004     rtsv7M4_T_le_v4SPD16_eabi.lib : exit.c.obj (.text:abort:abort)

.const     0    00003164    00000750     
                  00003164    000002f8     grlib.lib : fontfixed6x8.obj (.const:.string:g_pui8FontFixed6x8Data)
                  0000345c    00000120     driverlib.lib : sysctl.obj (.const:g_pppui32XTALtoVCO)
                  0000357c    00000101     rtsv7M4_T_le_v4SPD16_eabi.lib : ctype.c.obj (.const:.string:_ctypes_)
                  0000367d    00000003     --HOLE-- [fill = 0]
                  00003680    000000c8     grlib.lib : fontfixed6x8.obj (.const:g_sFontFixed6x8)
                  00003748    00000090     driverlib.lib : gpio.obj (.const:g_pui32GPIOBaseAddrs)
                  000037d8    0000006c                   : sysctl.obj (.const:g_pui32Xtals)
                  00003844    00000030                   : sysctl.obj (.const:g_sXTALtoMEMTIM)
                  00003874    00000028     Crystalfontz128x128_ST7735.obj (.const:g_sCrystalfontz128x128)
                  0000389c    00000010     grlib.lib : context.obj (.const)
                  000038ac    00000008     driverlib.lib : sysctl.obj (.const)

.cinit     0    000038b8    00000038     
                  000038b8    0000000d     (.cinit..data.load) [load image, compression = lzss]
                  000038c5    00000003     --HOLE-- [fill = 0]
                  000038c8    0000000c     (__TI_handler_table)
                  000038d4    00000004     --HOLE-- [fill = 0]
                  000038d8    00000008     (.cinit..bss.load) [load image, compression = zero_init]
                  000038e0    00000010     (__TI_cinit_table)

.init_array 
*          0    00000000    00000000     UNINITIALIZED

.data      0    20000000    00008008     UNINITIALIZED
                  20000000    00008000     Crystalfontz128x128_ST7735.obj (.data:Lcd_buffer)
                  20008000    00000004     main.obj (.data)
                  20008004    00000004     rtsv7M4_T_le_v4SPD16_eabi.lib : errno.c.obj (.data)

.bss       0    20008808    00000012     UNINITIALIZED
                  20008808    00000004     (.common:gSystemClock)
                  2000880c    00000004     (.common:g_psGrLibDefaults)
                  20008810    00000002     (.common:Lcd_ScreenHeigth)
                  20008812    00000002     (.common:Lcd_ScreenWidth)
                  20008814    00000002     (.common:Lcd_TouchTrim)
                  20008816    00000001     (.common:Lcd_FlagRead)
                  20008817    00000001     (.common:Lcd_FontSolid)
                  20008818    00000001     (.common:Lcd_Orientation)
                  20008819    00000001     (.common:Lcd_PenSolid)

.stack     0    20008008    00000800     UNINITIALIZED
                  20008008    00000004     rtsv7M4_T_le_v4SPD16_eabi.lib : boot_cortex_m.c.obj (.stack)
                  2000800c    000007fc     --HOLE--

__llvm_prf_cnts 
*          0    20000000    00000000     UNINITIALIZED

MODULE SUMMARY

       Module                                             code    ro data   rw data
       ------                                             ----    -------   -------
    .\
       Crystalfontz128x128_ST7735.obj                     1008    40        32778  
       tm4c1294ncpdt_startup_ccs.obj                      26      520       0      
       HAL_EK_TM4C1294XL_Crystalfontz128x128_ST7735.obj   382     0         0      
       main.obj                                           220     0         8      
    +--+--------------------------------------------------+-------+---------+---------+
       Total:                                             1636    560       32786  
                                                                                   
    C:/ti/tirtos_tivac_2_16_01_14/products/TivaWare_C_Series-2.1.1.71b/driverlib/ccs/Debug/driverlib.lib
       sysctl.obj                                         674     452       0      
       gpio.obj                                           466     144       0      
       ssi.obj                                            88      0         0      
       fpu.obj                                            32      0         0      
       interrupt.obj                                      16      0         0      
       cpu.obj                                            12      0         0      
    +--+--------------------------------------------------+-------+---------+---------+
       Total:                                             1288    596       0      
                                                                                   
    C:/ti/tirtos_tivac_2_16_01_14/products/TivaWare_C_Series-2.1.1.71b/grlib/ccs/Debug/grlib.lib
       string.obj                                         1192    0         0      
       fontfixed6x8.obj                                   0       960       0      
       rectangle.obj                                      134     0         0      
       context.obj                                        104     16        4      
       charmap.obj                                        8       0         0      
    +--+--------------------------------------------------+-------+---------+---------+
       Total:                                             1438    976       4      
                                                                                   
    C:\ti\ccs1220\ccs\tools\compiler\ti-cgt-arm_20.2.7.LTS\lib\rtsv7M4_T_le_v4SPD16_eabi.lib
       _printfi.c.obj                                     4851    0         0      
       fd_add_t2.asm.obj                                  438     0         0      
       fd_div_t2.asm.obj                                  310     0         0      
       s_scalbn.c.obj                                     272     0         0      
       fd_cmp_t2.asm.obj                                  268     0         0      
       ctype.c.obj                                        0       257       0      
       fd_mul_t2.asm.obj                                  252     0         0      
       memcpy_t2.asm.obj                                  156     0         0      
       ull_div_t2.asm.obj                                 150     0         0      
       snprintf.c.obj                                     148     0         0      
       memset_t2.asm.obj                                  122     0         0      
       copy_decompress_lzss.c.obj                         104     0         0      
       s_frexp.c.obj                                      100     0         0      
       _ltoa.c.obj                                        84      0         0      
       atoi.c.obj                                         76      0         0      
       fd_toi_t2.asm.obj                                  72      0         0      
       autoinit.c.obj                                     68      0         0      
       boot_cortex_m.c.obj                                52      0         0      
       i_tofd_t2.asm.obj                                  46      0         0      
       copy_zero_init.c.obj                               28      0         0      
       memccpy.c.obj                                      28      0         0      
       s_copysign.c.obj                                   26      0         0      
       strchr.c.obj                                       22      0         0      
       strlen.c.obj                                       20      0         0      
       wcslen.c.obj                                       18      0         0      
       copy_decompress_none.c.obj                         14      0         0      
       errno.c.obj                                        8       0         4      
       exit.c.obj                                         4       0         0      
       pre_init.c.obj                                     4       0         0      
       div0.asm.obj                                       2       0         0      
    +--+--------------------------------------------------+-------+---------+---------+
       Total:                                             7743    257       4      
                                                                                   
       Stack:                                             0       0         2048   
       Linker Generated:                                  0       49        0      
    +--+--------------------------------------------------+-------+---------+---------+
       Grand Total:                                       12105   2438      34842  


LINKER GENERATED COPY TABLES

__TI_cinit_table @ 000038e0 records: 2, size/record: 8, table size: 16
	.data: load addr=000038b8, load size=0000000d bytes, run addr=20000000, run size=00008008 bytes, compression=lzss
	.bss: load addr=000038d8, load size=00000008 bytes, run addr=20008808, run size=00000012 bytes, compression=zero_init


LINKER GENERATED HANDLER TABLE

__TI_handler_table @ 000038c8 records: 3, size/record: 4, table size: 12
	index: 0, handler: __TI_decompress_lzss
	index: 1, handler: __TI_decompress_none
	index: 2, handler: __TI_zero_init


GLOBAL SYMBOLS: SORTED ALPHABETICALLY BY Name 

address   name                              
-------   ----                              
0000315f  C$$EXIT                           
0000311f  CPUcpsid                          
00000f81  Crystalfontz128x128_Init          
00000ca1  Crystalfontz128x128_SetDrawFrame  
00000c59  Crystalfontz128x128_SetOrientation
000030e1  FPUEnable                         
000030f1  FPULazyStackingEnable             
00002f2d  GPIODirModeSet                    
00001e93  GPIOPadConfigSet                  
00002c69  GPIOPinConfigure                  
0000304b  GPIOPinTypeGPIOOutput             
000030bb  GPIOPinTypeSSI                    
00001a9b  GPIOPinWrite                      
0000302b  GrContextFontSet                  
000028f9  GrContextInit                     
000023d5  GrDefaultStringRenderer           
00002f9f  GrFontCodepageGet                 
00002f7d  GrFontGlyphDataGet                
000012b9  GrFontGlyphRender                 
00002f57  GrFontInfoGet                     
0000313f  GrMapISO8859_1_Unicode            
0000267d  GrRectFill                        
0000307b  GrStringDraw                      
00002ed1  GrStringNextCharGet               
00001b91  HAL_LCD_PortInit                  
00001b01  HAL_LCD_SpiInit                   
00001ab1  HAL_LCD_writeCommand              
00001aa1  HAL_LCD_writeData                 
00003101  IntMasterDisable                  
20008816  Lcd_FlagRead                      
20008817  Lcd_FontSolid                     
20008818  Lcd_Orientation                   
20008819  Lcd_PenSolid                      
20008810  Lcd_ScreenHeigth                  
20008812  Lcd_ScreenWidth                   
20008814  Lcd_TouchTrim                     
20000000  Lcd_buffer                        
00003031  ResetISR                          
00003147  SSIBusy                           
00002dc3  SSIConfigSetExpClk                
0000312b  SSIDataPut                        
00003135  SSIEnable                         
00001511  SysCtlClockFreqSet                
00003159  SysCtlDelay                       
00002e39  SysCtlPeripheralEnable            
20008808  __STACK_END                       
00000800  __STACK_SIZE                      
20008208  __STACK_TOP                       
000038e0  __TI_CINIT_Base                   
000038f0  __TI_CINIT_Limit                  
000038c8  __TI_Handler_Table_Base           
000038d4  __TI_Handler_Table_Limit          
00002d41  __TI_auto_init_nobinit_nopinit    
00002961  __TI_decompress_lzss              
00003111  __TI_decompress_none              
00002add  __TI_ltoa                         
ffffffff  __TI_pprof_out_hndl               
00000209  __TI_printfi                      
ffffffff  __TI_prof_data_size               
ffffffff  __TI_prof_data_start              
00000000  __TI_static_base__                
00002fd9  __TI_zero_init_nomemset           
00002703  __aeabi_cdcmpeq                   
00002703  __aeabi_cdcmple                   
00002789  __aeabi_cdrcmple                  
00002cf9  __aeabi_d2iz                      
000018ef  __aeabi_dadd                      
00001d5d  __aeabi_ddiv                      
000021f9  __aeabi_dmul                      
000018e5  __aeabi_dsub                      
00003151  __aeabi_errno_addr                
00002eff  __aeabi_i2d                       
00000c57  __aeabi_idiv0                     
00000c57  __aeabi_ldiv0                     
0000280f  __aeabi_memclr                    
0000280f  __aeabi_memclr4                   
0000280f  __aeabi_memclr8                   
0000254b  __aeabi_memcpy                    
0000254b  __aeabi_memcpy4                   
0000254b  __aeabi_memcpy8                   
00002811  __aeabi_memset                    
00002811  __aeabi_memset4                   
00002811  __aeabi_memset8                   
000025e7  __aeabi_uldivmod                  
ffffffff  __binit__                         
ffffffff  __c_args__                        
UNDEFED   __mpu_init                        
20008008  __stack                           
20000000  __start___llvm_prf_cnts           
20000000  __stop___llvm_prf_cnts            
00002e6d  _c_int00_noargs                   
0000357c  _ctypes_                          
UNDEFED   _system_post_cinit                
000022f5  _system_pre_init                  
0000315f  abort                             
00002b85  atoi                              
ffffffff  binit                             
00003011  copysign                          
00003011  copysignl                         
20008004  errno                             
000029c9  frexp                             
000029c9  frexpl                            
20008808  gSystemClock                      
20008000  gTime                             
00000000  g_pfnVectors                      
0000389c  g_psDefaultCodePointMapTable      
00003874  g_sCrystalfontz128x128            
00003680  g_sFontFixed6x8                   
000020e9  ldexp                             
000020e9  ldexpl                            
000022f9  main                              
00002ff5  memccpy                           
0000254b  memcpy                            
00002817  memset                            
000020e9  scalbn                            
000020e9  scalbnl                           
00002bd1  snprintf                          
00003091  strchr                            
000030a7  strlen                            
000030cd  wcslen                            


GLOBAL SYMBOLS: SORTED BY Symbol Address 

address   name                              
-------   ----                              
00000000  __TI_static_base__                
00000000  g_pfnVectors                      
00000209  __TI_printfi                      
00000800  __STACK_SIZE                      
00000c57  __aeabi_idiv0                     
00000c57  __aeabi_ldiv0                     
00000c59  Crystalfontz128x128_SetOrientation
00000ca1  Crystalfontz128x128_SetDrawFrame  
00000f81  Crystalfontz128x128_Init          
000012b9  GrFontGlyphRender                 
00001511  SysCtlClockFreqSet                
000018e5  __aeabi_dsub                      
000018ef  __aeabi_dadd                      
00001a9b  GPIOPinWrite                      
00001aa1  HAL_LCD_writeData                 
00001ab1  HAL_LCD_writeCommand              
00001b01  HAL_LCD_SpiInit                   
00001b91  HAL_LCD_PortInit                  
00001d5d  __aeabi_ddiv                      
00001e93  GPIOPadConfigSet                  
000020e9  ldexp                             
000020e9  ldexpl                            
000020e9  scalbn                            
000020e9  scalbnl                           
000021f9  __aeabi_dmul                      
000022f5  _system_pre_init                  
000022f9  main                              
000023d5  GrDefaultStringRenderer           
0000254b  __aeabi_memcpy                    
0000254b  __aeabi_memcpy4                   
0000254b  __aeabi_memcpy8                   
0000254b  memcpy                            
000025e7  __aeabi_uldivmod                  
0000267d  GrRectFill                        
00002703  __aeabi_cdcmpeq                   
00002703  __aeabi_cdcmple                   
00002789  __aeabi_cdrcmple                  
0000280f  __aeabi_memclr                    
0000280f  __aeabi_memclr4                   
0000280f  __aeabi_memclr8                   
00002811  __aeabi_memset                    
00002811  __aeabi_memset4                   
00002811  __aeabi_memset8                   
00002817  memset                            
000028f9  GrContextInit                     
00002961  __TI_decompress_lzss              
000029c9  frexp                             
000029c9  frexpl                            
00002add  __TI_ltoa                         
00002b85  atoi                              
00002bd1  snprintf                          
00002c69  GPIOPinConfigure                  
00002cf9  __aeabi_d2iz                      
00002d41  __TI_auto_init_nobinit_nopinit    
00002dc3  SSIConfigSetExpClk                
00002e39  SysCtlPeripheralEnable            
00002e6d  _c_int00_noargs                   
00002ed1  GrStringNextCharGet               
00002eff  __aeabi_i2d                       
00002f2d  GPIODirModeSet                    
00002f57  GrFontInfoGet                     
00002f7d  GrFontGlyphDataGet                
00002f9f  GrFontCodepageGet                 
00002fd9  __TI_zero_init_nomemset           
00002ff5  memccpy                           
00003011  copysign                          
00003011  copysignl                         
0000302b  GrContextFontSet                  
00003031  ResetISR                          
0000304b  GPIOPinTypeGPIOOutput             
0000307b  GrStringDraw                      
00003091  strchr                            
000030a7  strlen                            
000030bb  GPIOPinTypeSSI                    
000030cd  wcslen                            
000030e1  FPUEnable                         
000030f1  FPULazyStackingEnable             
00003101  IntMasterDisable                  
00003111  __TI_decompress_none              
0000311f  CPUcpsid                          
0000312b  SSIDataPut                        
00003135  SSIEnable                         
0000313f  GrMapISO8859_1_Unicode            
00003147  SSIBusy                           
00003151  __aeabi_errno_addr                
00003159  SysCtlDelay                       
0000315f  C$$EXIT                           
0000315f  abort                             
0000357c  _ctypes_                          
00003680  g_sFontFixed6x8                   
00003874  g_sCrystalfontz128x128            
0000389c  g_psDefaultCodePointMapTable      
000038c8  __TI_Handler_Table_Base           
000038d4  __TI_Handler_Table_Limit          
000038e0  __TI_CINIT_Base                   
000038f0  __TI_CINIT_Limit                  
20000000  Lcd_buffer                        
20000000  __start___llvm_prf_cnts           
20000000  __stop___llvm_prf_cnts            
20008000  gTime                             
20008004  errno                             
20008008  __stack                           
20008208  __STACK_TOP                       
20008808  __STACK_END                       
20008808  gSystemClock                      
20008810  Lcd_ScreenHeigth                  
20008812  Lcd_ScreenWidth                   
20008814  Lcd_TouchTrim                     
20008816  Lcd_FlagRead                      
20008817  Lcd_FontSolid                     
20008818  Lcd_Orientation                   
20008819  Lcd_PenSolid                      
ffffffff  __TI_pprof_out_hndl               
ffffffff  __TI_prof_data_size               
ffffffff  __TI_prof_data_start              
ffffffff  __binit__                         
ffffffff  __c_args__                        
ffffffff  binit                             
UNDEFED   __mpu_init                        
UNDEFED   _system_post_cinit                

[120 symbols]
