<?xml version="1.0" encoding="ISO-8859-1" ?>
<link_info>
   <banner>TI ARM Linker PC v20.2.7.LTS</banner>
   <copyright>Copyright (c) 1996-2018 Texas Instruments Incorporated</copyright>
   <link_time>0x641c937b</link_time>
   <link_errors>0x0</link_errors>
   <output_file>ece3849_lab0_starter.out</output_file>
   <entry_point>
      <name>_c_int00_noargs</name>
      <address>0x2e6d</address>
   </entry_point>
   <input_file_list>
      <input_file id="fl-2">
         <path>.\</path>
         <kind>object</kind>
         <file>Crystalfontz128x128_ST7735.obj</file>
         <name>Crystalfontz128x128_ST7735.obj</name>
      </input_file>
      <input_file id="fl-3">
         <path>.\</path>
         <kind>object</kind>
         <file>HAL_EK_TM4C1294XL_Crystalfontz128x128_ST7735.obj</file>
         <name>HAL_EK_TM4C1294XL_Crystalfontz128x128_ST7735.obj</name>
      </input_file>
      <input_file id="fl-4">
         <path>.\</path>
         <kind>object</kind>
         <file>buttons.obj</file>
         <name>buttons.obj</name>
      </input_file>
      <input_file id="fl-5">
         <path>.\</path>
         <kind>object</kind>
         <file>main.obj</file>
         <name>main.obj</name>
      </input_file>
      <input_file id="fl-6">
         <path>.\</path>
         <kind>object</kind>
         <file>sysctl_pll.obj</file>
         <name>sysctl_pll.obj</name>
      </input_file>
      <input_file id="fl-7">
         <path>.\</path>
         <kind>object</kind>
         <file>tm4c1294ncpdt_startup_ccs.obj</file>
         <name>tm4c1294ncpdt_startup_ccs.obj</name>
      </input_file>
      <input_file id="fl-d">
         <kind>object</kind>
         <file>&lt;internal&gt;</file>
         <name>&lt;internal&gt;</name>
      </input_file>
      <input_file id="fl-c3">
         <path>C:\ti\ccs1220\ccs\tools\compiler\ti-cgt-arm_20.2.7.LTS\lib\</path>
         <kind>archive</kind>
         <file>rtsv7M4_T_le_v4SPD16_eabi.lib</file>
         <name>s_roundf.c.obj</name>
      </input_file>
      <input_file id="fl-c4">
         <path>C:\ti\ccs1220\ccs\tools\compiler\ti-cgt-arm_20.2.7.LTS\lib\</path>
         <kind>archive</kind>
         <file>rtsv7M4_T_le_v4SPD16_eabi.lib</file>
         <name>snprintf.c.obj</name>
      </input_file>
      <input_file id="fl-c5">
         <path>C:\ti\ccs1220\ccs\tools\compiler\ti-cgt-arm_20.2.7.LTS\lib\</path>
         <kind>archive</kind>
         <file>rtsv7M4_T_le_v4SPD16_eabi.lib</file>
         <name>memcpy_t2.asm.obj</name>
      </input_file>
      <input_file id="fl-c6">
         <path>C:\ti\ccs1220\ccs\tools\compiler\ti-cgt-arm_20.2.7.LTS\lib\</path>
         <kind>archive</kind>
         <file>rtsv7M4_T_le_v4SPD16_eabi.lib</file>
         <name>copy_zero_init.c.obj</name>
      </input_file>
      <input_file id="fl-c7">
         <path>C:\ti\ccs1220\ccs\tools\compiler\ti-cgt-arm_20.2.7.LTS\lib\</path>
         <kind>archive</kind>
         <file>rtsv7M4_T_le_v4SPD16_eabi.lib</file>
         <name>copy_decompress_none.c.obj</name>
      </input_file>
      <input_file id="fl-c8">
         <path>C:\ti\ccs1220\ccs\tools\compiler\ti-cgt-arm_20.2.7.LTS\lib\</path>
         <kind>archive</kind>
         <file>rtsv7M4_T_le_v4SPD16_eabi.lib</file>
         <name>copy_decompress_lzss.c.obj</name>
      </input_file>
      <input_file id="fl-c9">
         <path>C:\ti\ccs1220\ccs\tools\compiler\ti-cgt-arm_20.2.7.LTS\lib\</path>
         <kind>archive</kind>
         <file>rtsv7M4_T_le_v4SPD16_eabi.lib</file>
         <name>boot_cortex_m.c.obj</name>
      </input_file>
      <input_file id="fl-ca">
         <path>C:\ti\ccs1220\ccs\tools\compiler\ti-cgt-arm_20.2.7.LTS\lib\</path>
         <kind>archive</kind>
         <file>rtsv7M4_T_le_v4SPD16_eabi.lib</file>
         <name>s_floorf.c.obj</name>
      </input_file>
      <input_file id="fl-cb">
         <path>C:\ti\ccs1220\ccs\tools\compiler\ti-cgt-arm_20.2.7.LTS\lib\</path>
         <kind>archive</kind>
         <file>rtsv7M4_T_le_v4SPD16_eabi.lib</file>
         <name>_printfi.c.obj</name>
      </input_file>
      <input_file id="fl-cc">
         <path>C:\ti\ccs1220\ccs\tools\compiler\ti-cgt-arm_20.2.7.LTS\lib\</path>
         <kind>archive</kind>
         <file>rtsv7M4_T_le_v4SPD16_eabi.lib</file>
         <name>fd_add_t2.asm.obj</name>
      </input_file>
      <input_file id="fl-cd">
         <path>C:\ti\ccs1220\ccs\tools\compiler\ti-cgt-arm_20.2.7.LTS\lib\</path>
         <kind>archive</kind>
         <file>rtsv7M4_T_le_v4SPD16_eabi.lib</file>
         <name>fd_cmp_t2.asm.obj</name>
      </input_file>
      <input_file id="fl-ce">
         <path>C:\ti\ccs1220\ccs\tools\compiler\ti-cgt-arm_20.2.7.LTS\lib\</path>
         <kind>archive</kind>
         <file>rtsv7M4_T_le_v4SPD16_eabi.lib</file>
         <name>fd_div_t2.asm.obj</name>
      </input_file>
      <input_file id="fl-cf">
         <path>C:\ti\ccs1220\ccs\tools\compiler\ti-cgt-arm_20.2.7.LTS\lib\</path>
         <kind>archive</kind>
         <file>rtsv7M4_T_le_v4SPD16_eabi.lib</file>
         <name>fd_mul_t2.asm.obj</name>
      </input_file>
      <input_file id="fl-d0">
         <path>C:\ti\ccs1220\ccs\tools\compiler\ti-cgt-arm_20.2.7.LTS\lib\</path>
         <kind>archive</kind>
         <file>rtsv7M4_T_le_v4SPD16_eabi.lib</file>
         <name>fd_toi_t2.asm.obj</name>
      </input_file>
      <input_file id="fl-d1">
         <path>C:\ti\ccs1220\ccs\tools\compiler\ti-cgt-arm_20.2.7.LTS\lib\</path>
         <kind>archive</kind>
         <file>rtsv7M4_T_le_v4SPD16_eabi.lib</file>
         <name>i_tofd_t2.asm.obj</name>
      </input_file>
      <input_file id="fl-d2">
         <path>C:\ti\ccs1220\ccs\tools\compiler\ti-cgt-arm_20.2.7.LTS\lib\</path>
         <kind>archive</kind>
         <file>rtsv7M4_T_le_v4SPD16_eabi.lib</file>
         <name>memset_t2.asm.obj</name>
      </input_file>
      <input_file id="fl-d3">
         <path>C:\ti\ccs1220\ccs\tools\compiler\ti-cgt-arm_20.2.7.LTS\lib\</path>
         <kind>archive</kind>
         <file>rtsv7M4_T_le_v4SPD16_eabi.lib</file>
         <name>ull_div_t2.asm.obj</name>
      </input_file>
      <input_file id="fl-d4">
         <path>C:\ti\ccs1220\ccs\tools\compiler\ti-cgt-arm_20.2.7.LTS\lib\</path>
         <kind>archive</kind>
         <file>rtsv7M4_T_le_v4SPD16_eabi.lib</file>
         <name>autoinit.c.obj</name>
      </input_file>
      <input_file id="fl-d5">
         <path>C:\ti\ccs1220\ccs\tools\compiler\ti-cgt-arm_20.2.7.LTS\lib\</path>
         <kind>archive</kind>
         <file>rtsv7M4_T_le_v4SPD16_eabi.lib</file>
         <name>pre_init.c.obj</name>
      </input_file>
      <input_file id="fl-d6">
         <path>C:\ti\ccs1220\ccs\tools\compiler\ti-cgt-arm_20.2.7.LTS\lib\</path>
         <kind>archive</kind>
         <file>rtsv7M4_T_le_v4SPD16_eabi.lib</file>
         <name>cpy_tbl.c.obj</name>
      </input_file>
      <input_file id="fl-d7">
         <path>C:\ti\ccs1220\ccs\tools\compiler\ti-cgt-arm_20.2.7.LTS\lib\</path>
         <kind>archive</kind>
         <file>rtsv7M4_T_le_v4SPD16_eabi.lib</file>
         <name>exit.c.obj</name>
      </input_file>
      <input_file id="fl-d8">
         <path>C:\ti\ccs1220\ccs\tools\compiler\ti-cgt-arm_20.2.7.LTS\lib\</path>
         <kind>archive</kind>
         <file>rtsv7M4_T_le_v4SPD16_eabi.lib</file>
         <name>_lock.c.obj</name>
      </input_file>
      <input_file id="fl-d9">
         <path>C:\ti\ccs1220\ccs\tools\compiler\ti-cgt-arm_20.2.7.LTS\lib\</path>
         <kind>archive</kind>
         <file>rtsv7M4_T_le_v4SPD16_eabi.lib</file>
         <name>_ltoa.c.obj</name>
      </input_file>
      <input_file id="fl-da">
         <path>C:\ti\ccs1220\ccs\tools\compiler\ti-cgt-arm_20.2.7.LTS\lib\</path>
         <kind>archive</kind>
         <file>rtsv7M4_T_le_v4SPD16_eabi.lib</file>
         <name>args_main.c.obj</name>
      </input_file>
      <input_file id="fl-db">
         <path>C:\ti\ccs1220\ccs\tools\compiler\ti-cgt-arm_20.2.7.LTS\lib\</path>
         <kind>archive</kind>
         <file>rtsv7M4_T_le_v4SPD16_eabi.lib</file>
         <name>atoi.c.obj</name>
      </input_file>
      <input_file id="fl-dc">
         <path>C:\ti\ccs1220\ccs\tools\compiler\ti-cgt-arm_20.2.7.LTS\lib\</path>
         <kind>archive</kind>
         <file>rtsv7M4_T_le_v4SPD16_eabi.lib</file>
         <name>ctype.c.obj</name>
      </input_file>
      <input_file id="fl-dd">
         <path>C:\ti\ccs1220\ccs\tools\compiler\ti-cgt-arm_20.2.7.LTS\lib\</path>
         <kind>archive</kind>
         <file>rtsv7M4_T_le_v4SPD16_eabi.lib</file>
         <name>memccpy.c.obj</name>
      </input_file>
      <input_file id="fl-de">
         <path>C:\ti\ccs1220\ccs\tools\compiler\ti-cgt-arm_20.2.7.LTS\lib\</path>
         <kind>archive</kind>
         <file>rtsv7M4_T_le_v4SPD16_eabi.lib</file>
         <name>strchr.c.obj</name>
      </input_file>
      <input_file id="fl-df">
         <path>C:\ti\ccs1220\ccs\tools\compiler\ti-cgt-arm_20.2.7.LTS\lib\</path>
         <kind>archive</kind>
         <file>rtsv7M4_T_le_v4SPD16_eabi.lib</file>
         <name>strlen.c.obj</name>
      </input_file>
      <input_file id="fl-e0">
         <path>C:\ti\ccs1220\ccs\tools\compiler\ti-cgt-arm_20.2.7.LTS\lib\</path>
         <kind>archive</kind>
         <file>rtsv7M4_T_le_v4SPD16_eabi.lib</file>
         <name>errno.c.obj</name>
      </input_file>
      <input_file id="fl-e1">
         <path>C:\ti\ccs1220\ccs\tools\compiler\ti-cgt-arm_20.2.7.LTS\lib\</path>
         <kind>archive</kind>
         <file>rtsv7M4_T_le_v4SPD16_eabi.lib</file>
         <name>wcslen.c.obj</name>
      </input_file>
      <input_file id="fl-e2">
         <path>C:\ti\ccs1220\ccs\tools\compiler\ti-cgt-arm_20.2.7.LTS\lib\</path>
         <kind>archive</kind>
         <file>rtsv7M4_T_le_v4SPD16_eabi.lib</file>
         <name>s_frexp.c.obj</name>
      </input_file>
      <input_file id="fl-e3">
         <path>C:\ti\ccs1220\ccs\tools\compiler\ti-cgt-arm_20.2.7.LTS\lib\</path>
         <kind>archive</kind>
         <file>rtsv7M4_T_le_v4SPD16_eabi.lib</file>
         <name>s_scalbn.c.obj</name>
      </input_file>
      <input_file id="fl-e4">
         <path>C:\ti\ccs1220\ccs\tools\compiler\ti-cgt-arm_20.2.7.LTS\lib\</path>
         <kind>archive</kind>
         <file>rtsv7M4_T_le_v4SPD16_eabi.lib</file>
         <name>div0.asm.obj</name>
      </input_file>
      <input_file id="fl-e5">
         <path>C:\ti\ccs1220\ccs\tools\compiler\ti-cgt-arm_20.2.7.LTS\lib\</path>
         <kind>archive</kind>
         <file>rtsv7M4_T_le_v4SPD16_eabi.lib</file>
         <name>s_copysign.c.obj</name>
      </input_file>
      <input_file id="fl-e6">
         <path>C:\ti\tirtos_tivac_2_16_01_14\products\TivaWare_C_Series-2.1.1.71b\grlib\ccs\Debug\</path>
         <kind>archive</kind>
         <file>grlib.lib</file>
         <name>context.obj</name>
      </input_file>
      <input_file id="fl-e7">
         <path>C:\ti\tirtos_tivac_2_16_01_14\products\TivaWare_C_Series-2.1.1.71b\grlib\ccs\Debug\</path>
         <kind>archive</kind>
         <file>grlib.lib</file>
         <name>rectangle.obj</name>
      </input_file>
      <input_file id="fl-e8">
         <path>C:\ti\tirtos_tivac_2_16_01_14\products\TivaWare_C_Series-2.1.1.71b\grlib\ccs\Debug\</path>
         <kind>archive</kind>
         <file>grlib.lib</file>
         <name>string.obj</name>
      </input_file>
      <input_file id="fl-e9">
         <path>C:\ti\tirtos_tivac_2_16_01_14\products\TivaWare_C_Series-2.1.1.71b\grlib\ccs\Debug\</path>
         <kind>archive</kind>
         <file>grlib.lib</file>
         <name>fontfixed6x8.obj</name>
      </input_file>
      <input_file id="fl-ea">
         <path>C:\ti\tirtos_tivac_2_16_01_14\products\TivaWare_C_Series-2.1.1.71b\grlib\ccs\Debug\</path>
         <kind>archive</kind>
         <file>grlib.lib</file>
         <name>charmap.obj</name>
      </input_file>
      <input_file id="fl-eb">
         <path>C:\ti\tirtos_tivac_2_16_01_14\products\TivaWare_C_Series-2.1.1.71b\grlib\ccs\Debug\</path>
         <kind>archive</kind>
         <file>grlib.lib</file>
         <name>line.obj</name>
      </input_file>
      <input_file id="fl-ec">
         <path>C:\ti\tirtos_tivac_2_16_01_14\products\TivaWare_C_Series-2.1.1.71b\driverlib\ccs\Debug\</path>
         <kind>archive</kind>
         <file>driverlib.lib</file>
         <name>adc.obj</name>
      </input_file>
      <input_file id="fl-ed">
         <path>C:\ti\tirtos_tivac_2_16_01_14\products\TivaWare_C_Series-2.1.1.71b\driverlib\ccs\Debug\</path>
         <kind>archive</kind>
         <file>driverlib.lib</file>
         <name>fpu.obj</name>
      </input_file>
      <input_file id="fl-ee">
         <path>C:\ti\tirtos_tivac_2_16_01_14\products\TivaWare_C_Series-2.1.1.71b\driverlib\ccs\Debug\</path>
         <kind>archive</kind>
         <file>driverlib.lib</file>
         <name>gpio.obj</name>
      </input_file>
      <input_file id="fl-ef">
         <path>C:\ti\tirtos_tivac_2_16_01_14\products\TivaWare_C_Series-2.1.1.71b\driverlib\ccs\Debug\</path>
         <kind>archive</kind>
         <file>driverlib.lib</file>
         <name>interrupt.obj</name>
      </input_file>
      <input_file id="fl-f0">
         <path>C:\ti\tirtos_tivac_2_16_01_14\products\TivaWare_C_Series-2.1.1.71b\driverlib\ccs\Debug\</path>
         <kind>archive</kind>
         <file>driverlib.lib</file>
         <name>ssi.obj</name>
      </input_file>
      <input_file id="fl-f1">
         <path>C:\ti\tirtos_tivac_2_16_01_14\products\TivaWare_C_Series-2.1.1.71b\driverlib\ccs\Debug\</path>
         <kind>archive</kind>
         <file>driverlib.lib</file>
         <name>sysctl.obj</name>
      </input_file>
      <input_file id="fl-f2">
         <path>C:\ti\tirtos_tivac_2_16_01_14\products\TivaWare_C_Series-2.1.1.71b\driverlib\ccs\Debug\</path>
         <kind>archive</kind>
         <file>driverlib.lib</file>
         <name>timer.obj</name>
      </input_file>
      <input_file id="fl-f3">
         <path>C:\ti\tirtos_tivac_2_16_01_14\products\TivaWare_C_Series-2.1.1.71b\driverlib\ccs\Debug\</path>
         <kind>archive</kind>
         <file>driverlib.lib</file>
         <name>cpu.obj</name>
      </input_file>
   </input_file_list>
   <object_component_list>
      <object_component id="oc-12">
         <name>.intvecs</name>
         <load_address>0x0</load_address>
         <run_address>0x0</run_address>
         <size>0x208</size>
         <input_file_ref idref="fl-7"/>
      </object_component>
      <object_component id="oc-1bc">
         <name>.text:__TI_printfi</name>
         <load_address>0x208</load_address>
         <run_address>0x208</run_address>
         <size>0xa4e</size>
         <input_file_ref idref="fl-cb"/>
      </object_component>
      <object_component id="oc-3be">
         <name>.text</name>
         <load_address>0xc56</load_address>
         <run_address>0xc56</run_address>
         <size>0x2</size>
         <input_file_ref idref="fl-e4"/>
      </object_component>
      <object_component id="oc-e4">
         <name>.text</name>
         <load_address>0xc58</load_address>
         <run_address>0xc58</run_address>
         <size>0x3f0</size>
         <input_file_ref idref="fl-2"/>
      </object_component>
      <object_component id="oc-2a8">
         <name>.text:_pconv_a</name>
         <load_address>0x1048</load_address>
         <run_address>0x1048</run_address>
         <size>0x270</size>
         <input_file_ref idref="fl-cb"/>
      </object_component>
      <object_component id="oc-25f">
         <name>.text:GrFontGlyphRender</name>
         <load_address>0x12b8</load_address>
         <run_address>0x12b8</run_address>
         <size>0x256</size>
         <input_file_ref idref="fl-e8"/>
      </object_component>
      <object_component id="oc-db">
         <name>.text:SysCtlClockFreqSet</name>
         <load_address>0x1510</load_address>
         <run_address>0x1510</run_address>
         <size>0x204</size>
         <input_file_ref idref="fl-f1"/>
      </object_component>
      <object_component id="oc-296">
         <name>.text:_pconv_g</name>
         <load_address>0x1714</load_address>
         <run_address>0x1714</run_address>
         <size>0x1d0</size>
         <input_file_ref idref="fl-cb"/>
      </object_component>
      <object_component id="oc-34f">
         <name>.text</name>
         <load_address>0x18e4</load_address>
         <run_address>0x18e4</run_address>
         <size>0x1b6</size>
         <input_file_ref idref="fl-cc"/>
      </object_component>
      <object_component id="oc-21f">
         <name>.text:GPIOPinWrite</name>
         <load_address>0x1a9a</load_address>
         <run_address>0x1a9a</run_address>
         <size>0x6</size>
         <input_file_ref idref="fl-ee"/>
      </object_component>
      <object_component id="oc-184">
         <name>.text</name>
         <load_address>0x1aa0</load_address>
         <run_address>0x1aa0</run_address>
         <size>0x17e</size>
         <input_file_ref idref="fl-3"/>
      </object_component>
      <object_component id="oc-2a2">
         <name>.text:_pconv_e</name>
         <load_address>0x1c20</load_address>
         <run_address>0x1c20</run_address>
         <size>0x13c</size>
         <input_file_ref idref="fl-cb"/>
      </object_component>
      <object_component id="oc-335">
         <name>.text</name>
         <load_address>0x1d5c</load_address>
         <run_address>0x1d5c</run_address>
         <size>0x136</size>
         <input_file_ref idref="fl-ce"/>
      </object_component>
      <object_component id="oc-301">
         <name>.text:GPIOPadConfigSet</name>
         <load_address>0x1e92</load_address>
         <run_address>0x1e92</run_address>
         <size>0x130</size>
         <input_file_ref idref="fl-ee"/>
      </object_component>
      <object_component id="oc-361">
         <name>.text:fcvt</name>
         <load_address>0x1fc4</load_address>
         <run_address>0x1fc4</run_address>
         <size>0x124</size>
         <input_file_ref idref="fl-cb"/>
      </object_component>
      <object_component id="oc-375">
         <name>.text:scalbn</name>
         <load_address>0x20e8</load_address>
         <run_address>0x20e8</run_address>
         <size>0x110</size>
         <input_file_ref idref="fl-e3"/>
      </object_component>
      <object_component id="oc-330">
         <name>.text</name>
         <load_address>0x21f8</load_address>
         <run_address>0x21f8</run_address>
         <size>0xfc</size>
         <input_file_ref idref="fl-cf"/>
      </object_component>
      <object_component id="oc-95">
         <name>.text:_system_pre_init</name>
         <load_address>0x22f4</load_address>
         <run_address>0x22f4</run_address>
         <size>0x4</size>
         <input_file_ref idref="fl-d5"/>
      </object_component>
      <object_component id="oc-9b">
         <name>.text</name>
         <load_address>0x22f8</load_address>
         <run_address>0x22f8</run_address>
         <size>0xdc</size>
         <input_file_ref idref="fl-5"/>
      </object_component>
      <object_component id="oc-197">
         <name>.text:GrDefaultStringRenderer</name>
         <load_address>0x23d4</load_address>
         <run_address>0x23d4</run_address>
         <size>0xc4</size>
         <input_file_ref idref="fl-e8"/>
      </object_component>
      <object_component id="oc-28b">
         <name>.text:_ltostr</name>
         <load_address>0x2498</load_address>
         <run_address>0x2498</run_address>
         <size>0xb1</size>
         <input_file_ref idref="fl-cb"/>
      </object_component>
      <object_component id="oc-3b">
         <name>.text</name>
         <load_address>0x254a</load_address>
         <run_address>0x254a</run_address>
         <size>0x9c</size>
         <input_file_ref idref="fl-c5"/>
      </object_component>
      <object_component id="oc-329">
         <name>.text</name>
         <load_address>0x25e6</load_address>
         <run_address>0x25e6</run_address>
         <size>0x96</size>
         <input_file_ref idref="fl-d3"/>
      </object_component>
      <object_component id="oc-ff">
         <name>.text:GrRectFill</name>
         <load_address>0x267c</load_address>
         <run_address>0x267c</run_address>
         <size>0x86</size>
         <input_file_ref idref="fl-e7"/>
      </object_component>
      <object_component id="oc-291">
         <name>.text:__aeabi_cdcmple</name>
         <load_address>0x2702</load_address>
         <run_address>0x2702</run_address>
         <size>0x86</size>
         <input_file_ref idref="fl-cd"/>
      </object_component>
      <object_component id="oc-33a">
         <name>.text:__aeabi_cdrcmple</name>
         <load_address>0x2788</load_address>
         <run_address>0x2788</run_address>
         <size>0x86</size>
         <input_file_ref idref="fl-cd"/>
      </object_component>
      <object_component id="oc-8f">
         <name>.text</name>
         <load_address>0x280e</load_address>
         <run_address>0x280e</run_address>
         <size>0x7a</size>
         <input_file_ref idref="fl-d2"/>
      </object_component>
      <object_component id="oc-35a">
         <name>.text:_mcpy</name>
         <load_address>0x2888</load_address>
         <run_address>0x2888</run_address>
         <size>0x6e</size>
         <input_file_ref idref="fl-cb"/>
      </object_component>
      <object_component id="oc-ed">
         <name>.text:GrContextInit</name>
         <load_address>0x28f8</load_address>
         <run_address>0x28f8</run_address>
         <size>0x68</size>
         <input_file_ref idref="fl-e6"/>
      </object_component>
      <object_component id="oc-15">
         <name>.text:decompress:lzss:__TI_decompress_lzss</name>
         <load_address>0x2960</load_address>
         <run_address>0x2960</run_address>
         <size>0x68</size>
         <input_file_ref idref="fl-c8"/>
      </object_component>
      <object_component id="oc-36f">
         <name>.text:frexp</name>
         <load_address>0x29c8</load_address>
         <run_address>0x29c8</run_address>
         <size>0x64</size>
         <input_file_ref idref="fl-e2"/>
      </object_component>
      <object_component id="oc-311">
         <name>.text:FontWideGlyphDataGet</name>
         <load_address>0x2a2c</load_address>
         <run_address>0x2a2c</run_address>
         <size>0x5a</size>
         <input_file_ref idref="fl-e8"/>
      </object_component>
      <object_component id="oc-29c">
         <name>.text:_pconv_f</name>
         <load_address>0x2a86</load_address>
         <run_address>0x2a86</run_address>
         <size>0x56</size>
         <input_file_ref idref="fl-cb"/>
      </object_component>
      <object_component id="oc-344">
         <name>.text:__TI_ltoa</name>
         <load_address>0x2adc</load_address>
         <run_address>0x2adc</run_address>
         <size>0x54</size>
         <input_file_ref idref="fl-d9"/>
      </object_component>
      <object_component id="oc-354">
         <name>.text:_ecpy</name>
         <load_address>0x2b30</load_address>
         <run_address>0x2b30</run_address>
         <size>0x52</size>
         <input_file_ref idref="fl-cb"/>
      </object_component>
      <object_component id="oc-285">
         <name>.text:atoi</name>
         <load_address>0x2b84</load_address>
         <run_address>0x2b84</run_address>
         <size>0x4c</size>
         <input_file_ref idref="fl-db"/>
      </object_component>
      <object_component id="oc-105">
         <name>.text:snprintf</name>
         <load_address>0x2bd0</load_address>
         <run_address>0x2bd0</run_address>
         <size>0x4c</size>
         <input_file_ref idref="fl-c4"/>
      </object_component>
      <object_component id="oc-1aa">
         <name>.text:UpdateContextCharMapping</name>
         <load_address>0x2c1c</load_address>
         <run_address>0x2c1c</run_address>
         <size>0x4a</size>
         <input_file_ref idref="fl-e8"/>
      </object_component>
      <object_component id="oc-23d">
         <name>.text:GPIOPinConfigure</name>
         <load_address>0x2c68</load_address>
         <run_address>0x2c68</run_address>
         <size>0x48</size>
         <input_file_ref idref="fl-ee"/>
      </object_component>
      <object_component id="oc-166">
         <name>.text:_SysCtlFrequencyGet</name>
         <load_address>0x2cb0</load_address>
         <run_address>0x2cb0</run_address>
         <size>0x48</size>
         <input_file_ref idref="fl-f1"/>
      </object_component>
      <object_component id="oc-33f">
         <name>.text</name>
         <load_address>0x2cf8</load_address>
         <run_address>0x2cf8</run_address>
         <size>0x48</size>
         <input_file_ref idref="fl-d0"/>
      </object_component>
      <object_component id="oc-123">
         <name>.text:__TI_auto_init_nobinit_nopinit:__TI_auto_init_nobinit_nopinit</name>
         <load_address>0x2d40</load_address>
         <run_address>0x2d40</run_address>
         <size>0x44</size>
         <input_file_ref idref="fl-d4"/>
      </object_component>
      <object_component id="oc-367">
         <name>.text:_fcpy</name>
         <load_address>0x2d84</load_address>
         <run_address>0x2d84</run_address>
         <size>0x3e</size>
         <input_file_ref idref="fl-cb"/>
      </object_component>
      <object_component id="oc-22b">
         <name>.text:SSIConfigSetExpClk</name>
         <load_address>0x2dc2</load_address>
         <run_address>0x2dc2</run_address>
         <size>0x3c</size>
         <input_file_ref idref="fl-f0"/>
      </object_component>
      <object_component id="oc-317">
         <name>.text:FontGlyphDataGet</name>
         <load_address>0x2dfe</load_address>
         <run_address>0x2dfe</run_address>
         <size>0x3a</size>
         <input_file_ref idref="fl-e8"/>
      </object_component>
      <object_component id="oc-225">
         <name>.text:SysCtlPeripheralEnable</name>
         <load_address>0x2e38</load_address>
         <run_address>0x2e38</run_address>
         <size>0x34</size>
         <input_file_ref idref="fl-f1"/>
      </object_component>
      <object_component id="oc-59">
         <name>.text:_c_int00_noargs:_c_int00_noargs</name>
         <load_address>0x2e6c</load_address>
         <run_address>0x2e6c</run_address>
         <size>0x34</size>
         <input_file_ref idref="fl-c9"/>
      </object_component>
      <object_component id="oc-1c2">
         <name>.text:_outs</name>
         <load_address>0x2ea0</load_address>
         <run_address>0x2ea0</run_address>
         <size>0x30</size>
         <input_file_ref idref="fl-c4"/>
      </object_component>
      <object_component id="oc-253">
         <name>.text:GrStringNextCharGet</name>
         <load_address>0x2ed0</load_address>
         <run_address>0x2ed0</run_address>
         <size>0x2e</size>
         <input_file_ref idref="fl-e8"/>
      </object_component>
      <object_component id="oc-34a">
         <name>.text</name>
         <load_address>0x2efe</load_address>
         <run_address>0x2efe</run_address>
         <size>0x2e</size>
         <input_file_ref idref="fl-d1"/>
      </object_component>
      <object_component id="oc-2fb">
         <name>.text:GPIODirModeSet</name>
         <load_address>0x2f2c</load_address>
         <run_address>0x2f2c</run_address>
         <size>0x2a</size>
         <input_file_ref idref="fl-ee"/>
      </object_component>
      <object_component id="oc-24d">
         <name>.text:GrFontInfoGet</name>
         <load_address>0x2f56</load_address>
         <run_address>0x2f56</run_address>
         <size>0x26</size>
         <input_file_ref idref="fl-e8"/>
      </object_component>
      <object_component id="oc-259">
         <name>.text:GrFontGlyphDataGet</name>
         <load_address>0x2f7c</load_address>
         <run_address>0x2f7c</run_address>
         <size>0x22</size>
         <input_file_ref idref="fl-e8"/>
      </object_component>
      <object_component id="oc-274">
         <name>.text:GrFontCodepageGet</name>
         <load_address>0x2f9e</load_address>
         <run_address>0x2f9e</run_address>
         <size>0x1e</size>
         <input_file_ref idref="fl-e8"/>
      </object_component>
      <object_component id="oc-160">
         <name>.text:_SysCtlMemTimingGet</name>
         <load_address>0x2fbc</load_address>
         <run_address>0x2fbc</run_address>
         <size>0x1c</size>
         <input_file_ref idref="fl-f1"/>
      </object_component>
      <object_component id="oc-47">
         <name>.text:decompress:ZI:__TI_zero_init_nomemset:__TI_zero_init_nomemset</name>
         <load_address>0x2fd8</load_address>
         <run_address>0x2fd8</run_address>
         <size>0x1c</size>
         <input_file_ref idref="fl-c6"/>
      </object_component>
      <object_component id="oc-2ae">
         <name>.text:memccpy</name>
         <load_address>0x2ff4</load_address>
         <run_address>0x2ff4</run_address>
         <size>0x1c</size>
         <input_file_ref idref="fl-dd"/>
      </object_component>
      <object_component id="oc-3d7">
         <name>.text:copysign</name>
         <load_address>0x3010</load_address>
         <run_address>0x3010</run_address>
         <size>0x1a</size>
         <input_file_ref idref="fl-e5"/>
      </object_component>
      <object_component id="oc-f6">
         <name>.text:GrContextFontSet</name>
         <load_address>0x302a</load_address>
         <run_address>0x302a</run_address>
         <size>0x6</size>
         <input_file_ref idref="fl-e8"/>
      </object_component>
      <object_component id="oc-27">
         <name>.text</name>
         <load_address>0x3030</load_address>
         <run_address>0x3030</run_address>
         <size>0x1a</size>
         <input_file_ref idref="fl-7"/>
      </object_component>
      <object_component id="oc-243">
         <name>.text:GPIOPinTypeGPIOOutput</name>
         <load_address>0x304a</load_address>
         <run_address>0x304a</run_address>
         <size>0x18</size>
         <input_file_ref idref="fl-ee"/>
      </object_component>
      <object_component id="oc-1c8">
         <name>.text:_outc</name>
         <load_address>0x3062</load_address>
         <run_address>0x3062</run_address>
         <size>0x18</size>
         <input_file_ref idref="fl-c4"/>
      </object_component>
      <object_component id="oc-10b">
         <name>.text:GrStringDraw</name>
         <load_address>0x307a</load_address>
         <run_address>0x307a</run_address>
         <size>0x16</size>
         <input_file_ref idref="fl-e8"/>
      </object_component>
      <object_component id="oc-37b">
         <name>.text:strchr</name>
         <load_address>0x3090</load_address>
         <run_address>0x3090</run_address>
         <size>0x16</size>
         <input_file_ref idref="fl-de"/>
      </object_component>
      <object_component id="oc-27f">
         <name>.text:strlen</name>
         <load_address>0x30a6</load_address>
         <run_address>0x30a6</run_address>
         <size>0x14</size>
         <input_file_ref idref="fl-df"/>
      </object_component>
      <object_component id="oc-237">
         <name>.text:GPIOPinTypeSSI</name>
         <load_address>0x30ba</load_address>
         <run_address>0x30ba</run_address>
         <size>0x12</size>
         <input_file_ref idref="fl-ee"/>
      </object_component>
      <object_component id="oc-2b4">
         <name>.text:wcslen</name>
         <load_address>0x30cc</load_address>
         <run_address>0x30cc</run_address>
         <size>0x12</size>
         <input_file_ref idref="fl-e1"/>
      </object_component>
      <object_component id="oc-cf">
         <name>.text:FPUEnable</name>
         <load_address>0x30e0</load_address>
         <run_address>0x30e0</run_address>
         <size>0x10</size>
         <input_file_ref idref="fl-ed"/>
      </object_component>
      <object_component id="oc-d5">
         <name>.text:FPULazyStackingEnable</name>
         <load_address>0x30f0</load_address>
         <run_address>0x30f0</run_address>
         <size>0x10</size>
         <input_file_ref idref="fl-ed"/>
      </object_component>
      <object_component id="oc-c9">
         <name>.text:IntMasterDisable</name>
         <load_address>0x3100</load_address>
         <run_address>0x3100</run_address>
         <size>0x10</size>
         <input_file_ref idref="fl-ef"/>
      </object_component>
      <object_component id="oc-1b">
         <name>.text:decompress:none:__TI_decompress_none</name>
         <load_address>0x3110</load_address>
         <run_address>0x3110</run_address>
         <size>0xe</size>
         <input_file_ref idref="fl-c7"/>
      </object_component>
      <object_component id="oc-157">
         <name>.text:CPUcpsid</name>
         <load_address>0x311e</load_address>
         <run_address>0x311e</run_address>
         <size>0xc</size>
         <input_file_ref idref="fl-f3"/>
      </object_component>
      <object_component id="oc-213">
         <name>.text:SSIDataPut</name>
         <load_address>0x312a</load_address>
         <run_address>0x312a</run_address>
         <size>0xa</size>
         <input_file_ref idref="fl-f0"/>
      </object_component>
      <object_component id="oc-231">
         <name>.text:SSIEnable</name>
         <load_address>0x3134</load_address>
         <run_address>0x3134</run_address>
         <size>0xa</size>
         <input_file_ref idref="fl-f0"/>
      </object_component>
      <object_component id="oc-266">
         <name>.text:GrMapISO8859_1_Unicode</name>
         <load_address>0x313e</load_address>
         <run_address>0x313e</run_address>
         <size>0x8</size>
         <input_file_ref idref="fl-ea"/>
      </object_component>
      <object_component id="oc-219">
         <name>.text:SSIBusy</name>
         <load_address>0x3146</load_address>
         <run_address>0x3146</run_address>
         <size>0x8</size>
         <input_file_ref idref="fl-f0"/>
      </object_component>
      <object_component id="oc-2ba">
         <name>.text:__aeabi_errno_addr</name>
         <load_address>0x3150</load_address>
         <run_address>0x3150</run_address>
         <size>0x8</size>
         <input_file_ref idref="fl-e0"/>
      </object_component>
      <object_component id="oc-18d">
         <name>.text:SysCtlDelay</name>
         <load_address>0x3158</load_address>
         <run_address>0x3158</run_address>
         <size>0x6</size>
         <input_file_ref idref="fl-f1"/>
      </object_component>
      <object_component id="oc-117">
         <name>.text:abort:abort</name>
         <load_address>0x315e</load_address>
         <run_address>0x315e</run_address>
         <size>0x4</size>
         <input_file_ref idref="fl-d7"/>
      </object_component>
      <object_component id="oc-1a4">
         <name>.const:.string:g_pui8FontFixed6x8Data</name>
         <load_address>0x3164</load_address>
         <run_address>0x3164</run_address>
         <size>0x2f8</size>
         <input_file_ref idref="fl-e9"/>
      </object_component>
      <object_component id="oc-16f">
         <name>.const:g_pppui32XTALtoVCO</name>
         <load_address>0x345c</load_address>
         <run_address>0x345c</run_address>
         <size>0x120</size>
         <input_file_ref idref="fl-f1"/>
      </object_component>
      <object_component id="oc-324">
         <name>.const:.string:_ctypes_</name>
         <load_address>0x357c</load_address>
         <run_address>0x357c</run_address>
         <size>0x101</size>
         <input_file_ref idref="fl-dc"/>
      </object_component>
      <object_component id="oc-f3">
         <name>.const:g_sFontFixed6x8</name>
         <load_address>0x3680</load_address>
         <run_address>0x3680</run_address>
         <size>0xc8</size>
         <input_file_ref idref="fl-e9"/>
      </object_component>
      <object_component id="oc-308">
         <name>.const:g_pui32GPIOBaseAddrs</name>
         <load_address>0x3748</load_address>
         <run_address>0x3748</run_address>
         <size>0x90</size>
         <input_file_ref idref="fl-ee"/>
      </object_component>
      <object_component id="oc-16c">
         <name>.const:g_pui32Xtals</name>
         <load_address>0x37d8</load_address>
         <run_address>0x37d8</run_address>
         <size>0x6c</size>
         <input_file_ref idref="fl-f1"/>
      </object_component>
      <object_component id="oc-201">
         <name>.const:g_sXTALtoMEMTIM</name>
         <load_address>0x3844</load_address>
         <run_address>0x3844</run_address>
         <size>0x30</size>
         <input_file_ref idref="fl-f1"/>
      </object_component>
      <object_component id="oc-ea">
         <name>.const:g_sCrystalfontz128x128</name>
         <load_address>0x3874</load_address>
         <run_address>0x3874</run_address>
         <size>0x28</size>
         <input_file_ref idref="fl-2"/>
      </object_component>
      <object_component id="oc-19d">
         <name>.const</name>
         <load_address>0x389c</load_address>
         <run_address>0x389c</run_address>
         <size>0x10</size>
         <input_file_ref idref="fl-e6"/>
      </object_component>
      <object_component id="oc-172">
         <name>.const</name>
         <load_address>0x38ac</load_address>
         <run_address>0x38ac</run_address>
         <size>0x8</size>
         <input_file_ref idref="fl-f1"/>
      </object_component>
      <object_component id="oc-42f">
         <name>.cinit..data.load</name>
         <load_address>0x38b8</load_address>
         <run_address>0x38b8</run_address>
         <size>0xd</size>
      </object_component>
      <object_component id="oc-42d">
         <name>__TI_handler_table</name>
         <load_address>0x38c8</load_address>
         <run_address>0x38c8</run_address>
         <size>0xc</size>
      </object_component>
      <object_component id="oc-430">
         <name>.cinit..bss.load</name>
         <load_address>0x38d8</load_address>
         <run_address>0x38d8</run_address>
         <size>0x8</size>
      </object_component>
      <object_component id="oc-42e">
         <name>__TI_cinit_table</name>
         <load_address>0x38e0</load_address>
         <run_address>0x38e0</run_address>
         <size>0x10</size>
      </object_component>
      <object_component id="oc-18a">
         <name>.data:Lcd_buffer</name>
         <load_address>0x20000000</load_address>
         <run_address>0x20000000</run_address>
         <size>0x8000</size>
         <input_file_ref idref="fl-2"/>
      </object_component>
      <object_component id="oc-fc">
         <name>.data</name>
         <load_address>0x20008000</load_address>
         <run_address>0x20008000</run_address>
         <size>0x4</size>
         <input_file_ref idref="fl-5"/>
      </object_component>
      <object_component id="oc-38b">
         <name>.data</name>
         <load_address>0x20008004</load_address>
         <run_address>0x20008004</run_address>
         <size>0x4</size>
         <input_file_ref idref="fl-e0"/>
      </object_component>
      <object_component id="oc-183">
         <name>.common:Lcd_Orientation</name>
         <uninitialized>true</uninitialized>
         <run_address>0x20008818</run_address>
         <size>0x1</size>
      </object_component>
      <object_component id="oc-18f">
         <name>.common:Lcd_ScreenWidth</name>
         <uninitialized>true</uninitialized>
         <run_address>0x20008812</run_address>
         <size>0x2</size>
      </object_component>
      <object_component id="oc-18e">
         <name>.common:Lcd_ScreenHeigth</name>
         <uninitialized>true</uninitialized>
         <run_address>0x20008810</run_address>
         <size>0x2</size>
      </object_component>
      <object_component id="oc-190">
         <name>.common:Lcd_PenSolid</name>
         <uninitialized>true</uninitialized>
         <run_address>0x20008819</run_address>
         <size>0x1</size>
      </object_component>
      <object_component id="oc-191">
         <name>.common:Lcd_FontSolid</name>
         <uninitialized>true</uninitialized>
         <run_address>0x20008817</run_address>
         <size>0x1</size>
      </object_component>
      <object_component id="oc-192">
         <name>.common:Lcd_FlagRead</name>
         <uninitialized>true</uninitialized>
         <run_address>0x20008816</run_address>
         <size>0x1</size>
      </object_component>
      <object_component id="oc-193">
         <name>.common:Lcd_TouchTrim</name>
         <uninitialized>true</uninitialized>
         <run_address>0x20008814</run_address>
         <size>0x2</size>
      </object_component>
      <object_component id="oc-e1">
         <name>.common:gSystemClock</name>
         <uninitialized>true</uninitialized>
         <run_address>0x20008808</run_address>
         <size>0x4</size>
      </object_component>
      <object_component id="oc-1a0">
         <name>.common:g_psGrLibDefaults</name>
         <uninitialized>true</uninitialized>
         <run_address>0x2000880c</run_address>
         <size>0x4</size>
      </object_component>
      <object_component id="oc-24">
         <name>.stack</name>
         <uninitialized>true</uninitialized>
         <run_address>0x20008008</run_address>
         <size>0x4</size>
         <input_file_ref idref="fl-c9"/>
      </object_component>
      <object_component id="oc-432">
         <name>.stack</name>
         <uninitialized>true</uninitialized>
         <run_address>0x20008008</run_address>
         <size>0x0</size>
      </object_component>
      <object_component id="oc-b7">
         <name>.debug_info</name>
         <load_address>0x0</load_address>
         <run_address>0x0</run_address>
         <size>0x6e8</size>
         <input_file_ref idref="fl-2"/>
      </object_component>
      <object_component id="oc-18b">
         <name>.debug_info</name>
         <load_address>0x6e8</load_address>
         <run_address>0x6e8</run_address>
         <size>0xee</size>
         <input_file_ref idref="fl-2"/>
      </object_component>
      <object_component id="oc-eb">
         <name>.debug_info</name>
         <load_address>0x7d6</load_address>
         <run_address>0x7d6</run_address>
         <size>0x107</size>
         <input_file_ref idref="fl-2"/>
      </object_component>
      <object_component id="oc-e6">
         <name>.debug_info</name>
         <load_address>0x8dd</load_address>
         <run_address>0x8dd</run_address>
         <size>0x10e3</size>
         <input_file_ref idref="fl-2"/>
      </object_component>
      <object_component id="oc-112">
         <name>.debug_info</name>
         <load_address>0x19c0</load_address>
         <run_address>0x19c0</run_address>
         <size>0x6bd</size>
         <input_file_ref idref="fl-2"/>
      </object_component>
      <object_component id="oc-70">
         <name>.debug_info</name>
         <load_address>0x207d</load_address>
         <run_address>0x207d</run_address>
         <size>0x26b</size>
         <input_file_ref idref="fl-2"/>
      </object_component>
      <object_component id="oc-b2">
         <name>.debug_info</name>
         <load_address>0x22e8</load_address>
         <run_address>0x22e8</run_address>
         <size>0x8b</size>
         <input_file_ref idref="fl-2"/>
      </object_component>
      <object_component id="oc-ad">
         <name>.debug_info</name>
         <load_address>0x2373</load_address>
         <run_address>0x2373</run_address>
         <size>0x2a4</size>
         <input_file_ref idref="fl-2"/>
      </object_component>
      <object_component id="oc-75">
         <name>.debug_info</name>
         <load_address>0x2617</load_address>
         <run_address>0x2617</run_address>
         <size>0xbb</size>
         <input_file_ref idref="fl-2"/>
      </object_component>
      <object_component id="oc-24a">
         <name>.debug_info</name>
         <load_address>0x26d2</load_address>
         <run_address>0x26d2</run_address>
         <size>0x6a8</size>
         <input_file_ref idref="fl-3"/>
      </object_component>
      <object_component id="oc-185">
         <name>.debug_info</name>
         <load_address>0x2d7a</load_address>
         <run_address>0x2d7a</run_address>
         <size>0x608</size>
         <input_file_ref idref="fl-3"/>
      </object_component>
      <object_component id="oc-e2">
         <name>.debug_info</name>
         <load_address>0x3382</load_address>
         <run_address>0x3382</run_address>
         <size>0x793</size>
         <input_file_ref idref="fl-5"/>
      </object_component>
      <object_component id="oc-fd">
         <name>.debug_info</name>
         <load_address>0x3b15</load_address>
         <run_address>0x3b15</run_address>
         <size>0xce</size>
         <input_file_ref idref="fl-5"/>
      </object_component>
      <object_component id="oc-9d">
         <name>.debug_info</name>
         <load_address>0x3be3</load_address>
         <run_address>0x3be3</run_address>
         <size>0x26c</size>
         <input_file_ref idref="fl-5"/>
      </object_component>
      <object_component id="oc-17e">
         <name>.debug_info</name>
         <load_address>0x3e4f</load_address>
         <run_address>0x3e4f</run_address>
         <size>0xcc</size>
         <input_file_ref idref="fl-5"/>
      </object_component>
      <object_component id="oc-1da">
         <name>.debug_info</name>
         <load_address>0x3f1b</load_address>
         <run_address>0x3f1b</run_address>
         <size>0x2c</size>
         <input_file_ref idref="fl-5"/>
      </object_component>
      <object_component id="oc-36">
         <name>.debug_info</name>
         <load_address>0x3f47</load_address>
         <run_address>0x3f47</run_address>
         <size>0x84</size>
         <input_file_ref idref="fl-6"/>
      </object_component>
      <object_component id="oc-2f">
         <name>.debug_info</name>
         <load_address>0x3fcb</load_address>
         <run_address>0x3fcb</run_address>
         <size>0x2b2</size>
         <input_file_ref idref="fl-7"/>
      </object_component>
      <object_component id="oc-13">
         <name>.debug_info</name>
         <load_address>0x427d</load_address>
         <run_address>0x427d</run_address>
         <size>0xf1</size>
         <input_file_ref idref="fl-7"/>
      </object_component>
      <object_component id="oc-28">
         <name>.debug_info</name>
         <load_address>0x436e</load_address>
         <run_address>0x436e</run_address>
         <size>0x270</size>
         <input_file_ref idref="fl-7"/>
      </object_component>
      <object_component id="oc-1cf">
         <name>.debug_info</name>
         <load_address>0x45de</load_address>
         <run_address>0x45de</run_address>
         <size>0x33a</size>
         <input_file_ref idref="fl-c4"/>
      </object_component>
      <object_component id="oc-109">
         <name>.debug_info</name>
         <load_address>0x4918</load_address>
         <run_address>0x4918</run_address>
         <size>0x1ee</size>
         <input_file_ref idref="fl-c4"/>
      </object_component>
      <object_component id="oc-1c3">
         <name>.debug_info</name>
         <load_address>0x4b06</load_address>
         <run_address>0x4b06</run_address>
         <size>0x1c3</size>
         <input_file_ref idref="fl-c4"/>
      </object_component>
      <object_component id="oc-1ca">
         <name>.debug_info</name>
         <load_address>0x4cc9</load_address>
         <run_address>0x4cc9</run_address>
         <size>0x176</size>
         <input_file_ref idref="fl-c4"/>
      </object_component>
      <object_component id="oc-1d0">
         <name>.debug_info</name>
         <load_address>0x4e3f</load_address>
         <run_address>0x4e3f</run_address>
         <size>0x2c</size>
         <input_file_ref idref="fl-c4"/>
      </object_component>
      <object_component id="oc-1d5">
         <name>.debug_info</name>
         <load_address>0x4e6b</load_address>
         <run_address>0x4e6b</run_address>
         <size>0x69</size>
         <input_file_ref idref="fl-c4"/>
      </object_component>
      <object_component id="oc-3c">
         <name>.debug_info</name>
         <load_address>0x4ed4</load_address>
         <run_address>0x4ed4</run_address>
         <size>0x119</size>
         <input_file_ref idref="fl-c5"/>
      </object_component>
      <object_component id="oc-8e">
         <name>.debug_info</name>
         <load_address>0x4fed</load_address>
         <run_address>0x4fed</run_address>
         <size>0x2d4</size>
         <input_file_ref idref="fl-c6"/>
      </object_component>
      <object_component id="oc-49">
         <name>.debug_info</name>
         <load_address>0x52c1</load_address>
         <run_address>0x52c1</run_address>
         <size>0x1d2</size>
         <input_file_ref idref="fl-c6"/>
      </object_component>
      <object_component id="oc-89">
         <name>.debug_info</name>
         <load_address>0x5493</load_address>
         <run_address>0x5493</run_address>
         <size>0x46</size>
         <input_file_ref idref="fl-c6"/>
      </object_component>
      <object_component id="oc-c0">
         <name>.debug_info</name>
         <load_address>0x54d9</load_address>
         <run_address>0x54d9</run_address>
         <size>0x2c</size>
         <input_file_ref idref="fl-c6"/>
      </object_component>
      <object_component id="oc-46">
         <name>.debug_info</name>
         <load_address>0x5505</load_address>
         <run_address>0x5505</run_address>
         <size>0x2a8</size>
         <input_file_ref idref="fl-c7"/>
      </object_component>
      <object_component id="oc-1d">
         <name>.debug_info</name>
         <load_address>0x57ad</load_address>
         <run_address>0x57ad</run_address>
         <size>0x1ea</size>
         <input_file_ref idref="fl-c7"/>
      </object_component>
      <object_component id="oc-41">
         <name>.debug_info</name>
         <load_address>0x5997</load_address>
         <run_address>0x5997</run_address>
         <size>0x46</size>
         <input_file_ref idref="fl-c7"/>
      </object_component>
      <object_component id="oc-81">
         <name>.debug_info</name>
         <load_address>0x59dd</load_address>
         <run_address>0x59dd</run_address>
         <size>0x2c</size>
         <input_file_ref idref="fl-c7"/>
      </object_component>
      <object_component id="oc-7f">
         <name>.debug_info</name>
         <load_address>0x5a09</load_address>
         <run_address>0x5a09</run_address>
         <size>0x29e</size>
         <input_file_ref idref="fl-c8"/>
      </object_component>
      <object_component id="oc-16">
         <name>.debug_info</name>
         <load_address>0x5ca7</load_address>
         <run_address>0x5ca7</run_address>
         <size>0x250</size>
         <input_file_ref idref="fl-c8"/>
      </object_component>
      <object_component id="oc-31">
         <name>.debug_info</name>
         <load_address>0x5ef7</load_address>
         <run_address>0x5ef7</run_address>
         <size>0x60</size>
         <input_file_ref idref="fl-c8"/>
      </object_component>
      <object_component id="oc-b9">
         <name>.debug_info</name>
         <load_address>0x5f57</load_address>
         <run_address>0x5f57</run_address>
         <size>0x46</size>
         <input_file_ref idref="fl-c8"/>
      </object_component>
      <object_component id="oc-7a">
         <name>.debug_info</name>
         <load_address>0x5f9d</load_address>
         <run_address>0x5f9d</run_address>
         <size>0x39</size>
         <input_file_ref idref="fl-c8"/>
      </object_component>
      <object_component id="oc-25">
         <name>.debug_info</name>
         <load_address>0x5fd6</load_address>
         <run_address>0x5fd6</run_address>
         <size>0x10b</size>
         <input_file_ref idref="fl-c9"/>
      </object_component>
      <object_component id="oc-5a">
         <name>.debug_info</name>
         <load_address>0x60e1</load_address>
         <run_address>0x60e1</run_address>
         <size>0x1a9</size>
         <input_file_ref idref="fl-c9"/>
      </object_component>
      <object_component id="oc-2c1">
         <name>.debug_info</name>
         <load_address>0x628a</load_address>
         <run_address>0x628a</run_address>
         <size>0x590</size>
         <input_file_ref idref="fl-cb"/>
      </object_component>
      <object_component id="oc-28d">
         <name>.debug_info</name>
         <load_address>0x681a</load_address>
         <run_address>0x681a</run_address>
         <size>0x21e</size>
         <input_file_ref idref="fl-cb"/>
      </object_component>
      <object_component id="oc-357">
         <name>.debug_info</name>
         <load_address>0x6a38</load_address>
         <run_address>0x6a38</run_address>
         <size>0x1b3</size>
         <input_file_ref idref="fl-cb"/>
      </object_component>
      <object_component id="oc-35d">
         <name>.debug_info</name>
         <load_address>0x6beb</load_address>
         <run_address>0x6beb</run_address>
         <size>0x21b</size>
         <input_file_ref idref="fl-cb"/>
      </object_component>
      <object_component id="oc-299">
         <name>.debug_info</name>
         <load_address>0x6e06</load_address>
         <run_address>0x6e06</run_address>
         <size>0x3c0</size>
         <input_file_ref idref="fl-cb"/>
      </object_component>
      <object_component id="oc-363">
         <name>.debug_info</name>
         <load_address>0x71c6</load_address>
         <run_address>0x71c6</run_address>
         <size>0x30a</size>
         <input_file_ref idref="fl-cb"/>
      </object_component>
      <object_component id="oc-36a">
         <name>.debug_info</name>
         <load_address>0x74d0</load_address>
         <run_address>0x74d0</run_address>
         <size>0x215</size>
         <input_file_ref idref="fl-cb"/>
      </object_component>
      <object_component id="oc-29f">
         <name>.debug_info</name>
         <load_address>0x76e5</load_address>
         <run_address>0x76e5</run_address>
         <size>0x215</size>
         <input_file_ref idref="fl-cb"/>
      </object_component>
      <object_component id="oc-2a5">
         <name>.debug_info</name>
         <load_address>0x78fa</load_address>
         <run_address>0x78fa</run_address>
         <size>0x304</size>
         <input_file_ref idref="fl-cb"/>
      </object_component>
      <object_component id="oc-2ab">
         <name>.debug_info</name>
         <load_address>0x7bfe</load_address>
         <run_address>0x7bfe</run_address>
         <size>0x4b5</size>
         <input_file_ref idref="fl-cb"/>
      </object_component>
      <object_component id="oc-1be">
         <name>.debug_info</name>
         <load_address>0x80b3</load_address>
         <run_address>0x80b3</run_address>
         <size>0x5f4</size>
         <input_file_ref idref="fl-cb"/>
      </object_component>
      <object_component id="oc-2c2">
         <name>.debug_info</name>
         <load_address>0x86a7</load_address>
         <run_address>0x86a7</run_address>
         <size>0x86</size>
         <input_file_ref idref="fl-cb"/>
      </object_component>
      <object_component id="oc-392">
         <name>.debug_info</name>
         <load_address>0x872d</load_address>
         <run_address>0x872d</run_address>
         <size>0x39</size>
         <input_file_ref idref="fl-cb"/>
      </object_component>
      <object_component id="oc-3ee">
         <name>.debug_info</name>
         <load_address>0x8766</load_address>
         <run_address>0x8766</run_address>
         <size>0xb6</size>
         <input_file_ref idref="fl-cb"/>
      </object_component>
      <object_component id="oc-397">
         <name>.debug_info</name>
         <load_address>0x881c</load_address>
         <run_address>0x881c</run_address>
         <size>0x46</size>
         <input_file_ref idref="fl-cb"/>
      </object_component>
      <object_component id="oc-2c7">
         <name>.debug_info</name>
         <load_address>0x8862</load_address>
         <run_address>0x8862</run_address>
         <size>0x46</size>
         <input_file_ref idref="fl-cb"/>
      </object_component>
      <object_component id="oc-352">
         <name>.debug_info</name>
         <load_address>0x88a8</load_address>
         <run_address>0x88a8</run_address>
         <size>0x14c</size>
         <input_file_ref idref="fl-cc"/>
      </object_component>
      <object_component id="oc-292">
         <name>.debug_info</name>
         <load_address>0x89f4</load_address>
         <run_address>0x89f4</run_address>
         <size>0x128</size>
         <input_file_ref idref="fl-cd"/>
      </object_component>
      <object_component id="oc-33c">
         <name>.debug_info</name>
         <load_address>0x8b1c</load_address>
         <run_address>0x8b1c</run_address>
         <size>0x12a</size>
         <input_file_ref idref="fl-cd"/>
      </object_component>
      <object_component id="oc-338">
         <name>.debug_info</name>
         <load_address>0x8c46</load_address>
         <run_address>0x8c46</run_address>
         <size>0x13a</size>
         <input_file_ref idref="fl-ce"/>
      </object_component>
      <object_component id="oc-333">
         <name>.debug_info</name>
         <load_address>0x8d80</load_address>
         <run_address>0x8d80</run_address>
         <size>0x13a</size>
         <input_file_ref idref="fl-cf"/>
      </object_component>
      <object_component id="oc-341">
         <name>.debug_info</name>
         <load_address>0x8eba</load_address>
         <run_address>0x8eba</run_address>
         <size>0x12e</size>
         <input_file_ref idref="fl-d0"/>
      </object_component>
      <object_component id="oc-34d">
         <name>.debug_info</name>
         <load_address>0x8fe8</load_address>
         <run_address>0x8fe8</run_address>
         <size>0x12c</size>
         <input_file_ref idref="fl-d1"/>
      </object_component>
      <object_component id="oc-91">
         <name>.debug_info</name>
         <load_address>0x9114</load_address>
         <run_address>0x9114</run_address>
         <size>0x147</size>
         <input_file_ref idref="fl-d2"/>
      </object_component>
      <object_component id="oc-32c">
         <name>.debug_info</name>
         <load_address>0x925b</load_address>
         <run_address>0x925b</run_address>
         <size>0x134</size>
         <input_file_ref idref="fl-d3"/>
      </object_component>
      <object_component id="oc-1eb">
         <name>.debug_info</name>
         <load_address>0x938f</load_address>
         <run_address>0x938f</run_address>
         <size>0x4b3</size>
         <input_file_ref idref="fl-d4"/>
      </object_component>
      <object_component id="oc-127">
         <name>.debug_info</name>
         <load_address>0x9842</load_address>
         <run_address>0x9842</run_address>
         <size>0x1a6</size>
         <input_file_ref idref="fl-d4"/>
      </object_component>
      <object_component id="oc-2e0">
         <name>.debug_info</name>
         <load_address>0x99e8</load_address>
         <run_address>0x99e8</run_address>
         <size>0x39</size>
         <input_file_ref idref="fl-d4"/>
      </object_component>
      <object_component id="oc-39f">
         <name>.debug_info</name>
         <load_address>0x9a21</load_address>
         <run_address>0x9a21</run_address>
         <size>0x39</size>
         <input_file_ref idref="fl-d4"/>
      </object_component>
      <object_component id="oc-2e5">
         <name>.debug_info</name>
         <load_address>0x9a5a</load_address>
         <run_address>0x9a5a</run_address>
         <size>0x39</size>
         <input_file_ref idref="fl-d4"/>
      </object_component>
      <object_component id="oc-2ea">
         <name>.debug_info</name>
         <load_address>0x9a93</load_address>
         <run_address>0x9a93</run_address>
         <size>0xcd</size>
         <input_file_ref idref="fl-d4"/>
      </object_component>
      <object_component id="oc-96">
         <name>.debug_info</name>
         <load_address>0x9b60</load_address>
         <run_address>0x9b60</run_address>
         <size>0x153</size>
         <input_file_ref idref="fl-d5"/>
      </object_component>
      <object_component id="oc-118">
         <name>.debug_info</name>
         <load_address>0x9cb3</load_address>
         <run_address>0x9cb3</run_address>
         <size>0x122</size>
         <input_file_ref idref="fl-d7"/>
      </object_component>
      <object_component id="oc-3c9">
         <name>.debug_info</name>
         <load_address>0x9dd5</load_address>
         <run_address>0x9dd5</run_address>
         <size>0x29c</size>
         <input_file_ref idref="fl-d9"/>
      </object_component>
      <object_component id="oc-345">
         <name>.debug_info</name>
         <load_address>0xa071</load_address>
         <run_address>0xa071</run_address>
         <size>0x1da</size>
         <input_file_ref idref="fl-d9"/>
      </object_component>
      <object_component id="oc-328">
         <name>.debug_info</name>
         <load_address>0xa24b</load_address>
         <run_address>0xa24b</run_address>
         <size>0x2b9</size>
         <input_file_ref idref="fl-db"/>
      </object_component>
      <object_component id="oc-287">
         <name>.debug_info</name>
         <load_address>0xa504</load_address>
         <run_address>0xa504</run_address>
         <size>0x17c</size>
         <input_file_ref idref="fl-db"/>
      </object_component>
      <object_component id="oc-3bb">
         <name>.debug_info</name>
         <load_address>0xa680</load_address>
         <run_address>0xa680</run_address>
         <size>0xf9</size>
         <input_file_ref idref="fl-dc"/>
      </object_component>
      <object_component id="oc-325">
         <name>.debug_info</name>
         <load_address>0xa779</load_address>
         <run_address>0xa779</run_address>
         <size>0x105</size>
         <input_file_ref idref="fl-dc"/>
      </object_component>
      <object_component id="oc-383">
         <name>.debug_info</name>
         <load_address>0xa87e</load_address>
         <run_address>0xa87e</run_address>
         <size>0x2a7</size>
         <input_file_ref idref="fl-dd"/>
      </object_component>
      <object_component id="oc-2b0">
         <name>.debug_info</name>
         <load_address>0xab25</load_address>
         <run_address>0xab25</run_address>
         <size>0x1b8</size>
         <input_file_ref idref="fl-dd"/>
      </object_component>
      <object_component id="oc-3e0">
         <name>.debug_info</name>
         <load_address>0xacdd</load_address>
         <run_address>0xacdd</run_address>
         <size>0x29a</size>
         <input_file_ref idref="fl-de"/>
      </object_component>
      <object_component id="oc-37c">
         <name>.debug_info</name>
         <load_address>0xaf77</load_address>
         <run_address>0xaf77</run_address>
         <size>0x262</size>
         <input_file_ref idref="fl-de"/>
      </object_component>
      <object_component id="oc-323">
         <name>.debug_info</name>
         <load_address>0xb1d9</load_address>
         <run_address>0xb1d9</run_address>
         <size>0x28f</size>
         <input_file_ref idref="fl-df"/>
      </object_component>
      <object_component id="oc-280">
         <name>.debug_info</name>
         <load_address>0xb468</load_address>
         <run_address>0xb468</run_address>
         <size>0x245</size>
         <input_file_ref idref="fl-df"/>
      </object_component>
      <object_component id="oc-38f">
         <name>.debug_info</name>
         <load_address>0xb6ad</load_address>
         <run_address>0xb6ad</run_address>
         <size>0x289</size>
         <input_file_ref idref="fl-e0"/>
      </object_component>
      <object_component id="oc-38c">
         <name>.debug_info</name>
         <load_address>0xb936</load_address>
         <run_address>0xb936</run_address>
         <size>0x10e</size>
         <input_file_ref idref="fl-e0"/>
      </object_component>
      <object_component id="oc-2bd">
         <name>.debug_info</name>
         <load_address>0xba44</load_address>
         <run_address>0xba44</run_address>
         <size>0x14e</size>
         <input_file_ref idref="fl-e0"/>
      </object_component>
      <object_component id="oc-38a">
         <name>.debug_info</name>
         <load_address>0xbb92</load_address>
         <run_address>0xbb92</run_address>
         <size>0x28f</size>
         <input_file_ref idref="fl-e1"/>
      </object_component>
      <object_component id="oc-2b7">
         <name>.debug_info</name>
         <load_address>0xbe21</load_address>
         <run_address>0xbe21</run_address>
         <size>0x15a</size>
         <input_file_ref idref="fl-e1"/>
      </object_component>
      <object_component id="oc-3e3">
         <name>.debug_info</name>
         <load_address>0xbf7b</load_address>
         <run_address>0xbf7b</run_address>
         <size>0x46</size>
         <input_file_ref idref="fl-e1"/>
      </object_component>
      <object_component id="oc-385">
         <name>.debug_info</name>
         <load_address>0xbfc1</load_address>
         <run_address>0xbfc1</run_address>
         <size>0x39</size>
         <input_file_ref idref="fl-e1"/>
      </object_component>
      <object_component id="oc-3d1">
         <name>.debug_info</name>
         <load_address>0xbffa</load_address>
         <run_address>0xbffa</run_address>
         <size>0x295</size>
         <input_file_ref idref="fl-e2"/>
      </object_component>
      <object_component id="oc-370">
         <name>.debug_info</name>
         <load_address>0xc28f</load_address>
         <run_address>0xc28f</run_address>
         <size>0x195</size>
         <input_file_ref idref="fl-e2"/>
      </object_component>
      <object_component id="oc-3fa">
         <name>.debug_info</name>
         <load_address>0xc424</load_address>
         <run_address>0xc424</run_address>
         <size>0x39</size>
         <input_file_ref idref="fl-e2"/>
      </object_component>
      <object_component id="oc-3d2">
         <name>.debug_info</name>
         <load_address>0xc45d</load_address>
         <run_address>0xc45d</run_address>
         <size>0x2c</size>
         <input_file_ref idref="fl-e2"/>
      </object_component>
      <object_component id="oc-3de">
         <name>.debug_info</name>
         <load_address>0xc489</load_address>
         <run_address>0xc489</run_address>
         <size>0x2f8</size>
         <input_file_ref idref="fl-e3"/>
      </object_component>
      <object_component id="oc-376">
         <name>.debug_info</name>
         <load_address>0xc781</load_address>
         <run_address>0xc781</run_address>
         <size>0x225</size>
         <input_file_ref idref="fl-e3"/>
      </object_component>
      <object_component id="oc-3bf">
         <name>.debug_info</name>
         <load_address>0xc9a6</load_address>
         <run_address>0xc9a6</run_address>
         <size>0x115</size>
         <input_file_ref idref="fl-e4"/>
      </object_component>
      <object_component id="oc-3d8">
         <name>.debug_info</name>
         <load_address>0xcabb</load_address>
         <run_address>0xcabb</run_address>
         <size>0x161</size>
         <input_file_ref idref="fl-e5"/>
      </object_component>
      <object_component id="oc-1a1">
         <name>.debug_info</name>
         <load_address>0xcc1c</load_address>
         <run_address>0xcc1c</run_address>
         <size>0x464</size>
         <input_file_ref idref="fl-e6"/>
      </object_component>
      <object_component id="oc-19e">
         <name>.debug_info</name>
         <load_address>0xd080</load_address>
         <run_address>0xd080</run_address>
         <size>0x167</size>
         <input_file_ref idref="fl-e6"/>
      </object_component>
      <object_component id="oc-ee">
         <name>.debug_info</name>
         <load_address>0xd1e7</load_address>
         <run_address>0xd1e7</run_address>
         <size>0x27d</size>
         <input_file_ref idref="fl-e6"/>
      </object_component>
      <object_component id="oc-1b7">
         <name>.debug_info</name>
         <load_address>0xd464</load_address>
         <run_address>0xd464</run_address>
         <size>0x6bd</size>
         <input_file_ref idref="fl-e6"/>
      </object_component>
      <object_component id="oc-176">
         <name>.debug_info</name>
         <load_address>0xdb21</load_address>
         <run_address>0xdb21</run_address>
         <size>0x18b</size>
         <input_file_ref idref="fl-e6"/>
      </object_component>
      <object_component id="oc-1b6">
         <name>.debug_info</name>
         <load_address>0xdcac</load_address>
         <run_address>0xdcac</run_address>
         <size>0x3d9</size>
         <input_file_ref idref="fl-e7"/>
      </object_component>
      <object_component id="oc-100">
         <name>.debug_info</name>
         <load_address>0xe085</load_address>
         <run_address>0xe085</run_address>
         <size>0x284</size>
         <input_file_ref idref="fl-e7"/>
      </object_component>
      <object_component id="oc-1b1">
         <name>.debug_info</name>
         <load_address>0xe309</load_address>
         <run_address>0xe309</run_address>
         <size>0x51c</size>
         <input_file_ref idref="fl-e8"/>
      </object_component>
      <object_component id="oc-254">
         <name>.debug_info</name>
         <load_address>0xe825</load_address>
         <run_address>0xe825</run_address>
         <size>0x2fe</size>
         <input_file_ref idref="fl-e8"/>
      </object_component>
      <object_component id="oc-312">
         <name>.debug_info</name>
         <load_address>0xeb23</load_address>
         <run_address>0xeb23</run_address>
         <size>0x315</size>
         <input_file_ref idref="fl-e8"/>
      </object_component>
      <object_component id="oc-318">
         <name>.debug_info</name>
         <load_address>0xee38</load_address>
         <run_address>0xee38</run_address>
         <size>0x34b</size>
         <input_file_ref idref="fl-e8"/>
      </object_component>
      <object_component id="oc-25a">
         <name>.debug_info</name>
         <load_address>0xf183</load_address>
         <run_address>0xf183</run_address>
         <size>0x30a</size>
         <input_file_ref idref="fl-e8"/>
      </object_component>
      <object_component id="oc-24e">
         <name>.debug_info</name>
         <load_address>0xf48d</load_address>
         <run_address>0xf48d</run_address>
         <size>0x341</size>
         <input_file_ref idref="fl-e8"/>
      </object_component>
      <object_component id="oc-10c">
         <name>.debug_info</name>
         <load_address>0xf7ce</load_address>
         <run_address>0xf7ce</run_address>
         <size>0x2fc</size>
         <input_file_ref idref="fl-e8"/>
      </object_component>
      <object_component id="oc-275">
         <name>.debug_info</name>
         <load_address>0xfaca</load_address>
         <run_address>0xfaca</run_address>
         <size>0x254</size>
         <input_file_ref idref="fl-e8"/>
      </object_component>
      <object_component id="oc-1ab">
         <name>.debug_info</name>
         <load_address>0xfd1e</load_address>
         <run_address>0xfd1e</run_address>
         <size>0x2b6</size>
         <input_file_ref idref="fl-e8"/>
      </object_component>
      <object_component id="oc-260">
         <name>.debug_info</name>
         <load_address>0xffd4</load_address>
         <run_address>0xffd4</run_address>
         <size>0x49a</size>
         <input_file_ref idref="fl-e8"/>
      </object_component>
      <object_component id="oc-198">
         <name>.debug_info</name>
         <load_address>0x1046e</load_address>
         <run_address>0x1046e</run_address>
         <size>0x4bd</size>
         <input_file_ref idref="fl-e8"/>
      </object_component>
      <object_component id="oc-f7">
         <name>.debug_info</name>
         <load_address>0x1092b</load_address>
         <run_address>0x1092b</run_address>
         <size>0x28d</size>
         <input_file_ref idref="fl-e8"/>
      </object_component>
      <object_component id="oc-1a9">
         <name>.debug_info</name>
         <load_address>0x10bb8</load_address>
         <run_address>0x10bb8</run_address>
         <size>0x362</size>
         <input_file_ref idref="fl-e9"/>
      </object_component>
      <object_component id="oc-1a5">
         <name>.debug_info</name>
         <load_address>0x10f1a</load_address>
         <run_address>0x10f1a</run_address>
         <size>0x165</size>
         <input_file_ref idref="fl-e9"/>
      </object_component>
      <object_component id="oc-f4">
         <name>.debug_info</name>
         <load_address>0x1107f</load_address>
         <run_address>0x1107f</run_address>
         <size>0x158</size>
         <input_file_ref idref="fl-e9"/>
      </object_component>
      <object_component id="oc-320">
         <name>.debug_info</name>
         <load_address>0x111d7</load_address>
         <run_address>0x111d7</run_address>
         <size>0x3cd</size>
         <input_file_ref idref="fl-ea"/>
      </object_component>
      <object_component id="oc-267">
         <name>.debug_info</name>
         <load_address>0x115a4</load_address>
         <run_address>0x115a4</run_address>
         <size>0x2b1</size>
         <input_file_ref idref="fl-ea"/>
      </object_component>
      <object_component id="oc-d6">
         <name>.debug_info</name>
         <load_address>0x11855</load_address>
         <run_address>0x11855</run_address>
         <size>0x225</size>
         <input_file_ref idref="fl-ed"/>
      </object_component>
      <object_component id="oc-d0">
         <name>.debug_info</name>
         <load_address>0x11a7a</load_address>
         <run_address>0x11a7a</run_address>
         <size>0x20d</size>
         <input_file_ref idref="fl-ed"/>
      </object_component>
      <object_component id="oc-2f7">
         <name>.debug_info</name>
         <load_address>0x11c87</load_address>
         <run_address>0x11c87</run_address>
         <size>0x230</size>
         <input_file_ref idref="fl-ee"/>
      </object_component>
      <object_component id="oc-309">
         <name>.debug_info</name>
         <load_address>0x11eb7</load_address>
         <run_address>0x11eb7</run_address>
         <size>0x15b</size>
         <input_file_ref idref="fl-ee"/>
      </object_component>
      <object_component id="oc-220">
         <name>.debug_info</name>
         <load_address>0x12012</load_address>
         <run_address>0x12012</run_address>
         <size>0x2a3</size>
         <input_file_ref idref="fl-ee"/>
      </object_component>
      <object_component id="oc-2fc">
         <name>.debug_info</name>
         <load_address>0x122b5</load_address>
         <run_address>0x122b5</run_address>
         <size>0x2b3</size>
         <input_file_ref idref="fl-ee"/>
      </object_component>
      <object_component id="oc-302">
         <name>.debug_info</name>
         <load_address>0x12568</load_address>
         <run_address>0x12568</run_address>
         <size>0x316</size>
         <input_file_ref idref="fl-ee"/>
      </object_component>
      <object_component id="oc-238">
         <name>.debug_info</name>
         <load_address>0x1287e</load_address>
         <run_address>0x1287e</run_address>
         <size>0x2a9</size>
         <input_file_ref idref="fl-ee"/>
      </object_component>
      <object_component id="oc-244">
         <name>.debug_info</name>
         <load_address>0x12b27</load_address>
         <run_address>0x12b27</run_address>
         <size>0x2b7</size>
         <input_file_ref idref="fl-ee"/>
      </object_component>
      <object_component id="oc-23e">
         <name>.debug_info</name>
         <load_address>0x12dde</load_address>
         <run_address>0x12dde</run_address>
         <size>0x280</size>
         <input_file_ref idref="fl-ee"/>
      </object_component>
      <object_component id="oc-cb">
         <name>.debug_info</name>
         <load_address>0x1305e</load_address>
         <run_address>0x1305e</run_address>
         <size>0x240</size>
         <input_file_ref idref="fl-ef"/>
      </object_component>
      <object_component id="oc-2f4">
         <name>.debug_info</name>
         <load_address>0x1329e</load_address>
         <run_address>0x1329e</run_address>
         <size>0x21c</size>
         <input_file_ref idref="fl-f0"/>
      </object_component>
      <object_component id="oc-233">
         <name>.debug_info</name>
         <load_address>0x134ba</load_address>
         <run_address>0x134ba</run_address>
         <size>0x242</size>
         <input_file_ref idref="fl-f0"/>
      </object_component>
      <object_component id="oc-214">
         <name>.debug_info</name>
         <load_address>0x136fc</load_address>
         <run_address>0x136fc</run_address>
         <size>0x276</size>
         <input_file_ref idref="fl-f0"/>
      </object_component>
      <object_component id="oc-22c">
         <name>.debug_info</name>
         <load_address>0x13972</load_address>
         <run_address>0x13972</run_address>
         <size>0x3d9</size>
         <input_file_ref idref="fl-f0"/>
      </object_component>
      <object_component id="oc-21a">
         <name>.debug_info</name>
         <load_address>0x13d4b</load_address>
         <run_address>0x13d4b</run_address>
         <size>0x242</size>
         <input_file_ref idref="fl-f0"/>
      </object_component>
      <object_component id="oc-17b">
         <name>.debug_info</name>
         <load_address>0x13f8d</load_address>
         <run_address>0x13f8d</run_address>
         <size>0x27f</size>
         <input_file_ref idref="fl-f1"/>
      </object_component>
      <object_component id="oc-16d">
         <name>.debug_info</name>
         <load_address>0x1420c</load_address>
[...]
               <start_address>0x20008808</start_address>
               <size>0x12</size>
               <logical_group_ref idref="lg-b"/>
            </allocated_space>
            <available_space>
               <start_address>0x2000881a</start_address>
               <size>0x377e6</size>
            </available_space>
         </usage_details>
      </memory_area>
   </placement_map>
   <cptbl_list>
      <cptbl>
         <name>__TI_cinit_table</name>
         <cprec>
            <name>.data</name>
            <load_address>0x38b8</load_address>
            <load_size>0xd</load_size>
            <run_address>0x20000000</run_address>
            <run_size>0x8008</run_size>
            <compression>lzss</compression>
         </cprec>
         <cprec>
            <name>.bss</name>
            <load_address>0x38d8</load_address>
            <load_size>0x8</load_size>
            <run_address>0x20008808</run_address>
            <run_size>0x12</run_size>
            <compression>zero_init</compression>
         </cprec>
      </cptbl>
   </cptbl_list>
   <handler_table>
      <handler_table_name>__TI_handler_table</handler_table_name>
      <handler>
         <index>0x0</index>
         <name>__TI_decompress_lzss</name>
      </handler>
      <handler>
         <index>0x1</index>
         <name>__TI_decompress_none</name>
      </handler>
      <handler>
         <index>0x2</index>
         <name>__TI_zero_init</name>
      </handler>
   </handler_table>
   <symbol_table>
      <symbol id="sm-1">
         <name>__STACK_TOP</name>
         <value>0x20008208</value>
      </symbol>
      <symbol id="sm-2">
         <name>__start___llvm_prf_cnts</name>
         <value>0x20000000</value>
      </symbol>
      <symbol id="sm-3">
         <name>__stop___llvm_prf_cnts</name>
         <value>0x20000000</value>
      </symbol>
      <symbol id="sm-4">
         <name>__TI_CINIT_Base</name>
         <value>0x38e0</value>
      </symbol>
      <symbol id="sm-5">
         <name>__TI_CINIT_Limit</name>
         <value>0x38f0</value>
      </symbol>
      <symbol id="sm-6">
         <name>__TI_Handler_Table_Base</name>
         <value>0x38c8</value>
      </symbol>
      <symbol id="sm-7">
         <name>__TI_Handler_Table_Limit</name>
         <value>0x38d4</value>
      </symbol>
      <symbol id="sm-8">
         <name>binit</name>
         <value>0xffffffff</value>
      </symbol>
      <symbol id="sm-9">
         <name>__binit__</name>
         <value>0xffffffff</value>
      </symbol>
      <symbol id="sm-a">
         <name>__STACK_SIZE</name>
         <value>0x800</value>
      </symbol>
      <symbol id="sm-b">
         <name>__STACK_END</name>
         <value>0x20008808</value>
      </symbol>
      <symbol id="sm-c">
         <name>__c_args__</name>
         <value>0xffffffff</value>
      </symbol>
      <symbol id="sm-d">
         <name>__TI_pprof_out_hndl</name>
         <value>0xffffffff</value>
      </symbol>
      <symbol id="sm-e">
         <name>__TI_prof_data_start</name>
         <value>0xffffffff</value>
      </symbol>
      <symbol id="sm-f">
         <name>__TI_prof_data_size</name>
         <value>0xffffffff</value>
      </symbol>
      <symbol id="sm-8d">
         <name>Lcd_Orientation</name>
         <value>0x20008818</value>
      </symbol>
      <symbol id="sm-8e">
         <name>Lcd_ScreenWidth</name>
         <value>0x20008812</value>
      </symbol>
      <symbol id="sm-8f">
         <name>Lcd_ScreenHeigth</name>
         <value>0x20008810</value>
      </symbol>
      <symbol id="sm-90">
         <name>Lcd_PenSolid</name>
         <value>0x20008819</value>
      </symbol>
      <symbol id="sm-91">
         <name>Lcd_FontSolid</name>
         <value>0x20008817</value>
      </symbol>
      <symbol id="sm-92">
         <name>Lcd_FlagRead</name>
         <value>0x20008816</value>
      </symbol>
      <symbol id="sm-93">
         <name>Lcd_TouchTrim</name>
         <value>0x20008814</value>
      </symbol>
      <symbol id="sm-94">
         <name>Lcd_buffer</name>
         <value>0x20000000</value>
         <object_component_ref idref="oc-18a"/>
      </symbol>
      <symbol id="sm-95">
         <name>Crystalfontz128x128_SetDrawFrame</name>
         <value>0xca1</value>
         <object_component_ref idref="oc-e4"/>
      </symbol>
      <symbol id="sm-96">
         <name>Crystalfontz128x128_SetOrientation</name>
         <value>0xc59</value>
         <object_component_ref idref="oc-e4"/>
      </symbol>
      <symbol id="sm-97">
         <name>g_sCrystalfontz128x128</name>
         <value>0x3874</value>
         <object_component_ref idref="oc-ea"/>
      </symbol>
      <symbol id="sm-98">
         <name>Crystalfontz128x128_Init</name>
         <value>0xf81</value>
         <object_component_ref idref="oc-e4"/>
      </symbol>
      <symbol id="sm-aa">
         <name>HAL_LCD_writeData</name>
         <value>0x1aa1</value>
         <object_component_ref idref="oc-184"/>
      </symbol>
      <symbol id="sm-ab">
         <name>HAL_LCD_SpiInit</name>
         <value>0x1b01</value>
         <object_component_ref idref="oc-184"/>
      </symbol>
      <symbol id="sm-ac">
         <name>HAL_LCD_PortInit</name>
         <value>0x1b91</value>
         <object_component_ref idref="oc-184"/>
      </symbol>
      <symbol id="sm-ad">
         <name>HAL_LCD_writeCommand</name>
         <value>0x1ab1</value>
         <object_component_ref idref="oc-184"/>
      </symbol>
      <symbol id="sm-cf">
         <name>gSystemClock</name>
         <value>0x20008808</value>
      </symbol>
      <symbol id="sm-d0">
         <name>gTime</name>
         <value>0x20008000</value>
         <object_component_ref idref="oc-fc"/>
      </symbol>
      <symbol id="sm-d1">
         <name>main</name>
         <value>0x22f9</value>
         <object_component_ref idref="oc-9b"/>
      </symbol>
      <symbol id="sm-f3">
         <name>ResetISR</name>
         <value>0x3031</value>
         <object_component_ref idref="oc-27"/>
      </symbol>
      <symbol id="sm-f4">
         <name>g_pfnVectors</name>
         <value>0x0</value>
         <object_component_ref idref="oc-12"/>
      </symbol>
      <symbol id="sm-124">
         <name>snprintf</name>
         <value>0x2bd1</value>
         <object_component_ref idref="oc-105"/>
      </symbol>
      <symbol id="sm-13f">
         <name>memcpy</name>
         <value>0x254b</value>
         <object_component_ref idref="oc-3b"/>
      </symbol>
      <symbol id="sm-140">
         <name>__aeabi_memcpy</name>
         <value>0x254b</value>
         <object_component_ref idref="oc-3b"/>
      </symbol>
      <symbol id="sm-141">
         <name>__aeabi_memcpy8</name>
         <value>0x254b</value>
         <object_component_ref idref="oc-3b"/>
      </symbol>
      <symbol id="sm-142">
         <name>__aeabi_memcpy4</name>
         <value>0x254b</value>
         <object_component_ref idref="oc-3b"/>
      </symbol>
      <symbol id="sm-15b">
         <name>__TI_zero_init_nomemset</name>
         <value>0x2fd9</value>
         <object_component_ref idref="oc-47"/>
      </symbol>
      <symbol id="sm-172">
         <name>__TI_decompress_none</name>
         <value>0x3111</value>
         <object_component_ref idref="oc-1b"/>
      </symbol>
      <symbol id="sm-195">
         <name>__TI_decompress_lzss</name>
         <value>0x2961</value>
         <object_component_ref idref="oc-15"/>
      </symbol>
      <symbol id="sm-1a8">
         <name>__stack</name>
         <value>0x20008008</value>
         <object_component_ref idref="oc-24"/>
      </symbol>
      <symbol id="sm-1a9">
         <name>_c_int00_noargs</name>
         <value>0x2e6d</value>
         <object_component_ref idref="oc-59"/>
      </symbol>
      <symbol id="sm-30f">
         <name>__TI_printfi</name>
         <value>0x209</value>
         <object_component_ref idref="oc-1bc"/>
      </symbol>
      <symbol id="sm-326">
         <name>__aeabi_dsub</name>
         <value>0x18e5</value>
         <object_component_ref idref="oc-34f"/>
      </symbol>
      <symbol id="sm-327">
         <name>__aeabi_dadd</name>
         <value>0x18ef</value>
         <object_component_ref idref="oc-34f"/>
      </symbol>
      <symbol id="sm-349">
         <name>__aeabi_cdcmpeq</name>
         <value>0x2703</value>
         <object_component_ref idref="oc-291"/>
      </symbol>
      <symbol id="sm-34a">
         <name>__aeabi_cdcmple</name>
         <value>0x2703</value>
         <object_component_ref idref="oc-291"/>
      </symbol>
      <symbol id="sm-34b">
         <name>__aeabi_cdrcmple</name>
         <value>0x2789</value>
         <object_component_ref idref="oc-33a"/>
      </symbol>
      <symbol id="sm-35f">
         <name>__aeabi_ddiv</name>
         <value>0x1d5d</value>
         <object_component_ref idref="oc-335"/>
      </symbol>
      <symbol id="sm-36a">
         <name>__aeabi_dmul</name>
         <value>0x21f9</value>
         <object_component_ref idref="oc-330"/>
      </symbol>
      <symbol id="sm-374">
         <name>__aeabi_d2iz</name>
         <value>0x2cf9</value>
         <object_component_ref idref="oc-33f"/>
      </symbol>
      <symbol id="sm-37e">
         <name>__aeabi_i2d</name>
         <value>0x2eff</value>
         <object_component_ref idref="oc-34a"/>
      </symbol>
      <symbol id="sm-38d">
         <name>__aeabi_memset</name>
         <value>0x2811</value>
         <object_component_ref idref="oc-8f"/>
      </symbol>
      <symbol id="sm-38e">
         <name>memset</name>
         <value>0x2817</value>
         <object_component_ref idref="oc-8f"/>
      </symbol>
      <symbol id="sm-38f">
         <name>__aeabi_memset8</name>
         <value>0x2811</value>
         <object_component_ref idref="oc-8f"/>
      </symbol>
      <symbol id="sm-390">
         <name>__aeabi_memset4</name>
         <value>0x2811</value>
         <object_component_ref idref="oc-8f"/>
      </symbol>
      <symbol id="sm-391">
         <name>__aeabi_memclr8</name>
         <value>0x280f</value>
         <object_component_ref idref="oc-8f"/>
      </symbol>
      <symbol id="sm-392">
         <name>__aeabi_memclr4</name>
         <value>0x280f</value>
         <object_component_ref idref="oc-8f"/>
      </symbol>
      <symbol id="sm-393">
         <name>__aeabi_memclr</name>
         <value>0x280f</value>
         <object_component_ref idref="oc-8f"/>
      </symbol>
      <symbol id="sm-3a0">
         <name>__aeabi_uldivmod</name>
         <value>0x25e7</value>
         <object_component_ref idref="oc-329"/>
      </symbol>
      <symbol id="sm-3c8">
         <name>__TI_auto_init_nobinit_nopinit</name>
         <value>0x2d41</value>
         <object_component_ref idref="oc-123"/>
      </symbol>
      <symbol id="sm-3d2">
         <name>_system_pre_init</name>
         <value>0x22f5</value>
         <object_component_ref idref="oc-95"/>
      </symbol>
      <symbol id="sm-3de">
         <name>C$$EXIT</name>
         <value>0x315f</value>
         <object_component_ref idref="oc-117"/>
      </symbol>
      <symbol id="sm-3df">
         <name>abort</name>
         <value>0x315f</value>
         <object_component_ref idref="oc-117"/>
      </symbol>
      <symbol id="sm-3ef">
         <name>__TI_ltoa</name>
         <value>0x2add</value>
         <object_component_ref idref="oc-344"/>
      </symbol>
      <symbol id="sm-406">
         <name>atoi</name>
         <value>0x2b85</value>
         <object_component_ref idref="oc-285"/>
      </symbol>
      <symbol id="sm-411">
         <name>_ctypes_</name>
         <value>0x357c</value>
         <object_component_ref idref="oc-324"/>
      </symbol>
      <symbol id="sm-421">
         <name>memccpy</name>
         <value>0x2ff5</value>
         <object_component_ref idref="oc-2ae"/>
      </symbol>
      <symbol id="sm-431">
         <name>strchr</name>
         <value>0x3091</value>
         <object_component_ref idref="oc-37b"/>
      </symbol>
      <symbol id="sm-43f">
         <name>strlen</name>
         <value>0x30a7</value>
         <object_component_ref idref="oc-27f"/>
      </symbol>
      <symbol id="sm-455">
         <name>__aeabi_errno_addr</name>
         <value>0x3151</value>
         <object_component_ref idref="oc-2ba"/>
      </symbol>
      <symbol id="sm-456">
         <name>errno</name>
         <value>0x20008004</value>
         <object_component_ref idref="oc-38b"/>
      </symbol>
      <symbol id="sm-46f">
         <name>wcslen</name>
         <value>0x30cd</value>
         <object_component_ref idref="oc-2b4"/>
      </symbol>
      <symbol id="sm-48f">
         <name>frexpl</name>
         <value>0x29c9</value>
         <object_component_ref idref="oc-36f"/>
      </symbol>
      <symbol id="sm-490">
         <name>frexp</name>
         <value>0x29c9</value>
         <object_component_ref idref="oc-36f"/>
      </symbol>
      <symbol id="sm-4ad">
         <name>scalbn</name>
         <value>0x20e9</value>
         <object_component_ref idref="oc-375"/>
      </symbol>
      <symbol id="sm-4ae">
         <name>scalbnl</name>
         <value>0x20e9</value>
         <object_component_ref idref="oc-375"/>
      </symbol>
      <symbol id="sm-4af">
         <name>ldexpl</name>
         <value>0x20e9</value>
         <object_component_ref idref="oc-375"/>
      </symbol>
      <symbol id="sm-4b0">
         <name>ldexp</name>
         <value>0x20e9</value>
         <object_component_ref idref="oc-375"/>
      </symbol>
      <symbol id="sm-4ba">
         <name>__aeabi_idiv0</name>
         <value>0xc57</value>
         <object_component_ref idref="oc-3be"/>
      </symbol>
      <symbol id="sm-4bb">
         <name>__aeabi_ldiv0</name>
         <value>0xc57</value>
         <object_component_ref idref="oc-3be"/>
      </symbol>
      <symbol id="sm-4c5">
         <name>copysign</name>
         <value>0x3011</value>
         <object_component_ref idref="oc-3d7"/>
      </symbol>
      <symbol id="sm-4c6">
         <name>copysignl</name>
         <value>0x3011</value>
         <object_component_ref idref="oc-3d7"/>
      </symbol>
      <symbol id="sm-4eb">
         <name>GrContextInit</name>
         <value>0x28f9</value>
         <object_component_ref idref="oc-ed"/>
      </symbol>
      <symbol id="sm-4ec">
         <name>g_psDefaultCodePointMapTable</name>
         <value>0x389c</value>
         <object_component_ref idref="oc-19d"/>
      </symbol>
      <symbol id="sm-4fa">
         <name>GrRectFill</name>
         <value>0x267d</value>
         <object_component_ref idref="oc-ff"/>
      </symbol>
      <symbol id="sm-589">
         <name>GrFontInfoGet</name>
         <value>0x2f57</value>
         <object_component_ref idref="oc-24d"/>
      </symbol>
      <symbol id="sm-58a">
         <name>GrDefaultStringRenderer</name>
         <value>0x23d5</value>
         <object_component_ref idref="oc-197"/>
      </symbol>
      <symbol id="sm-58b">
         <name>GrFontGlyphRender</name>
         <value>0x12b9</value>
         <object_component_ref idref="oc-25f"/>
      </symbol>
      <symbol id="sm-58c">
         <name>GrContextFontSet</name>
         <value>0x302b</value>
         <object_component_ref idref="oc-f6"/>
      </symbol>
      <symbol id="sm-58d">
         <name>GrFontGlyphDataGet</name>
         <value>0x2f7d</value>
         <object_component_ref idref="oc-259"/>
      </symbol>
      <symbol id="sm-58e">
         <name>GrStringDraw</name>
         <value>0x307b</value>
         <object_component_ref idref="oc-10b"/>
      </symbol>
      <symbol id="sm-58f">
         <name>GrFontCodepageGet</name>
         <value>0x2f9f</value>
         <object_component_ref idref="oc-274"/>
      </symbol>
      <symbol id="sm-590">
         <name>GrStringNextCharGet</name>
         <value>0x2ed1</value>
         <object_component_ref idref="oc-253"/>
      </symbol>
      <symbol id="sm-5a2">
         <name>g_sFontFixed6x8</name>
         <value>0x3680</value>
         <object_component_ref idref="oc-f3"/>
      </symbol>
      <symbol id="sm-5af">
         <name>GrMapISO8859_1_Unicode</name>
         <value>0x313f</value>
         <object_component_ref idref="oc-266"/>
      </symbol>
      <symbol id="sm-5c7">
         <name>FPULazyStackingEnable</name>
         <value>0x30f1</value>
         <object_component_ref idref="oc-d5"/>
      </symbol>
      <symbol id="sm-5c8">
         <name>FPUEnable</name>
         <value>0x30e1</value>
         <object_component_ref idref="oc-cf"/>
      </symbol>
      <symbol id="sm-60a">
         <name>GPIOPinConfigure</name>
         <value>0x2c69</value>
         <object_component_ref idref="oc-23d"/>
      </symbol>
      <symbol id="sm-60b">
         <name>GPIOPinTypeGPIOOutput</name>
         <value>0x304b</value>
         <object_component_ref idref="oc-243"/>
      </symbol>
      <symbol id="sm-60c">
         <name>GPIODirModeSet</name>
         <value>0x2f2d</value>
         <object_component_ref idref="oc-2fb"/>
      </symbol>
      <symbol id="sm-60d">
         <name>GPIOPinWrite</name>
         <value>0x1a9b</value>
         <object_component_ref idref="oc-21f"/>
      </symbol>
      <symbol id="sm-60e">
         <name>GPIOPadConfigSet</name>
         <value>0x1e93</value>
         <object_component_ref idref="oc-301"/>
      </symbol>
      <symbol id="sm-60f">
         <name>GPIOPinTypeSSI</name>
         <value>0x30bb</value>
         <object_component_ref idref="oc-237"/>
      </symbol>
      <symbol id="sm-61a">
         <name>IntMasterDisable</name>
         <value>0x3101</value>
         <object_component_ref idref="oc-c9"/>
      </symbol>
      <symbol id="sm-641">
         <name>SSIDataPut</name>
         <value>0x312b</value>
         <object_component_ref idref="oc-213"/>
      </symbol>
      <symbol id="sm-642">
         <name>SSIConfigSetExpClk</name>
         <value>0x2dc3</value>
         <object_component_ref idref="oc-22b"/>
      </symbol>
      <symbol id="sm-643">
         <name>SSIEnable</name>
         <value>0x3135</value>
         <object_component_ref idref="oc-231"/>
      </symbol>
      <symbol id="sm-644">
         <name>SSIBusy</name>
         <value>0x3147</value>
         <object_component_ref idref="oc-219"/>
      </symbol>
      <symbol id="sm-6b4">
         <name>SysCtlDelay</name>
         <value>0x3159</value>
         <object_component_ref idref="oc-18d"/>
      </symbol>
      <symbol id="sm-6b5">
         <name>SysCtlPeripheralEnable</name>
         <value>0x2e39</value>
         <object_component_ref idref="oc-225"/>
      </symbol>
      <symbol id="sm-6b6">
         <name>SysCtlClockFreqSet</name>
         <value>0x1511</value>
         <object_component_ref idref="oc-db"/>
      </symbol>
      <symbol id="sm-6c1">
         <name>CPUcpsid</name>
         <value>0x311f</value>
         <object_component_ref idref="oc-157"/>
      </symbol>
      <symbol id="sm-6c2">
         <name>__TI_static_base__</name>
         <value>0x0</value>
      </symbol>
      <symbol id="sm-6c5">
         <name>__mpu_init</name>
         <value>0x0</value>
      </symbol>
      <symbol id="sm-6c6">
         <name>_system_post_cinit</name>
         <value>0x0</value>
      </symbol>
   </symbol_table>
   <title>Link successful</title>
</link_info>
