<?xml version="1.0" encoding="ISO-8859-1" ?>
<link_info>
   <banner>TI ARM Linker PC v20.2.7.LTS</banner>
   <copyright>Copyright (c) 1996-2018 Texas Instruments Incorporated</copyright>
   <link_time>0x641ce138</link_time>
   <link_errors>0x0</link_errors>
   <output_file>ece3849_lab0_RJWhite.out</output_file>
   <entry_point>
      <name>_c_int00_noargs</name>
      <address>0x3601</address>
   </entry_point>
   <input_file_list>
      <input_file id="fl-2">
         <path>.\</path>
         <kind>object</kind>
         <file>Crystalfontz128x128_ST7735.obj</file>
         <name>Crystalfontz128x128_ST7735.obj</name>
      </input_file>
      <input_file id="fl-3">
         <path>.\</path>
         <kind>object</kind>
         <file>HAL_EK_TM4C1294XL_Crystalfontz128x128_ST7735.obj</file>
         <name>HAL_EK_TM4C1294XL_Crystalfontz128x128_ST7735.obj</name>
      </input_file>
      <input_file id="fl-4">
         <path>.\</path>
         <kind>object</kind>
         <file>buttons.obj</file>
         <name>buttons.obj</name>
      </input_file>
      <input_file id="fl-5">
         <path>.\</path>
         <kind>object</kind>
         <file>main.obj</file>
         <name>main.obj</name>
      </input_file>
      <input_file id="fl-6">
         <path>.\</path>
         <kind>object</kind>
         <file>sysctl_pll.obj</file>
         <name>sysctl_pll.obj</name>
      </input_file>
      <input_file id="fl-7">
         <path>.\</path>
         <kind>object</kind>
         <file>tm4c1294ncpdt_startup_ccs.obj</file>
         <name>tm4c1294ncpdt_startup_ccs.obj</name>
      </input_file>
      <input_file id="fl-d">
         <kind>object</kind>
         <file>&lt;internal&gt;</file>
         <name>&lt;internal&gt;</name>
      </input_file>
      <input_file id="fl-c3">
         <path>C:\ti\ccs1220\ccs\tools\compiler\ti-cgt-arm_20.2.7.LTS\lib\</path>
         <kind>archive</kind>
         <file>rtsv7M4_T_le_v4SPD16_eabi.lib</file>
         <name>s_roundf.c.obj</name>
      </input_file>
      <input_file id="fl-c4">
         <path>C:\ti\ccs1220\ccs\tools\compiler\ti-cgt-arm_20.2.7.LTS\lib\</path>
         <kind>archive</kind>
         <file>rtsv7M4_T_le_v4SPD16_eabi.lib</file>
         <name>snprintf.c.obj</name>
      </input_file>
      <input_file id="fl-c5">
         <path>C:\ti\ccs1220\ccs\tools\compiler\ti-cgt-arm_20.2.7.LTS\lib\</path>
         <kind>archive</kind>
         <file>rtsv7M4_T_le_v4SPD16_eabi.lib</file>
         <name>memcpy_t2.asm.obj</name>
      </input_file>
      <input_file id="fl-c6">
         <path>C:\ti\ccs1220\ccs\tools\compiler\ti-cgt-arm_20.2.7.LTS\lib\</path>
         <kind>archive</kind>
         <file>rtsv7M4_T_le_v4SPD16_eabi.lib</file>
         <name>copy_zero_init.c.obj</name>
      </input_file>
      <input_file id="fl-c7">
         <path>C:\ti\ccs1220\ccs\tools\compiler\ti-cgt-arm_20.2.7.LTS\lib\</path>
         <kind>archive</kind>
         <file>rtsv7M4_T_le_v4SPD16_eabi.lib</file>
         <name>copy_decompress_none.c.obj</name>
      </input_file>
      <input_file id="fl-c8">
         <path>C:\ti\ccs1220\ccs\tools\compiler\ti-cgt-arm_20.2.7.LTS\lib\</path>
         <kind>archive</kind>
         <file>rtsv7M4_T_le_v4SPD16_eabi.lib</file>
         <name>copy_decompress_lzss.c.obj</name>
      </input_file>
      <input_file id="fl-c9">
         <path>C:\ti\ccs1220\ccs\tools\compiler\ti-cgt-arm_20.2.7.LTS\lib\</path>
         <kind>archive</kind>
         <file>rtsv7M4_T_le_v4SPD16_eabi.lib</file>
         <name>boot_cortex_m.c.obj</name>
      </input_file>
      <input_file id="fl-ca">
         <path>C:\ti\ccs1220\ccs\tools\compiler\ti-cgt-arm_20.2.7.LTS\lib\</path>
         <kind>archive</kind>
         <file>rtsv7M4_T_le_v4SPD16_eabi.lib</file>
         <name>s_floorf.c.obj</name>
      </input_file>
      <input_file id="fl-cb">
         <path>C:\ti\ccs1220\ccs\tools\compiler\ti-cgt-arm_20.2.7.LTS\lib\</path>
         <kind>archive</kind>
         <file>rtsv7M4_T_le_v4SPD16_eabi.lib</file>
         <name>_printfi.c.obj</name>
      </input_file>
      <input_file id="fl-cc">
         <path>C:\ti\ccs1220\ccs\tools\compiler\ti-cgt-arm_20.2.7.LTS\lib\</path>
         <kind>archive</kind>
         <file>rtsv7M4_T_le_v4SPD16_eabi.lib</file>
         <name>fd_add_t2.asm.obj</name>
      </input_file>
      <input_file id="fl-cd">
         <path>C:\ti\ccs1220\ccs\tools\compiler\ti-cgt-arm_20.2.7.LTS\lib\</path>
         <kind>archive</kind>
         <file>rtsv7M4_T_le_v4SPD16_eabi.lib</file>
         <name>fd_cmp_t2.asm.obj</name>
      </input_file>
      <input_file id="fl-ce">
         <path>C:\ti\ccs1220\ccs\tools\compiler\ti-cgt-arm_20.2.7.LTS\lib\</path>
         <kind>archive</kind>
         <file>rtsv7M4_T_le_v4SPD16_eabi.lib</file>
         <name>fd_div_t2.asm.obj</name>
      </input_file>
      <input_file id="fl-cf">
         <path>C:\ti\ccs1220\ccs\tools\compiler\ti-cgt-arm_20.2.7.LTS\lib\</path>
         <kind>archive</kind>
         <file>rtsv7M4_T_le_v4SPD16_eabi.lib</file>
         <name>fd_mul_t2.asm.obj</name>
      </input_file>
      <input_file id="fl-d0">
         <path>C:\ti\ccs1220\ccs\tools\compiler\ti-cgt-arm_20.2.7.LTS\lib\</path>
         <kind>archive</kind>
         <file>rtsv7M4_T_le_v4SPD16_eabi.lib</file>
         <name>fd_toi_t2.asm.obj</name>
      </input_file>
      <input_file id="fl-d1">
         <path>C:\ti\ccs1220\ccs\tools\compiler\ti-cgt-arm_20.2.7.LTS\lib\</path>
         <kind>archive</kind>
         <file>rtsv7M4_T_le_v4SPD16_eabi.lib</file>
         <name>i_tofd_t2.asm.obj</name>
      </input_file>
      <input_file id="fl-d2">
         <path>C:\ti\ccs1220\ccs\tools\compiler\ti-cgt-arm_20.2.7.LTS\lib\</path>
         <kind>archive</kind>
         <file>rtsv7M4_T_le_v4SPD16_eabi.lib</file>
         <name>memset_t2.asm.obj</name>
      </input_file>
      <input_file id="fl-d3">
         <path>C:\ti\ccs1220\ccs\tools\compiler\ti-cgt-arm_20.2.7.LTS\lib\</path>
         <kind>archive</kind>
         <file>rtsv7M4_T_le_v4SPD16_eabi.lib</file>
         <name>ull_div_t2.asm.obj</name>
      </input_file>
      <input_file id="fl-d4">
         <path>C:\ti\ccs1220\ccs\tools\compiler\ti-cgt-arm_20.2.7.LTS\lib\</path>
         <kind>archive</kind>
         <file>rtsv7M4_T_le_v4SPD16_eabi.lib</file>
         <name>autoinit.c.obj</name>
      </input_file>
      <input_file id="fl-d5">
         <path>C:\ti\ccs1220\ccs\tools\compiler\ti-cgt-arm_20.2.7.LTS\lib\</path>
         <kind>archive</kind>
         <file>rtsv7M4_T_le_v4SPD16_eabi.lib</file>
         <name>pre_init.c.obj</name>
      </input_file>
      <input_file id="fl-d6">
         <path>C:\ti\ccs1220\ccs\tools\compiler\ti-cgt-arm_20.2.7.LTS\lib\</path>
         <kind>archive</kind>
         <file>rtsv7M4_T_le_v4SPD16_eabi.lib</file>
         <name>cpy_tbl.c.obj</name>
      </input_file>
      <input_file id="fl-d7">
         <path>C:\ti\ccs1220\ccs\tools\compiler\ti-cgt-arm_20.2.7.LTS\lib\</path>
         <kind>archive</kind>
         <file>rtsv7M4_T_le_v4SPD16_eabi.lib</file>
         <name>exit.c.obj</name>
      </input_file>
      <input_file id="fl-d8">
         <path>C:\ti\ccs1220\ccs\tools\compiler\ti-cgt-arm_20.2.7.LTS\lib\</path>
         <kind>archive</kind>
         <file>rtsv7M4_T_le_v4SPD16_eabi.lib</file>
         <name>_lock.c.obj</name>
      </input_file>
      <input_file id="fl-d9">
         <path>C:\ti\ccs1220\ccs\tools\compiler\ti-cgt-arm_20.2.7.LTS\lib\</path>
         <kind>archive</kind>
         <file>rtsv7M4_T_le_v4SPD16_eabi.lib</file>
         <name>_ltoa.c.obj</name>
      </input_file>
      <input_file id="fl-da">
         <path>C:\ti\ccs1220\ccs\tools\compiler\ti-cgt-arm_20.2.7.LTS\lib\</path>
         <kind>archive</kind>
         <file>rtsv7M4_T_le_v4SPD16_eabi.lib</file>
         <name>args_main.c.obj</name>
      </input_file>
      <input_file id="fl-db">
         <path>C:\ti\ccs1220\ccs\tools\compiler\ti-cgt-arm_20.2.7.LTS\lib\</path>
         <kind>archive</kind>
         <file>rtsv7M4_T_le_v4SPD16_eabi.lib</file>
         <name>atoi.c.obj</name>
      </input_file>
      <input_file id="fl-dc">
         <path>C:\ti\ccs1220\ccs\tools\compiler\ti-cgt-arm_20.2.7.LTS\lib\</path>
         <kind>archive</kind>
         <file>rtsv7M4_T_le_v4SPD16_eabi.lib</file>
         <name>ctype.c.obj</name>
      </input_file>
      <input_file id="fl-dd">
         <path>C:\ti\ccs1220\ccs\tools\compiler\ti-cgt-arm_20.2.7.LTS\lib\</path>
         <kind>archive</kind>
         <file>rtsv7M4_T_le_v4SPD16_eabi.lib</file>
         <name>memccpy.c.obj</name>
      </input_file>
      <input_file id="fl-de">
         <path>C:\ti\ccs1220\ccs\tools\compiler\ti-cgt-arm_20.2.7.LTS\lib\</path>
         <kind>archive</kind>
         <file>rtsv7M4_T_le_v4SPD16_eabi.lib</file>
         <name>strchr.c.obj</name>
      </input_file>
      <input_file id="fl-df">
         <path>C:\ti\ccs1220\ccs\tools\compiler\ti-cgt-arm_20.2.7.LTS\lib\</path>
         <kind>archive</kind>
         <file>rtsv7M4_T_le_v4SPD16_eabi.lib</file>
         <name>strlen.c.obj</name>
      </input_file>
      <input_file id="fl-e0">
         <path>C:\ti\ccs1220\ccs\tools\compiler\ti-cgt-arm_20.2.7.LTS\lib\</path>
         <kind>archive</kind>
         <file>rtsv7M4_T_le_v4SPD16_eabi.lib</file>
         <name>errno.c.obj</name>
      </input_file>
      <input_file id="fl-e1">
         <path>C:\ti\ccs1220\ccs\tools\compiler\ti-cgt-arm_20.2.7.LTS\lib\</path>
         <kind>archive</kind>
         <file>rtsv7M4_T_le_v4SPD16_eabi.lib</file>
         <name>wcslen.c.obj</name>
      </input_file>
      <input_file id="fl-e2">
         <path>C:\ti\ccs1220\ccs\tools\compiler\ti-cgt-arm_20.2.7.LTS\lib\</path>
         <kind>archive</kind>
         <file>rtsv7M4_T_le_v4SPD16_eabi.lib</file>
         <name>s_frexp.c.obj</name>
      </input_file>
      <input_file id="fl-e3">
         <path>C:\ti\ccs1220\ccs\tools\compiler\ti-cgt-arm_20.2.7.LTS\lib\</path>
         <kind>archive</kind>
         <file>rtsv7M4_T_le_v4SPD16_eabi.lib</file>
         <name>s_scalbn.c.obj</name>
      </input_file>
      <input_file id="fl-e4">
         <path>C:\ti\ccs1220\ccs\tools\compiler\ti-cgt-arm_20.2.7.LTS\lib\</path>
         <kind>archive</kind>
         <file>rtsv7M4_T_le_v4SPD16_eabi.lib</file>
         <name>div0.asm.obj</name>
      </input_file>
      <input_file id="fl-e5">
         <path>C:\ti\ccs1220\ccs\tools\compiler\ti-cgt-arm_20.2.7.LTS\lib\</path>
         <kind>archive</kind>
         <file>rtsv7M4_T_le_v4SPD16_eabi.lib</file>
         <name>s_copysign.c.obj</name>
      </input_file>
      <input_file id="fl-e6">
         <path>C:\ti\tirtos_tivac_2_16_01_14\products\TivaWare_C_Series-2.1.1.71b\grlib\ccs\Debug\</path>
         <kind>archive</kind>
         <file>grlib.lib</file>
         <name>context.obj</name>
      </input_file>
      <input_file id="fl-e7">
         <path>C:\ti\tirtos_tivac_2_16_01_14\products\TivaWare_C_Series-2.1.1.71b\grlib\ccs\Debug\</path>
         <kind>archive</kind>
         <file>grlib.lib</file>
         <name>rectangle.obj</name>
      </input_file>
      <input_file id="fl-e8">
         <path>C:\ti\tirtos_tivac_2_16_01_14\products\TivaWare_C_Series-2.1.1.71b\grlib\ccs\Debug\</path>
         <kind>archive</kind>
         <file>grlib.lib</file>
         <name>string.obj</name>
      </input_file>
      <input_file id="fl-e9">
         <path>C:\ti\tirtos_tivac_2_16_01_14\products\TivaWare_C_Series-2.1.1.71b\grlib\ccs\Debug\</path>
         <kind>archive</kind>
         <file>grlib.lib</file>
         <name>fontfixed6x8.obj</name>
      </input_file>
      <input_file id="fl-ea">
         <path>C:\ti\tirtos_tivac_2_16_01_14\products\TivaWare_C_Series-2.1.1.71b\grlib\ccs\Debug\</path>
         <kind>archive</kind>
         <file>grlib.lib</file>
         <name>charmap.obj</name>
      </input_file>
      <input_file id="fl-eb">
         <path>C:\ti\tirtos_tivac_2_16_01_14\products\TivaWare_C_Series-2.1.1.71b\grlib\ccs\Debug\</path>
         <kind>archive</kind>
         <file>grlib.lib</file>
         <name>line.obj</name>
      </input_file>
      <input_file id="fl-ec">
         <path>C:\ti\tirtos_tivac_2_16_01_14\products\TivaWare_C_Series-2.1.1.71b\driverlib\ccs\Debug\</path>
         <kind>archive</kind>
         <file>driverlib.lib</file>
         <name>adc.obj</name>
      </input_file>
      <input_file id="fl-ed">
         <path>C:\ti\tirtos_tivac_2_16_01_14\products\TivaWare_C_Series-2.1.1.71b\driverlib\ccs\Debug\</path>
         <kind>archive</kind>
         <file>driverlib.lib</file>
         <name>fpu.obj</name>
      </input_file>
      <input_file id="fl-ee">
         <path>C:\ti\tirtos_tivac_2_16_01_14\products\TivaWare_C_Series-2.1.1.71b\driverlib\ccs\Debug\</path>
         <kind>archive</kind>
         <file>driverlib.lib</file>
         <name>gpio.obj</name>
      </input_file>
      <input_file id="fl-ef">
         <path>C:\ti\tirtos_tivac_2_16_01_14\products\TivaWare_C_Series-2.1.1.71b\driverlib\ccs\Debug\</path>
         <kind>archive</kind>
         <file>driverlib.lib</file>
         <name>interrupt.obj</name>
      </input_file>
      <input_file id="fl-f0">
         <path>C:\ti\tirtos_tivac_2_16_01_14\products\TivaWare_C_Series-2.1.1.71b\driverlib\ccs\Debug\</path>
         <kind>archive</kind>
         <file>driverlib.lib</file>
         <name>ssi.obj</name>
      </input_file>
      <input_file id="fl-f1">
         <path>C:\ti\tirtos_tivac_2_16_01_14\products\TivaWare_C_Series-2.1.1.71b\driverlib\ccs\Debug\</path>
         <kind>archive</kind>
         <file>driverlib.lib</file>
         <name>sysctl.obj</name>
      </input_file>
      <input_file id="fl-f2">
         <path>C:\ti\tirtos_tivac_2_16_01_14\products\TivaWare_C_Series-2.1.1.71b\driverlib\ccs\Debug\</path>
         <kind>archive</kind>
         <file>driverlib.lib</file>
         <name>timer.obj</name>
      </input_file>
      <input_file id="fl-f3">
         <path>C:\ti\tirtos_tivac_2_16_01_14\products\TivaWare_C_Series-2.1.1.71b\driverlib\ccs\Debug\</path>
         <kind>archive</kind>
         <file>driverlib.lib</file>
         <name>cpu.obj</name>
      </input_file>
   </input_file_list>
   <object_component_list>
      <object_component id="oc-12">
         <name>.intvecs</name>
         <load_address>0x0</load_address>
         <run_address>0x0</run_address>
         <size>0x208</size>
         <input_file_ref idref="fl-7"/>
      </object_component>
      <object_component id="oc-2c3">
         <name>.text:__TI_printfi</name>
         <load_address>0x208</load_address>
         <run_address>0x208</run_address>
         <size>0xa4e</size>
         <input_file_ref idref="fl-cb"/>
      </object_component>
      <object_component id="oc-4ae">
         <name>.text</name>
         <load_address>0xc56</load_address>
         <run_address>0xc56</run_address>
         <size>0x2</size>
         <input_file_ref idref="fl-e4"/>
      </object_component>
      <object_component id="oc-2d">
         <name>.text</name>
         <load_address>0xc58</load_address>
         <run_address>0xc58</run_address>
         <size>0x446</size>
         <input_file_ref idref="fl-4"/>
      </object_component>
      <object_component id="oc-1d8">
         <name>.text</name>
         <load_address>0x10a0</load_address>
         <run_address>0x10a0</run_address>
         <size>0x3f0</size>
         <input_file_ref idref="fl-2"/>
      </object_component>
      <object_component id="oc-3aa">
         <name>.text:_pconv_a</name>
         <load_address>0x1490</load_address>
         <run_address>0x1490</run_address>
         <size>0x270</size>
         <input_file_ref idref="fl-cb"/>
      </object_component>
      <object_component id="oc-361">
         <name>.text:GrFontGlyphRender</name>
         <load_address>0x1700</load_address>
         <run_address>0x1700</run_address>
         <size>0x256</size>
         <input_file_ref idref="fl-e8"/>
      </object_component>
      <object_component id="oc-1d2">
         <name>.text:SysCtlClockFreqSet</name>
         <load_address>0x1958</load_address>
         <run_address>0x1958</run_address>
         <size>0x204</size>
         <input_file_ref idref="fl-f1"/>
      </object_component>
      <object_component id="oc-398">
         <name>.text:_pconv_g</name>
         <load_address>0x1b5c</load_address>
         <run_address>0x1b5c</run_address>
         <size>0x1d0</size>
         <input_file_ref idref="fl-cb"/>
      </object_component>
      <object_component id="oc-443">
         <name>.text</name>
         <load_address>0x1d2c</load_address>
         <run_address>0x1d2c</run_address>
         <size>0x1b6</size>
         <input_file_ref idref="fl-cc"/>
      </object_component>
      <object_component id="oc-10c">
         <name>.text:GPIOPinRead</name>
         <load_address>0x1ee2</load_address>
         <run_address>0x1ee2</run_address>
         <size>0x6</size>
         <input_file_ref idref="fl-ee"/>
      </object_component>
      <object_component id="oc-286">
         <name>.text</name>
         <load_address>0x1ee8</load_address>
         <run_address>0x1ee8</run_address>
         <size>0x17e</size>
         <input_file_ref idref="fl-3"/>
      </object_component>
      <object_component id="oc-148">
         <name>.text</name>
         <load_address>0x2068</load_address>
         <run_address>0x2068</run_address>
         <size>0x16c</size>
         <input_file_ref idref="fl-5"/>
      </object_component>
      <object_component id="oc-3a4">
         <name>.text:_pconv_e</name>
         <load_address>0x21d4</load_address>
         <run_address>0x21d4</run_address>
         <size>0x13c</size>
         <input_file_ref idref="fl-cb"/>
      </object_component>
      <object_component id="oc-429">
         <name>.text</name>
         <load_address>0x2310</load_address>
         <run_address>0x2310</run_address>
         <size>0x136</size>
         <input_file_ref idref="fl-ce"/>
      </object_component>
      <object_component id="oc-d1">
         <name>.text:GPIOPadConfigSet</name>
         <load_address>0x2446</load_address>
         <run_address>0x2446</run_address>
         <size>0x130</size>
         <input_file_ref idref="fl-ee"/>
      </object_component>
      <object_component id="oc-455">
         <name>.text:fcvt</name>
         <load_address>0x2578</load_address>
         <run_address>0x2578</run_address>
         <size>0x124</size>
         <input_file_ref idref="fl-cb"/>
      </object_component>
      <object_component id="oc-469">
         <name>.text:scalbn</name>
         <load_address>0x269c</load_address>
         <run_address>0x269c</run_address>
         <size>0x110</size>
         <input_file_ref idref="fl-e3"/>
      </object_component>
      <object_component id="oc-424">
         <name>.text</name>
         <load_address>0x27ac</load_address>
         <run_address>0x27ac</run_address>
         <size>0xfc</size>
         <input_file_ref idref="fl-cf"/>
      </object_component>
      <object_component id="oc-2a0">
         <name>.text:GrDefaultStringRenderer</name>
         <load_address>0x28a8</load_address>
         <run_address>0x28a8</run_address>
         <size>0xc4</size>
         <input_file_ref idref="fl-e8"/>
      </object_component>
      <object_component id="oc-38d">
         <name>.text:_ltostr</name>
         <load_address>0x296c</load_address>
         <run_address>0x296c</run_address>
         <size>0xb1</size>
         <input_file_ref idref="fl-cb"/>
      </object_component>
      <object_component id="oc-41">
         <name>.text</name>
         <load_address>0x2a1e</load_address>
         <run_address>0x2a1e</run_address>
         <size>0x9c</size>
         <input_file_ref idref="fl-c5"/>
      </object_component>
      <object_component id="oc-41d">
         <name>.text</name>
         <load_address>0x2aba</load_address>
         <run_address>0x2aba</run_address>
         <size>0x96</size>
         <input_file_ref idref="fl-d3"/>
      </object_component>
      <object_component id="oc-1f6">
         <name>.text:GrRectFill</name>
         <load_address>0x2b50</load_address>
         <run_address>0x2b50</run_address>
         <size>0x86</size>
         <input_file_ref idref="fl-e7"/>
      </object_component>
      <object_component id="oc-393">
         <name>.text:__aeabi_cdcmple</name>
         <load_address>0x2bd6</load_address>
         <run_address>0x2bd6</run_address>
         <size>0x86</size>
         <input_file_ref idref="fl-cd"/>
      </object_component>
      <object_component id="oc-42e">
         <name>.text:__aeabi_cdrcmple</name>
         <load_address>0x2c5c</load_address>
         <run_address>0x2c5c</run_address>
         <size>0x86</size>
         <input_file_ref idref="fl-cd"/>
      </object_component>
      <object_component id="oc-17a">
         <name>.text:floorf</name>
         <load_address>0x2ce4</load_address>
         <run_address>0x2ce4</run_address>
         <size>0x80</size>
         <input_file_ref idref="fl-ca"/>
      </object_component>
      <object_component id="oc-f8">
         <name>.text:ADCSequenceStepConfigure</name>
         <load_address>0x2d64</load_address>
         <run_address>0x2d64</run_address>
         <size>0x7a</size>
         <input_file_ref idref="fl-ec"/>
      </object_component>
      <object_component id="oc-13c">
         <name>.text</name>
         <load_address>0x2dde</load_address>
         <run_address>0x2dde</run_address>
         <size>0x7a</size>
         <input_file_ref idref="fl-d2"/>
      </object_component>
      <object_component id="oc-44e">
         <name>.text:_mcpy</name>
         <load_address>0x2e58</load_address>
         <run_address>0x2e58</run_address>
         <size>0x6e</size>
         <input_file_ref idref="fl-cb"/>
      </object_component>
      <object_component id="oc-a7">
         <name>.text:roundf</name>
         <load_address>0x2ec6</load_address>
         <run_address>0x2ec6</run_address>
         <size>0x6e</size>
         <input_file_ref idref="fl-c3"/>
      </object_component>
      <object_component id="oc-1e7">
         <name>.text:GrContextInit</name>
         <load_address>0x2f34</load_address>
         <run_address>0x2f34</run_address>
         <size>0x68</size>
         <input_file_ref idref="fl-e6"/>
      </object_component>
      <object_component id="oc-c5">
         <name>.text:IntEnable</name>
         <load_address>0x2f9c</load_address>
         <run_address>0x2f9c</run_address>
         <size>0x68</size>
         <input_file_ref idref="fl-ef"/>
      </object_component>
      <object_component id="oc-15">
         <name>.text:decompress:lzss:__TI_decompress_lzss</name>
         <load_address>0x3004</load_address>
         <run_address>0x3004</run_address>
         <size>0x68</size>
         <input_file_ref idref="fl-c8"/>
      </object_component>
      <object_component id="oc-463">
         <name>.text:frexp</name>
         <load_address>0x306c</load_address>
         <run_address>0x306c</run_address>
         <size>0x64</size>
         <input_file_ref idref="fl-e2"/>
      </object_component>
      <object_component id="oc-9e">
         <name>.text:TimerConfigure</name>
         <load_address>0x30d0</load_address>
         <run_address>0x30d0</run_address>
         <size>0x60</size>
         <input_file_ref idref="fl-f2"/>
      </object_component>
      <object_component id="oc-405">
         <name>.text:FontWideGlyphDataGet</name>
         <load_address>0x3130</load_address>
         <run_address>0x3130</run_address>
         <size>0x5a</size>
         <input_file_ref idref="fl-e8"/>
      </object_component>
      <object_component id="oc-39e">
         <name>.text:_pconv_f</name>
         <load_address>0x318a</load_address>
         <run_address>0x318a</run_address>
         <size>0x56</size>
         <input_file_ref idref="fl-cb"/>
      </object_component>
      <object_component id="oc-438">
         <name>.text:__TI_ltoa</name>
         <load_address>0x31e0</load_address>
         <run_address>0x31e0</run_address>
         <size>0x54</size>
         <input_file_ref idref="fl-d9"/>
      </object_component>
      <object_component id="oc-448">
         <name>.text:_ecpy</name>
         <load_address>0x3234</load_address>
         <run_address>0x3234</run_address>
         <size>0x52</size>
         <input_file_ref idref="fl-cb"/>
      </object_component>
      <object_component id="oc-387">
         <name>.text:atoi</name>
         <load_address>0x3288</load_address>
         <run_address>0x3288</run_address>
         <size>0x4c</size>
         <input_file_ref idref="fl-db"/>
      </object_component>
      <object_component id="oc-1fc">
         <name>.text:snprintf</name>
         <load_address>0x32d4</load_address>
         <run_address>0x32d4</run_address>
         <size>0x4c</size>
         <input_file_ref idref="fl-c4"/>
      </object_component>
      <object_component id="oc-2b3">
         <name>.text:UpdateContextCharMapping</name>
         <load_address>0x3320</load_address>
         <run_address>0x3320</run_address>
         <size>0x4a</size>
         <input_file_ref idref="fl-e8"/>
      </object_component>
      <object_component id="oc-326">
         <name>.text:GPIOPinWrite</name>
         <load_address>0x336a</load_address>
         <run_address>0x336a</run_address>
         <size>0x6</size>
         <input_file_ref idref="fl-ee"/>
      </object_component>
      <object_component id="oc-dd">
         <name>.text</name>
         <load_address>0x3370</load_address>
         <run_address>0x3370</run_address>
         <size>0x4a</size>
         <input_file_ref idref="fl-6"/>
      </object_component>
      <object_component id="oc-33e">
         <name>.text:GPIOPinConfigure</name>
         <load_address>0x33bc</load_address>
         <run_address>0x33bc</run_address>
         <size>0x48</size>
         <input_file_ref idref="fl-ee"/>
      </object_component>
      <object_component id="oc-275">
         <name>.text:_SysCtlFrequencyGet</name>
         <load_address>0x3404</load_address>
         <run_address>0x3404</run_address>
         <size>0x48</size>
         <input_file_ref idref="fl-f1"/>
      </object_component>
      <object_component id="oc-433">
         <name>.text</name>
         <load_address>0x344c</load_address>
         <run_address>0x344c</run_address>
         <size>0x48</size>
         <input_file_ref idref="fl-d0"/>
      </object_component>
      <object_component id="oc-215">
         <name>.text:__TI_auto_init_nobinit_nopinit:__TI_auto_init_nobinit_nopinit</name>
         <load_address>0x3494</load_address>
         <run_address>0x3494</run_address>
         <size>0x44</size>
         <input_file_ref idref="fl-d4"/>
      </object_component>
      <object_component id="oc-f2">
         <name>.text:ADCSequenceConfigure</name>
         <load_address>0x34d8</load_address>
         <run_address>0x34d8</run_address>
         <size>0x3e</size>
         <input_file_ref idref="fl-ec"/>
      </object_component>
      <object_component id="oc-45b">
         <name>.text:_fcpy</name>
         <load_address>0x3516</load_address>
         <run_address>0x3516</run_address>
         <size>0x3e</size>
         <input_file_ref idref="fl-cb"/>
      </object_component>
      <object_component id="oc-32c">
         <name>.text:SSIConfigSetExpClk</name>
         <load_address>0x3554</load_address>
         <run_address>0x3554</run_address>
         <size>0x3c</size>
         <input_file_ref idref="fl-f0"/>
      </object_component>
      <object_component id="oc-40b">
         <name>.text:FontGlyphDataGet</name>
         <load_address>0x3590</load_address>
         <run_address>0x3590</run_address>
         <size>0x3a</size>
         <input_file_ref idref="fl-e8"/>
      </object_component>
      <object_component id="oc-92">
         <name>.text:SysCtlPeripheralEnable</name>
         <load_address>0x35cc</load_address>
         <run_address>0x35cc</run_address>
         <size>0x34</size>
         <input_file_ref idref="fl-f1"/>
      </object_component>
      <object_component id="oc-5f">
         <name>.text:_c_int00_noargs:_c_int00_noargs</name>
         <load_address>0x3600</load_address>
         <run_address>0x3600</run_address>
         <size>0x34</size>
         <input_file_ref idref="fl-c9"/>
      </object_component>
      <object_component id="oc-2c9">
         <name>.text:_outs</name>
         <load_address>0x3634</load_address>
         <run_address>0x3634</run_address>
         <size>0x30</size>
         <input_file_ref idref="fl-c4"/>
      </object_component>
      <object_component id="oc-7a">
         <name>.text:ADCIntStatus</name>
         <load_address>0x3664</load_address>
         <run_address>0x3664</run_address>
         <size>0x2e</size>
         <input_file_ref idref="fl-ec"/>
      </object_component>
      <object_component id="oc-355">
         <name>.text:GrStringNextCharGet</name>
         <load_address>0x3692</load_address>
         <run_address>0x3692</run_address>
         <size>0x2e</size>
         <input_file_ref idref="fl-e8"/>
      </object_component>
      <object_component id="oc-43e">
         <name>.text</name>
         <load_address>0x36c0</load_address>
         <run_address>0x36c0</run_address>
         <size>0x2e</size>
         <input_file_ref idref="fl-d1"/>
      </object_component>
      <object_component id="oc-18e">
         <name>.text:GPIODirModeSet</name>
         <load_address>0x36ee</load_address>
         <run_address>0x36ee</run_address>
         <size>0x2a</size>
         <input_file_ref idref="fl-ee"/>
      </object_component>
      <object_component id="oc-34f">
         <name>.text:GrFontInfoGet</name>
         <load_address>0x3718</load_address>
         <run_address>0x3718</run_address>
         <size>0x26</size>
         <input_file_ref idref="fl-e8"/>
      </object_component>
      <object_component id="oc-bf">
         <name>.text:IntPrioritySet</name>
         <load_address>0x3740</load_address>
         <run_address>0x3740</run_address>
         <size>0x24</size>
         <input_file_ref idref="fl-ef"/>
      </object_component>
      <object_component id="oc-35b">
         <name>.text:GrFontGlyphDataGet</name>
         <load_address>0x3764</load_address>
         <run_address>0x3764</run_address>
         <size>0x22</size>
         <input_file_ref idref="fl-e8"/>
      </object_component>
      <object_component id="oc-83">
         <name>.text:ADCSequenceDataGet</name>
         <load_address>0x3786</load_address>
         <run_address>0x3786</run_address>
         <size>0x1e</size>
         <input_file_ref idref="fl-ec"/>
      </object_component>
      <object_component id="oc-376">
         <name>.text:GrFontCodepageGet</name>
         <load_address>0x37a4</load_address>
         <run_address>0x37a4</run_address>
         <size>0x1e</size>
         <input_file_ref idref="fl-e8"/>
      </object_component>
      <object_component id="oc-26f">
         <name>.text:_SysCtlMemTimingGet</name>
         <load_address>0x37c4</load_address>
         <run_address>0x37c4</run_address>
         <size>0x1c</size>
         <input_file_ref idref="fl-f1"/>
      </object_component>
      <object_component id="oc-4d">
         <name>.text:decompress:ZI:__TI_zero_init_nomemset:__TI_zero_init_nomemset</name>
         <load_address>0x37e0</load_address>
         <run_address>0x37e0</run_address>
         <size>0x1c</size>
         <input_file_ref idref="fl-c6"/>
      </object_component>
      <object_component id="oc-3b0">
         <name>.text:memccpy</name>
         <load_address>0x37fc</load_address>
         <run_address>0x37fc</run_address>
         <size>0x1c</size>
         <input_file_ref idref="fl-dd"/>
      </object_component>
      <object_component id="oc-4c7">
         <name>.text:copysign</name>
         <load_address>0x3818</load_address>
         <run_address>0x3818</run_address>
         <size>0x1a</size>
         <input_file_ref idref="fl-e5"/>
      </object_component>
      <object_component id="oc-1f0">
         <name>.text:GrContextFontSet</name>
         <load_address>0x3832</load_address>
         <run_address>0x3832</run_address>
         <size>0x6</size>
         <input_file_ref idref="fl-e8"/>
      </object_component>
      <object_component id="oc-27">
         <name>.text</name>
         <load_address>0x3838</load_address>
         <run_address>0x3838</run_address>
         <size>0x1a</size>
         <input_file_ref idref="fl-7"/>
      </object_component>
      <object_component id="oc-e6">
         <name>.text:ADCClockConfigSet</name>
         <load_address>0x3852</load_address>
         <run_address>0x3852</run_address>
         <size>0x18</size>
         <input_file_ref idref="fl-ec"/>
      </object_component>
      <object_component id="oc-74">
         <name>.text:ADCProcessorTrigger</name>
         <load_address>0x386a</load_address>
         <run_address>0x386a</run_address>
         <size>0x18</size>
         <input_file_ref idref="fl-ec"/>
      </object_component>
      <object_component id="oc-344">
         <name>.text:GPIOPinTypeGPIOOutput</name>
         <load_address>0x3882</load_address>
         <run_address>0x3882</run_address>
         <size>0x18</size>
         <input_file_ref idref="fl-ee"/>
      </object_component>
      <object_component id="oc-2cf">
         <name>.text:_outc</name>
         <load_address>0x389a</load_address>
         <run_address>0x389a</run_address>
         <size>0x18</size>
         <input_file_ref idref="fl-c4"/>
      </object_component>
      <object_component id="oc-202">
         <name>.text:GrStringDraw</name>
         <load_address>0x38b2</load_address>
         <run_address>0x38b2</run_address>
         <size>0x16</size>
         <input_file_ref idref="fl-e8"/>
      </object_component>
      <object_component id="oc-46f">
         <name>.text:strchr</name>
         <load_address>0x38c8</load_address>
         <run_address>0x38c8</run_address>
         <size>0x16</size>
         <input_file_ref idref="fl-de"/>
      </object_component>
      <object_component id="oc-98">
         <name>.text:TimerDisable</name>
         <load_address>0x38e0</load_address>
         <run_address>0x38e0</run_address>
         <size>0x14</size>
         <input_file_ref idref="fl-f2"/>
      </object_component>
      <object_component id="oc-381">
         <name>.text:strlen</name>
         <load_address>0x38f4</load_address>
         <run_address>0x38f4</run_address>
         <size>0x14</size>
         <input_file_ref idref="fl-df"/>
      </object_component>
      <object_component id="oc-d7">
         <name>.text:GPIOPinTypeADC</name>
         <load_address>0x3908</load_address>
         <run_address>0x3908</run_address>
         <size>0x12</size>
         <input_file_ref idref="fl-ee"/>
      </object_component>
      <object_component id="oc-cb">
         <name>.text:GPIOPinTypeGPIOInput</name>
         <load_address>0x391a</load_address>
         <run_address>0x391a</run_address>
         <size>0x12</size>
         <input_file_ref idref="fl-ee"/>
      </object_component>
      <object_component id="oc-338">
         <name>.text:GPIOPinTypeSSI</name>
         <load_address>0x392c</load_address>
         <run_address>0x392c</run_address>
         <size>0x12</size>
         <input_file_ref idref="fl-ee"/>
      </object_component>
      <object_component id="oc-ad">
         <name>.text:TimerLoadSet</name>
         <load_address>0x393e</load_address>
         <run_address>0x393e</run_address>
         <size>0x12</size>
         <input_file_ref idref="fl-f2"/>
      </object_component>
      <object_component id="oc-3b6">
         <name>.text:wcslen</name>
         <load_address>0x3950</load_address>
         <run_address>0x3950</run_address>
         <size>0x12</size>
         <input_file_ref idref="fl-e1"/>
      </object_component>
      <object_component id="oc-1c6">
         <name>.text:FPUEnable</name>
         <load_address>0x3964</load_address>
         <run_address>0x3964</run_address>
         <size>0x10</size>
         <input_file_ref idref="fl-ed"/>
      </object_component>
      <object_component id="oc-1cc">
         <name>.text:FPULazyStackingEnable</name>
         <load_address>0x3974</load_address>
         <run_address>0x3974</run_address>
         <size>0x10</size>
         <input_file_ref idref="fl-ed"/>
      </object_component>
      <object_component id="oc-1c0">
         <name>.text:IntMasterDisable</name>
         <load_address>0x3984</load_address>
         <run_address>0x3984</run_address>
         <size>0x10</size>
         <input_file_ref idref="fl-ef"/>
      </object_component>
      <object_component id="oc-1de">
         <name>.text:IntMasterEnable</name>
         <load_address>0x3994</load_address>
         <run_address>0x3994</run_address>
         <size>0x10</size>
         <input_file_ref idref="fl-ef"/>
      </object_component>
      <object_component id="oc-ec">
         <name>.text:ADCSequenceDisable</name>
         <load_address>0x39a4</load_address>
         <run_address>0x39a4</run_address>
         <size>0xe</size>
         <input_file_ref idref="fl-ec"/>
      </object_component>
      <object_component id="oc-fe">
         <name>.text:ADCSequenceEnable</name>
         <load_address>0x39b2</load_address>
         <run_address>0x39b2</run_address>
         <size>0xe</size>
         <input_file_ref idref="fl-ec"/>
      </object_component>
      <object_component id="oc-b9">
         <name>.text:TimerEnable</name>
         <load_address>0x39c0</load_address>
         <run_address>0x39c0</run_address>
         <size>0xe</size>
         <input_file_ref idref="fl-f2"/>
      </object_component>
      <object_component id="oc-1b">
         <name>.text:decompress:none:__TI_decompress_none</name>
         <load_address>0x39ce</load_address>
         <run_address>0x39ce</run_address>
         <size>0xe</size>
         <input_file_ref idref="fl-c7"/>
      </object_component>
      <object_component id="oc-266">
         <name>.text:CPUcpsid</name>
         <load_address>0x39dc</load_address>
         <run_address>0x39dc</run_address>
         <size>0xc</size>
         <input_file_ref idref="fl-f3"/>
      </object_component>
      <object_component id="oc-297">
         <name>.text:CPUcpsie</name>
         <load_address>0x39e8</load_address>
         <run_address>0x39e8</run_address>
         <size>0xc</size>
         <input_file_ref idref="fl-f3"/>
      </object_component>
      <object_component id="oc-89">
         <name>.text:ADCIntClear</name>
         <load_address>0x39f4</load_address>
         <run_address>0x39f4</run_address>
         <size>0xa</size>
         <input_file_ref idref="fl-ec"/>
      </object_component>
      <object_component id="oc-31a">
         <name>.text:SSIDataPut</name>
         <load_address>0x39fe</load_address>
         <run_address>0x39fe</run_address>
         <size>0xa</size>
         <input_file_ref idref="fl-f0"/>
      </object_component>
      <object_component id="oc-332">
         <name>.text:SSIEnable</name>
         <load_address>0x3a08</load_address>
         <run_address>0x3a08</run_address>
         <size>0xa</size>
         <input_file_ref idref="fl-f0"/>
      </object_component>
      <object_component id="oc-368">
         <name>.text:GrMapISO8859_1_Unicode</name>
         <load_address>0x3a12</load_address>
         <run_address>0x3a12</run_address>
         <size>0x8</size>
         <input_file_ref idref="fl-ea"/>
      </object_component>
      <object_component id="oc-320">
         <name>.text:SSIBusy</name>
         <load_address>0x3a1a</load_address>
         <run_address>0x3a1a</run_address>
         <size>0x8</size>
         <input_file_ref idref="fl-f0"/>
      </object_component>
      <object_component id="oc-b3">
         <name>.text:TimerIntEnable</name>
         <load_address>0x3a22</load_address>
         <run_address>0x3a22</run_address>
         <size>0x8</size>
         <input_file_ref idref="fl-f2"/>
      </object_component>
      <object_component id="oc-3bc">
         <name>.text:__aeabi_errno_addr</name>
         <load_address>0x3a2c</load_address>
         <run_address>0x3a2c</run_address>
         <size>0x8</size>
         <input_file_ref idref="fl-e0"/>
      </object_component>
      <object_component id="oc-28f">
         <name>.text:SysCtlDelay</name>
         <load_address>0x3a34</load_address>
         <run_address>0x3a34</run_address>
         <size>0x6</size>
         <input_file_ref idref="fl-f1"/>
      </object_component>
      <object_component id="oc-106">
         <name>.text:TimerIntClear</name>
         <load_address>0x3a3a</load_address>
         <run_address>0x3a3a</run_address>
         <size>0x4</size>
         <input_file_ref idref="fl-f2"/>
      </object_component>
      <object_component id="oc-142">
         <name>.text:_system_pre_init</name>
         <load_address>0x3a3e</load_address>
         <run_address>0x3a3e</run_address>
         <size>0x4</size>
         <input_file_ref idref="fl-d5"/>
      </object_component>
      <object_component id="oc-209">
         <name>.text:abort:abort</name>
         <load_address>0x3a42</load_address>
         <run_address>0x3a42</run_address>
         <size>0x4</size>
         <input_file_ref idref="fl-d7"/>
      </object_component>
      <object_component id="oc-2ad">
         <name>.const:.string:g_pui8FontFixed6x8Data</name>
         <load_address>0x3a48</load_address>
         <run_address>0x3a48</run_address>
         <size>0x2f8</size>
         <input_file_ref idref="fl-e9"/>
      </object_component>
      <object_component id="oc-27e">
         <name>.const:g_pppui32XTALtoVCO</name>
         <load_address>0x3d40</load_address>
         <run_address>0x3d40</run_address>
         <size>0x120</size>
         <input_file_ref idref="fl-f1"/>
      </object_component>
      <object_component id="oc-418">
         <name>.const:.string:_ctypes_</name>
         <load_address>0x3e60</load_address>
         <run_address>0x3e60</run_address>
         <size>0x101</size>
         <input_file_ref idref="fl-dc"/>
      </object_component>
      <object_component id="oc-1ed">
         <name>.const:g_sFontFixed6x8</name>
         <load_address>0x3f64</load_address>
         <run_address>0x3f64</run_address>
         <size>0xc8</size>
         <input_file_ref idref="fl-e9"/>
      </object_component>
      <object_component id="oc-185">
         <name>.const:g_pui32Regs</name>
         <load_address>0x402c</load_address>
         <run_address>0x402c</run_address>
         <size>0x9c</size>
         <input_file_ref idref="fl-ef"/>
      </object_component>
      <object_component id="oc-3fc">
         <name>.const:g_pui32GPIOBaseAddrs</name>
         <load_address>0x40c8</load_address>
         <run_address>0x40c8</run_address>
         <size>0x90</size>
         <input_file_ref idref="fl-ee"/>
      </object_component>
      <object_component id="oc-18a">
         <name>.const</name>
         <load_address>0x4158</load_address>
         <run_address>0x4158</run_address>
         <size>0x70</size>
         <input_file_ref idref="fl-ef"/>
      </object_component>
      <object_component id="oc-27b">
         <name>.const:g_pui32Xtals</name>
         <load_address>0x41c8</load_address>
         <run_address>0x41c8</run_address>
         <size>0x6c</size>
         <input_file_ref idref="fl-f1"/>
      </object_component>
      <object_component id="oc-30f">
         <name>.const:g_sXTALtoMEMTIM</name>
         <load_address>0x4234</load_address>
         <run_address>0x4234</run_address>
         <size>0x30</size>
         <input_file_ref idref="fl-f1"/>
      </object_component>
      <object_component id="oc-1e4">
         <name>.const:g_sCrystalfontz128x128</name>
         <load_address>0x4264</load_address>
         <run_address>0x4264</run_address>
         <size>0x28</size>
         <input_file_ref idref="fl-2"/>
      </object_component>
      <object_component id="oc-2a6">
         <name>.const</name>
         <load_address>0x428c</load_address>
         <run_address>0x428c</run_address>
         <size>0x10</size>
         <input_file_ref idref="fl-e6"/>
      </object_component>
      <object_component id="oc-281">
         <name>.const</name>
         <load_address>0x429c</load_address>
         <run_address>0x429c</run_address>
         <size>0x8</size>
         <input_file_ref idref="fl-f1"/>
      </object_component>
      <object_component id="oc-51f">
         <name>.cinit..data.load</name>
         <load_address>0x42a8</load_address>
         <run_address>0x42a8</run_address>
         <size>0x14</size>
      </object_component>
      <object_component id="oc-51d">
         <name>__TI_handler_table</name>
         <load_address>0x42bc</load_address>
         <run_address>0x42bc</run_address>
         <size>0xc</size>
      </object_component>
      <object_component id="oc-520">
         <name>.cinit..bss.load</name>
         <load_address>0x42c8</load_address>
         <run_address>0x42c8</run_address>
         <size>0x8</size>
      </object_component>
      <object_component id="oc-51e">
         <name>__TI_cinit_table</name>
         <load_address>0x42d0</load_address>
         <run_address>0x42d0</run_address>
         <size>0x10</size>
      </object_component>
      <object_component id="oc-28c">
         <name>.data:Lcd_buffer</name>
         <load_address>0x20000000</load_address>
         <run_address>0x20000000</run_address>
         <size>0x8000</size>
         <input_file_ref idref="fl-2"/>
      </object_component>
      <object_component id="oc-8f">
         <name>.data</name>
         <load_address>0x20008034</load_address>
         <run_address>0x20008034</run_address>
         <size>0x6</size>
         <input_file_ref idref="fl-4"/>
      </object_component>
      <object_component id="oc-80">
         <name>.data:gJoystick</name>
         <load_address>0x20008024</load_address>
         <run_address>0x20008024</run_address>
         <size>0x8</size>
         <input_file_ref idref="fl-4"/>
      </object_component>
      <object_component id="oc-105">
         <name>.data:count$2</name>
         <load_address>0x20008000</load_address>
         <run_address>0x20008000</run_address>
         <size>0x24</size>
         <input_file_ref idref="fl-4"/>
      </object_component>
      <object_component id="oc-112">
         <name>.data</name>
         <load_address>0x2000802c</load_address>
         <run_address>0x2000802c</run_address>
         <size>0x8</size>
         <input_file_ref idref="fl-5"/>
      </object_component>
      <object_component id="oc-47f">
         <name>.data</name>
         <load_address>0x2000803c</load_address>
         <run_address>0x2000803c</run_address>
         <size>0x4</size>
         <input_file_ref idref="fl-e0"/>
      </object_component>
      <object_component id="oc-104">
         <name>.bss:state$1</name>
         <uninitialized>true</uninitialized>
         <run_address>0x20008840</run_address>
         <size>0x14</size>
         <input_file_ref idref="fl-4"/>
      </object_component>
      <object_component id="oc-285">
         <name>.common:Lcd_Orientation</name>
         <uninitialized>true</uninitialized>
         <run_address>0x20008868</run_address>
         <size>0x1</size>
      </object_component>
      <object_component id="oc-291">
         <name>.common:Lcd_ScreenWidth</name>
         <uninitialized>true</uninitialized>
         <run_address>0x20008862</run_address>
         <size>0x2</size>
      </object_component>
      <object_component id="oc-290">
         <name>.common:Lcd_ScreenHeigth</name>
         <uninitialized>true</uninitialized>
         <run_address>0x20008860</run_address>
         <size>0x2</size>
      </object_component>
      <object_component id="oc-292">
         <name>.common:Lcd_PenSolid</name>
         <uninitialized>true</uninitialized>
         <run_address>0x20008869</run_address>
         <size>0x1</size>
      </object_component>
      <object_component id="oc-293">
         <name>.common:Lcd_FontSolid</name>
         <uninitialized>true</uninitialized>
         <run_address>0x20008867</run_address>
         <size>0x1</size>
      </object_component>
      <object_component id="oc-294">
         <name>.common:Lcd_FlagRead</name>
         <uninitialized>true</uninitialized>
         <run_address>0x20008866</run_address>
         <size>0x1</size>
      </object_component>
      <object_component id="oc-295">
         <name>.common:Lcd_TouchTrim</name>
         <uninitialized>true</uninitialized>
         <run_address>0x20008864</run_address>
         <size>0x2</size>
      </object_component>
      <object_component id="oc-e3">
         <name>.common:gADCSamplingRate</name>
         <uninitialized>true</uninitialized>
         <run_address>0x20008854</run_address>
         <size>0x4</size>
      </object_component>
      <object_component id="oc-a4">
         <name>.common:gSystemClock</name>
         <uninitialized>true</uninitialized>
         <run_address>0x20008858</run_address>
         <size>0x4</size>
      </object_component>
      <object_component id="oc-2a9">
         <name>.common:g_psGrLibDefaults</name>
         <uninitialized>true</uninitialized>
         <run_address>0x2000885c</run_address>
         <size>0x4</size>
      </object_component>
      <object_component id="oc-24">
         <name>.stack</name>
         <uninitialized>true</uninitialized>
         <run_address>0x20008040</run_address>
         <size>0x4</size>
         <input_file_ref idref="fl-c9"/>
      </object_component>
      <object_component id="oc-522">
         <name>.stack</name>
         <uninitialized>true</uninitialized>
         <run_address>0x20008040</run_address>
         <size>0x0</size>
      </object_component>
      <object_component id="oc-1ae">
         <name>.debug_info</name>
         <load_address>0x0</load_address>
         <run_address>0x0</run_address>
         <size>0x6e8</size>
         <input_file_ref idref="fl-2"/>
      </object_component>
      <object_component id="oc-28d">
         <name>.debug_info</name>
         <load_address>0x6e8</load_address>
         <run_address>0x6e8</run_address>
         <size>0xee</size>
         <input_file_ref idref="fl-2"/>
      </object_component>
      <object_component id="oc-1e5">
         <name>.debug_info</name>
         <load_address>0x7d6</load_address>
         <run_address>0x7d6</run_address>
         <size>0x107</size>
         <input_file_ref idref="fl-2"/>
      </object_component>
      <object_component id="oc-1d9">
         <name>.debug_info</name>
         <load_address>0x8dd</load_address>
         <run_address>0x8dd</run_address>
         <size>0x10e3</size>
         <input_file_ref idref="fl-2"/>
      </object_component>
      <object_component id="oc-170">
         <name>.debug_info</name>
         <load_address>0x19c0</load_address>
         <run_address>0x19c0</run_address>
         <size>0x6bd</size>
         <input_file_ref idref="fl-2"/>
      </object_component>
      <object_component id="oc-122">
         <name>.debug_info</name>
         <load_address>0x207d</load_address>
         <run_address>0x207d</run_address>
         <size>0x26b</size>
         <input_file_ref idref="fl-2"/>
      </object_component>
      <object_component id="oc-11b">
         <name>.debug_info</name>
         <load_address>0x22e8</load_address>
         <run_address>0x22e8</run_address>
         <size>0x8b</size>
         <input_file_ref idref="fl-2"/>
      </object_component>
      <object_component id="oc-1a9">
         <name>.debug_info</name>
         <load_address>0x2373</load_address>
         <run_address>0x2373</run_address>
         <size>0x2a4</size>
         <input_file_ref idref="fl-2"/>
      </object_component>
      <object_component id="oc-199">
         <name>.debug_info</name>
         <load_address>0x2617</load_address>
         <run_address>0x2617</run_address>
         <size>0xef</size>
         <input_file_ref idref="fl-2"/>
      </object_component>
      <object_component id="oc-116">
         <name>.debug_info</name>
         <load_address>0x2706</load_address>
         <run_address>0x2706</run_address>
         <size>0xbb</size>
         <input_file_ref idref="fl-2"/>
      </object_component>
      <object_component id="oc-34b">
         <name>.debug_info</name>
         <load_address>0x27c1</load_address>
         <run_address>0x27c1</run_address>
         <size>0x6a8</size>
         <input_file_ref idref="fl-3"/>
      </object_component>
      <object_component id="oc-287">
         <name>.debug_info</name>
         <load_address>0x2e69</load_address>
         <run_address>0x2e69</run_address>
         <size>0x608</size>
         <input_file_ref idref="fl-3"/>
      </object_component>
      <object_component id="oc-e4">
         <name>.debug_info</name>
         <load_address>0x3471</load_address>
         <run_address>0x3471</run_address>
         <size>0x86f</size>
         <input_file_ref idref="fl-4"/>
      </object_component>
      <object_component id="oc-90">
         <name>.debug_info</name>
         <load_address>0x3ce0</load_address>
         <run_address>0x3ce0</run_address>
         <size>0xd7</size>
         <input_file_ref idref="fl-4"/>
      </object_component>
      <object_component id="oc-81">
         <name>.debug_info</name>
         <load_address>0x3db7</load_address>
         <run_address>0x3db7</run_address>
         <size>0xd9</size>
         <input_file_ref idref="fl-4"/>
      </object_component>
      <object_component id="oc-2e">
         <name>.debug_info</name>
         <load_address>0x3e90</load_address>
         <run_address>0x3e90</run_address>
         <size>0x752</size>
         <input_file_ref idref="fl-4"/>
      </object_component>
      <object_component id="oc-a5">
         <name>.debug_info</name>
         <load_address>0x45e2</load_address>
         <run_address>0x45e2</run_address>
         <size>0x7d9</size>
         <input_file_ref idref="fl-5"/>
      </object_component>
      <object_component id="oc-113">
         <name>.debug_info</name>
         <load_address>0x4dbb</load_address>
         <run_address>0x4dbb</run_address>
         <size>0xf1</size>
         <input_file_ref idref="fl-5"/>
      </object_component>
      <object_component id="oc-149">
         <name>.debug_info</name>
         <load_address>0x4eac</load_address>
         <run_address>0x4eac</run_address>
         <size>0x2b5</size>
         <input_file_ref idref="fl-5"/>
      </object_component>
      <object_component id="oc-175">
         <name>.debug_info</name>
         <load_address>0x5161</load_address>
         <run_address>0x5161</run_address>
         <size>0xcc</size>
         <input_file_ref idref="fl-5"/>
      </object_component>
      <object_component id="oc-2e1">
         <name>.debug_info</name>
         <load_address>0x522d</load_address>
         <run_address>0x522d</run_address>
         <size>0x2c</size>
         <input_file_ref idref="fl-5"/>
      </object_component>
      <object_component id="oc-df">
         <name>.debug_info</name>
         <load_address>0x5259</load_address>
         <run_address>0x5259</run_address>
         <size>0x1b2</size>
         <input_file_ref idref="fl-6"/>
      </object_component>
      <object_component id="oc-3c">
         <name>.debug_info</name>
         <load_address>0x540b</load_address>
         <run_address>0x540b</run_address>
         <size>0x84</size>
         <input_file_ref idref="fl-6"/>
      </object_component>
      <object_component id="oc-35">
         <name>.debug_info</name>
         <load_address>0x548f</load_address>
         <run_address>0x548f</run_address>
         <size>0x2cc</size>
         <input_file_ref idref="fl-7"/>
      </object_component>
      <object_component id="oc-13">
         <name>.debug_info</name>
         <load_address>0x575b</load_address>
         <run_address>0x575b</run_address>
         <size>0xf1</size>
         <input_file_ref idref="fl-7"/>
      </object_component>
      <object_component id="oc-28">
         <name>.debug_info</name>
         <load_address>0x584c</load_address>
         <run_address>0x584c</run_address>
         <size>0x270</size>
         <input_file_ref idref="fl-7"/>
      </object_component>
      <object_component id="oc-181">
         <name>.debug_info</name>
         <load_address>0x5abc</load_address>
         <run_address>0x5abc</run_address>
         <size>0x2a9</size>
         <input_file_ref idref="fl-c3"/>
      </object_component>
      <object_component id="oc-ab">
         <name>.debug_info</name>
         <load_address>0x5d65</load_address>
         <run_address>0x5d65</run_address>
         <size>0x189</size>
         <input_file_ref idref="fl-c3"/>
      </object_component>
      <object_component id="oc-2d6">
         <name>.debug_info</name>
         <load_address>0x5eee</load_address>
         <run_address>0x5eee</run_address>
         <size>0x33a</size>
         <input_file_ref idref="fl-c4"/>
      </object_component>
      <object_component id="oc-200">
         <name>.debug_info</name>
         <load_address>0x6228</load_address>
         <run_address>0x6228</run_address>
         <size>0x1ee</size>
         <input_file_ref idref="fl-c4"/>
      </object_component>
      <object_component id="oc-2ca">
         <name>.debug_info</name>
         <load_address>0x6416</load_address>
         <run_address>0x6416</run_address>
         <size>0x1c3</size>
         <input_file_ref idref="fl-c4"/>
      </object_component>
      <object_component id="oc-2d0">
         <name>.debug_info</name>
         <load_address>0x65d9</load_address>
         <run_address>0x65d9</run_address>
         <size>0x176</size>
         <input_file_ref idref="fl-c4"/>
      </object_component>
      <object_component id="oc-2d7">
         <name>.debug_info</name>
         <load_address>0x674f</load_address>
         <run_address>0x674f</run_address>
         <size>0x2c</size>
         <input_file_ref idref="fl-c4"/>
      </object_component>
      <object_component id="oc-2dc">
         <name>.debug_info</name>
         <load_address>0x677b</load_address>
         <run_address>0x677b</run_address>
         <size>0x69</size>
         <input_file_ref idref="fl-c4"/>
      </object_component>
      <object_component id="oc-42">
         <name>.debug_info</name>
         <load_address>0x67e4</load_address>
         <run_address>0x67e4</run_address>
         <size>0x119</size>
         <input_file_ref idref="fl-c5"/>
      </object_component>
      <object_component id="oc-13b">
         <name>.debug_info</name>
         <load_address>0x68fd</load_address>
         <run_address>0x68fd</run_address>
         <size>0x2d4</size>
         <input_file_ref idref="fl-c6"/>
      </object_component>
      <object_component id="oc-4f">
         <name>.debug_info</name>
         <load_address>0x6bd1</load_address>
         <run_address>0x6bd1</run_address>
         <size>0x1d2</size>
         <input_file_ref idref="fl-c6"/>
      </object_component>
      <object_component id="oc-136">
         <name>.debug_info</name>
         <load_address>0x6da3</load_address>
         <run_address>0x6da3</run_address>
         <size>0x46</size>
         <input_file_ref idref="fl-c6"/>
      </object_component>
      <object_component id="oc-1b7">
         <name>.debug_info</name>
         <load_address>0x6de9</load_address>
         <run_address>0x6de9</run_address>
         <size>0x2c</size>
         <input_file_ref idref="fl-c6"/>
      </object_component>
      <object_component id="oc-4c">
         <name>.debug_info</name>
         <load_address>0x6e15</load_address>
         <run_address>0x6e15</run_address>
         <size>0x2a8</size>
         <input_file_ref idref="fl-c7"/>
      </object_component>
      <object_component id="oc-1d">
         <name>.debug_info</name>
         <load_address>0x70bd</load_address>
         <run_address>0x70bd</run_address>
         <size>0x1ea</size>
         <input_file_ref idref="fl-c7"/>
      </object_component>
      <object_component id="oc-47">
         <name>.debug_info</name>
         <load_address>0x72a7</load_address>
         <run_address>0x72a7</run_address>
         <size>0x46</size>
         <input_file_ref idref="fl-c7"/>
      </object_component>
      <object_component id="oc-12e">
         <name>.debug_info</name>
         <load_address>0x72ed</load_address>
         <run_address>0x72ed</run_address>
         <size>0x2c</size>
         <input_file_ref idref="fl-c7"/>
      </object_component>
      <object_component id="oc-12c">
         <name>.debug_info</name>
         <load_address>0x7319</load_address>
         <run_address>0x7319</run_address>
         <size>0x29e</size>
         <input_file_ref idref="fl-c8"/>
      </object_component>
      <object_component id="oc-19">
         <name>.debug_info</name>
         <load_address>0x75b7</load_address>
         <run_address>0x75b7</run_address>
         <size>0x250</size>
         <input_file_ref idref="fl-c8"/>
      </object_component>
      <object_component id="oc-37">
         <name>.debug_info</name>
         <load_address>0x7807</load_address>
         <run_address>0x7807</run_address>
         <size>0x60</size>
         <input_file_ref idref="fl-c8"/>
      </object_component>
      <object_component id="oc-1b0">
         <name>.debug_info</name>
         <load_address>0x7867</load_address>
         <run_address>0x7867</run_address>
         <size>0x46</size>
         <input_file_ref idref="fl-c8"/>
      </object_component>
      <object_component id="oc-127">
         <name>.debug_info</name>
         <load_address>0x78ad</load_address>
         <run_address>0x78ad</run_address>
         <size>0x39</size>
         <input_file_ref idref="fl-c8"/>
      </object_component>
      <object_component id="oc-25">
         <name>.debug_info</name>
         <load_address>0x78e6</load_address>
         <run_address>0x78e6</run_address>
         <size>0x10b</size>
         <input_file_ref idref="fl-c9"/>
      </object_component>
      <object_component id="oc-63">
         <name>.debug_info</name>
         <load_address>0x79f1</load_address>
         <run_address>0x79f1</run_address>
         <size>0x1a9</size>
         <input_file_ref idref="fl-c9"/>
      </object_component>
      <object_component id="oc-253">
         <name>.debug_info</name>
         <load_address>0x7b9a</load_address>
         <run_address>0x7b9a</run_address>
         <size>0x286</size>
         <input_file_ref idref="fl-ca"/>
      </object_component>
      <object_component id="oc-17c">
         <name>.debug_info</name>
         <load_address>0x7e20</load_address>
         <run_address>0x7e20</run_address>
         <size>0x182</size>
         <input_file_ref idref="fl-ca"/>
      </object_component>
      <object_component id="oc-309">
         <name>.debug_info</name>
         <load_address>0x7fa2</load_address>
         <run_address>0x7fa2</run_address>
         <size>0x46</size>
         <input_file_ref idref="fl-ca"/>
      </object_component>
      <object_component id="oc-254">
         <name>.debug_info</name>
         <load_address>0x7fe8</load_address>
         <run_address>0x7fe8</run_address>
         <size>0x39</size>
         <input_file_ref idref="fl-ca"/>
      </object_component>
      <object_component id="oc-3c3">
         <name>.debug_info</name>
         <load_address>0x8021</load_address>
         <run_address>0x8021</run_address>
         <size>0x590</size>
         <input_file_ref idref="fl-cb"/>
      </object_component>
      <object_component id="oc-38f">
         <name>.debug_info</name>
         <load_address>0x85b1</load_address>
         <run_address>0x85b1</run_address>
         <size>0x21e</size>
         <input_file_ref idref="fl-cb"/>
      </object_component>
      <object_component id="oc-449">
         <name>.debug_info</name>
         <load_address>0x87cf</load_address>
         <run_address>0x87cf</run_address>
         <size>0x1b3</size>
         <input_file_ref idref="fl-cb"/>
      </object_component>
      <object_component id="oc-450">
         <name>.debug_info</name>
         <load_address>0x8982</load_address>
         <run_address>0x8982</run_address>
         <size>0x21b</size>
         <input_file_ref idref="fl-cb"/>
      </object_component>
      <object_component id="oc-399">
         <name>.debug_info</name>
         <load_address>0x8b9d</load_address>
         <run_address>0x8b9d</run_address>
         <size>0x3c0</size>
         <input_file_ref idref="fl-cb"/>
      </object_component>
      <object_component id="oc-457">
         <name>.debug_info</name>
         <load_address>0x8f5d</load_address>
         <run_address>0x8f5d</run_address>
         <size>0x30a</size>
         <input_file_ref idref="fl-cb"/>
      </object_component>
      <object_component id="oc-45c">
         <name>.debug_info</name>
         <load_address>0x9267</load_address>
         <run_address>0x9267</run_address>
         <size>0x215</size>
         <input_file_ref idref="fl-cb"/>
      </object_component>
      <object_component id="oc-3a0">
         <name>.debug_info</name>
         <load_address>0x947c</load_address>
         <run_address>0x947c</run_address>
         <size>0x215</size>
         <input_file_ref idref="fl-cb"/>
      </object_component>
      <object_component id="oc-3a6">
         <name>.debug_info</name>
         <load_address>0x9691</load_address>
         <run_address>0x9691</run_address>
         <size>0x304</size>
         <input_file_ref idref="fl-cb"/>
      </object_component>
      <object_component id="oc-3ac">
         <name>.debug_info</name>
         <load_address>0x9995</load_address>
         <run_address>0x9995</run_address>
         <size>0x4b5</size>
         <input_file_ref idref="fl-cb"/>
      </object_component>
      <object_component id="oc-2c4">
         <name>.debug_info</name>
         <load_address>0x9e4a</load_address>
         <run_address>0x9e4a</run_address>
         <size>0x5f4</size>
         <input_file_ref idref="fl-cb"/>
      </object_component>
      <object_component id="oc-3c4">
         <name>.debug_info</name>
         <load_address>0xa43e</load_address>
         <run_address>0xa43e</run_address>
         <size>0x86</size>
         <input_file_ref idref="fl-cb"/>
      </object_component>
      <object_component id="oc-486">
         <name>.debug_info</name>
         <load_address>0xa4c4</load_address>
         <run_address>0xa4c4</run_address>
         <size>0x39</size>
         <input_file_ref idref="fl-cb"/>
      </object_component>
      <object_component id="oc-4de">
         <name>.debug_info</name>
         <load_address>0xa4fd</load_address>
         <run_address>0xa4fd</run_address>
         <size>0xb6</size>
         <input_file_ref idref="fl-cb"/>
      </object_component>
      <object_component id="oc-48b">
         <name>.debug_info</name>
         <load_address>0xa5b3</load_address>
         <run_address>0xa5b3</run_address>
         <size>0x46</size>
         <input_file_ref idref="fl-cb"/>
      </object_component>
      <object_component id="oc-3c9">
         <name>.debug_info</name>
         <load_address>0xa5f9</load_address>
         <run_address>0xa5f9</run_address>
         <size>0x46</size>
         <input_file_ref idref="fl-cb"/>
      </object_component>
      <object_component id="oc-444">
         <name>.debug_info</name>
         <load_address>0xa63f</load_address>
         <run_address>0xa63f</run_address>
         <size>0x14c</size>
         <input_file_ref idref="fl-cc"/>
      </object_component>
      <object_component id="oc-395">
         <name>.debug_info</name>
         <load_address>0xa78b</load_address>
         <run_address>0xa78b</run_address>
         <size>0x128</size>
         <input_file_ref idref="fl-cd"/>
      </object_component>
      <object_component id="oc-42f">
         <name>.debug_info</name>
         <load_address>0xa8b3</load_address>
         <run_address>0xa8b3</run_address>
         <size>0x12a</size>
         <input_file_ref idref="fl-cd"/>
      </object_component>
      <object_component id="oc-42c">
         <name>.debug_info</name>
         <load_address>0xa9dd</load_address>
         <run_address>0xa9dd</run_address>
         <size>0x13a</size>
         <input_file_ref idref="fl-ce"/>
      </object_component>
      <object_component id="oc-426">
         <name>.debug_info</name>
         <load_address>0xab17</load_address>
         <run_address>0xab17</run_address>
         <size>0x13a</size>
         <input_file_ref idref="fl-cf"/>
      </object_component>
      <object_component id="oc-436">
         <name>.debug_info</name>
         <load_address>0xac51</load_address>
         <run_address>0xac51</run_address>
         <size>0x12e</size>
         <input_file_ref idref="fl-d0"/>
      </object_component>
      <object_component id="oc-441">
         <name>.debug_info</name>
         <load_address>0xad7f</load_address>
         <run_address>0xad7f</run_address>
         <size>0x12c</size>
         <input_file_ref idref="fl-d1"/>
      </object_component>
      <object_component id="oc-13e">
         <name>.debug_info</name>
         <load_address>0xaeab</load_address>
         <run_address>0xaeab</run_address>
         <size>0x147</size>
         <input_file_ref idref="fl-d2"/>
      </object_component>
      <object_component id="oc-41e">
         <name>.debug_info</name>
         <load_address>0xaff2</load_address>
         <run_address>0xaff2</run_address>
         <size>0x134</size>
         <input_file_ref idref="fl-d3"/>
      </object_component>
      <object_component id="oc-2f2">
         <name>.debug_info</name>
         <load_address>0xb126</load_address>
         <run_address>0xb126</run_address>
         <size>0x4b3</size>
         <input_file_ref idref="fl-d4"/>
      </object_component>
      <object_component id="oc-218">
         <name>.debug_info</name>
         <load_address>0xb5d9</load_address>
         <run_address>0xb5d9</run_address>
         <size>0x1a6</size>
         <input_file_ref idref="fl-d4"/>
      </object_component>
      <object_component id="oc-3e2">
         <name>.debug_info</name>
         <load_address>0xb77f</load_address>
         <run_address>0xb77f</run_address>
         <size>0x39</size>
         <input_file_ref idref="fl-d4"/>
      </object_component>
      <object_component id="oc-493">
         <name>.debug_info</name>
         <load_address>0xb7b8</load_address>
         <run_address>0xb7b8</run_address>
         <size>0x39</size>
         <input_file_ref idref="fl-d4"/>
      </object_component>
      <object_component id="oc-3e7">
         <name>.debug_info</name>
         <load_address>0xb7f1</load_address>
         <run_address>0xb7f1</run_address>
         <size>0x39</size>
         <input_file_ref idref="fl-d4"/>
      </object_component>
      <object_component id="oc-3ec">
         <name>.debug_info</name>
         <load_address>0xb82a</load_address>
         <run_address>0xb82a</run_address>
         <size>0xcd</size>
         <input_file_ref idref="fl-d4"/>
      </object_component>
      <object_component id="oc-146">
         <name>.debug_info</name>
         <load_address>0xb8f7</load_address>
         <run_address>0xb8f7</run_address>
         <size>0x153</size>
         <input_file_ref idref="fl-d5"/>
      </object_component>
      <object_component id="oc-20c">
         <name>.debug_info</name>
         <load_address>0xba4a</load_address>
         <run_address>0xba4a</run_address>
         <size>0x122</size>
         <input_file_ref idref="fl-d7"/>
      </object_component>
      <object_component id="oc-4b9">
         <name>.debug_info</name>
         <load_address>0xbb6c</load_address>
         <run_address>0xbb6c</run_address>
         <size>0x29c</size>
         <input_file_ref idref="fl-d9"/>
      </object_component>
      <object_component id="oc-439">
         <name>.debug_info</name>
         <load_address>0xbe08</load_address>
         <run_address>0xbe08</run_address>
         <size>0x1da</size>
         <input_file_ref idref="fl-d9"/>
      </object_component>
      <object_component id="oc-41c">
         <name>.debug_info</name>
         <load_address>0xbfe2</load_address>
         <run_address>0xbfe2</run_address>
         <size>0x2b9</size>
         <input_file_ref idref="fl-db"/>
      </object_component>
      <object_component id="oc-389">
         <name>.debug_info</name>
         <load_address>0xc29b</load_address>
         <run_address>0xc29b</run_address>
         <size>0x17c</size>
         <input_file_ref idref="fl-db"/>
      </object_component>
      <object_component id="oc-4ab">
         <name>.debug_info</name>
         <load_address>0xc417</load_address>
         <run_address>0xc417</run_address>
         <size>0xf9</size>
         <input_file_ref idref="fl-dc"/>
      </object_component>
      <object_component id="oc-419">
         <name>.debug_info</name>
         <load_address>0xc510</load_address>
         <run_address>0xc510</run_address>
         <size>0x105</size>
         <input_file_ref idref="fl-dc"/>
      </object_component>
      <object_component id="oc-477">
         <name>.debug_info</name>
         <load_address>0xc615</load_address>
         <run_address>0xc615</run_address>
         <size>0x2a7</size>
         <input_file_ref idref="fl-dd"/>
      </object_component>
      <object_component id="oc-3b3">
         <name>.debug_info</name>
         <load_address>0xc8bc</load_address>
         <run_address>0xc8bc</run_address>
         <size>0x1b8</size>
         <input_file_ref idref="fl-dd"/>
      </object_component>
      <object_component id="oc-4d0">
         <name>.debug_info</name>
         <load_address>0xca74</load_address>
         <run_address>0xca74</run_address>
         <size>0x29a</size>
         <input_file_ref idref="fl-de"/>
      </object_component>
      <object_component id="oc-471">
         <name>.debug_info</name>
         <load_address>0xcd0e</load_address>
         <run_address>0xcd0e</run_address>
         <size>0x262</size>
         <input_file_ref idref="fl-de"/>
      </object_component>
      <object_component id="oc-417">
         <name>.debug_info</name>
         <load_address>0xcf70</load_address>
         <run_address>0xcf70</run_address>
         <size>0x28f</size>
         <input_file_ref idref="fl-df"/>
      </object_component>
      <object_component id="oc-382">
         <name>.debug_info</name>
         <load_address>0xd1ff</load_address>
         <run_address>0xd1ff</run_address>
         <size>0x245</size>
         <input_file_ref idref="fl-df"/>
      </object_component>
      <object_component id="oc-483">
         <name>.debug_info</name>
         <load_address>0xd444</load_address>
         <run_address>0xd444</run_address>
         <size>0x289</size>
         <input_file_ref idref="fl-e0"/>
      </object_component>
      <object_component id="oc-480">
         <name>.debug_info</name>
         <load_address>0xd6cd</load_address>
         <run_address>0xd6cd</run_address>
         <size>0x10e</size>
         <input_file_ref idref="fl-e0"/>
      </object_component>
      <object_component id="oc-3bd">
         <name>.debug_info</name>
         <load_address>0xd7db</load_address>
         <run_address>0xd7db</run_address>
         <size>0x14e</size>
         <input_file_ref idref="fl-e0"/>
      </object_component>
      <object_component id="oc-47e">
         <name>.debug_info</name>
         <load_address>0xd929</load_address>
         <run_address>0xd929</run_address>
         <size>0x28f</size>
         <input_file_ref idref="fl-e1"/>
      </object_component>
      <object_component id="oc-3b7">
         <name>.debug_info</name>
         <load_address>0xdbb8</load_address>
         <run_address>0xdbb8</run_address>
         <size>0x15a</size>
         <input_file_ref idref="fl-e1"/>
      </object_component>
      <object_component id="oc-4d3">
         <name>.debug_info</name>
         <load_address>0xdd12</load_address>
         <run_address>0xdd12</run_address>
         <size>0x46</size>
         <input_file_ref idref="fl-e1"/>
      </object_component>
      <object_component id="oc-479">
         <name>.debug_info</name>
         <load_address>0xdd58</load_address>
         <run_address>0xdd58</run_address>
         <size>0x39</size>
         <input_file_ref idref="fl-e1"/>
      </object_component>
      <object_component id="oc-4c1">
         <name>.debug_info</name>
         <load_address>0xdd91</load_address>
         <run_address>0xdd91</run_address>
         <size>0x295</size>
         <input_file_ref idref="fl-e2"/>
      </object_component>
      <object_component id="oc-467">
         <name>.debug_info</name>
         <load_address>0xe026</load_address>
         <run_address>0xe026</run_address>
         <size>0x195</size>
         <input_file_ref idref="fl-e2"/>
      </object_component>
      <object_component id="oc-4ea">
         <name>.debug_info</name>
         <load_address>0xe1bb</load_address>
         <run_address>0xe1bb</run_address>
         <size>0x39</size>
         <input_file_ref idref="fl-e2"/>
      </object_component>
      <object_component id="oc-4c2">
         <name>.debug_info</name>
         <load_address>0xe1f4</load_address>
         <run_address>0xe1f4</run_address>
         <size>0x2c</size>
         <input_file_ref idref="fl-e2"/>
      </object_component>
      <object_component id="oc-4ce">
[...]
         <name>HAL_LCD_writeCommand</name>
         <value>0x1ef9</value>
         <object_component_ref idref="oc-286"/>
      </symbol>
      <symbol id="sm-e9">
         <name>gADCSamplingRate</name>
         <value>0x20008854</value>
      </symbol>
      <symbol id="sm-ea">
         <name>ButtonDebounce</name>
         <value>0xec9</value>
         <object_component_ref idref="oc-2d"/>
      </symbol>
      <symbol id="sm-eb">
         <name>ButtonReadJoystick</name>
         <value>0xc59</value>
         <object_component_ref idref="oc-2d"/>
      </symbol>
      <symbol id="sm-ec">
         <name>ButtonAutoRepeat</name>
         <value>0xf39</value>
         <object_component_ref idref="oc-2d"/>
      </symbol>
      <symbol id="sm-ed">
         <name>gButtons</name>
         <value>0x20008034</value>
         <object_component_ref idref="oc-8f"/>
      </symbol>
      <symbol id="sm-ee">
         <name>ButtonISR</name>
         <value>0xfb9</value>
         <object_component_ref idref="oc-2d"/>
      </symbol>
      <symbol id="sm-ef">
         <name>ButtonInit</name>
         <value>0xd39</value>
         <object_component_ref idref="oc-2d"/>
      </symbol>
      <symbol id="sm-f0">
         <name>gJoystick</name>
         <value>0x20008024</value>
         <object_component_ref idref="oc-80"/>
      </symbol>
      <symbol id="sm-113">
         <name>gSystemClock</name>
         <value>0x20008858</value>
      </symbol>
      <symbol id="sm-114">
         <name>buttonDis</name>
         <value>0x20008030</value>
         <object_component_ref idref="oc-112"/>
      </symbol>
      <symbol id="sm-115">
         <name>gTime</name>
         <value>0x2000802c</value>
         <object_component_ref idref="oc-112"/>
      </symbol>
      <symbol id="sm-116">
         <name>main</name>
         <value>0x2069</value>
         <object_component_ref idref="oc-148"/>
      </symbol>
      <symbol id="sm-125">
         <name>SysCtlFrequencyGet</name>
         <value>0x3371</value>
         <object_component_ref idref="oc-dd"/>
      </symbol>
      <symbol id="sm-141">
         <name>ResetISR</name>
         <value>0x3839</value>
         <object_component_ref idref="oc-27"/>
      </symbol>
      <symbol id="sm-142">
         <name>g_pfnVectors</name>
         <value>0x0</value>
         <object_component_ref idref="oc-12"/>
      </symbol>
      <symbol id="sm-151">
         <name>roundf</name>
         <value>0x2ec7</value>
         <object_component_ref idref="oc-a7"/>
      </symbol>
      <symbol id="sm-180">
         <name>snprintf</name>
         <value>0x32d5</value>
         <object_component_ref idref="oc-1fc"/>
      </symbol>
      <symbol id="sm-19b">
         <name>memcpy</name>
         <value>0x2a1f</value>
         <object_component_ref idref="oc-41"/>
      </symbol>
      <symbol id="sm-19c">
         <name>__aeabi_memcpy</name>
         <value>0x2a1f</value>
         <object_component_ref idref="oc-41"/>
      </symbol>
      <symbol id="sm-19d">
         <name>__aeabi_memcpy8</name>
         <value>0x2a1f</value>
         <object_component_ref idref="oc-41"/>
      </symbol>
      <symbol id="sm-19e">
         <name>__aeabi_memcpy4</name>
         <value>0x2a1f</value>
         <object_component_ref idref="oc-41"/>
      </symbol>
      <symbol id="sm-1b7">
         <name>__TI_zero_init_nomemset</name>
         <value>0x37e1</value>
         <object_component_ref idref="oc-4d"/>
      </symbol>
      <symbol id="sm-1ce">
         <name>__TI_decompress_none</name>
         <value>0x39cf</value>
         <object_component_ref idref="oc-1b"/>
      </symbol>
      <symbol id="sm-1f1">
         <name>__TI_decompress_lzss</name>
         <value>0x3005</value>
         <object_component_ref idref="oc-15"/>
      </symbol>
      <symbol id="sm-204">
         <name>__stack</name>
         <value>0x20008040</value>
         <object_component_ref idref="oc-24"/>
      </symbol>
      <symbol id="sm-205">
         <name>_c_int00_noargs</name>
         <value>0x3601</value>
         <object_component_ref idref="oc-5f"/>
      </symbol>
      <symbol id="sm-227">
         <name>floorf</name>
         <value>0x2ce5</value>
         <object_component_ref idref="oc-17a"/>
      </symbol>
      <symbol id="sm-38c">
         <name>__TI_printfi</name>
         <value>0x209</value>
         <object_component_ref idref="oc-2c3"/>
      </symbol>
      <symbol id="sm-3a3">
         <name>__aeabi_dsub</name>
         <value>0x1d2d</value>
         <object_component_ref idref="oc-443"/>
      </symbol>
      <symbol id="sm-3a4">
         <name>__aeabi_dadd</name>
         <value>0x1d37</value>
         <object_component_ref idref="oc-443"/>
      </symbol>
      <symbol id="sm-3c6">
         <name>__aeabi_cdcmpeq</name>
         <value>0x2bd7</value>
         <object_component_ref idref="oc-393"/>
      </symbol>
      <symbol id="sm-3c7">
         <name>__aeabi_cdcmple</name>
         <value>0x2bd7</value>
         <object_component_ref idref="oc-393"/>
      </symbol>
      <symbol id="sm-3c8">
         <name>__aeabi_cdrcmple</name>
         <value>0x2c5d</value>
         <object_component_ref idref="oc-42e"/>
      </symbol>
      <symbol id="sm-3dc">
         <name>__aeabi_ddiv</name>
         <value>0x2311</value>
         <object_component_ref idref="oc-429"/>
      </symbol>
      <symbol id="sm-3e7">
         <name>__aeabi_dmul</name>
         <value>0x27ad</value>
         <object_component_ref idref="oc-424"/>
      </symbol>
      <symbol id="sm-3f1">
         <name>__aeabi_d2iz</name>
         <value>0x344d</value>
         <object_component_ref idref="oc-433"/>
      </symbol>
      <symbol id="sm-3fb">
         <name>__aeabi_i2d</name>
         <value>0x36c1</value>
         <object_component_ref idref="oc-43e"/>
      </symbol>
      <symbol id="sm-40a">
         <name>__aeabi_memset</name>
         <value>0x2de1</value>
         <object_component_ref idref="oc-13c"/>
      </symbol>
      <symbol id="sm-40b">
         <name>memset</name>
         <value>0x2de7</value>
         <object_component_ref idref="oc-13c"/>
      </symbol>
      <symbol id="sm-40c">
         <name>__aeabi_memset8</name>
         <value>0x2de1</value>
         <object_component_ref idref="oc-13c"/>
      </symbol>
      <symbol id="sm-40d">
         <name>__aeabi_memset4</name>
         <value>0x2de1</value>
         <object_component_ref idref="oc-13c"/>
      </symbol>
      <symbol id="sm-40e">
         <name>__aeabi_memclr8</name>
         <value>0x2ddf</value>
         <object_component_ref idref="oc-13c"/>
      </symbol>
      <symbol id="sm-40f">
         <name>__aeabi_memclr4</name>
         <value>0x2ddf</value>
         <object_component_ref idref="oc-13c"/>
      </symbol>
      <symbol id="sm-410">
         <name>__aeabi_memclr</name>
         <value>0x2ddf</value>
         <object_component_ref idref="oc-13c"/>
      </symbol>
      <symbol id="sm-41d">
         <name>__aeabi_uldivmod</name>
         <value>0x2abb</value>
         <object_component_ref idref="oc-41d"/>
      </symbol>
      <symbol id="sm-445">
         <name>__TI_auto_init_nobinit_nopinit</name>
         <value>0x3495</value>
         <object_component_ref idref="oc-215"/>
      </symbol>
      <symbol id="sm-44f">
         <name>_system_pre_init</name>
         <value>0x3a3f</value>
         <object_component_ref idref="oc-142"/>
      </symbol>
      <symbol id="sm-45b">
         <name>C$$EXIT</name>
         <value>0x3a43</value>
         <object_component_ref idref="oc-209"/>
      </symbol>
      <symbol id="sm-45c">
         <name>abort</name>
         <value>0x3a43</value>
         <object_component_ref idref="oc-209"/>
      </symbol>
      <symbol id="sm-46c">
         <name>__TI_ltoa</name>
         <value>0x31e1</value>
         <object_component_ref idref="oc-438"/>
      </symbol>
      <symbol id="sm-483">
         <name>atoi</name>
         <value>0x3289</value>
         <object_component_ref idref="oc-387"/>
      </symbol>
      <symbol id="sm-48e">
         <name>_ctypes_</name>
         <value>0x3e60</value>
         <object_component_ref idref="oc-418"/>
      </symbol>
      <symbol id="sm-49e">
         <name>memccpy</name>
         <value>0x37fd</value>
         <object_component_ref idref="oc-3b0"/>
      </symbol>
      <symbol id="sm-4ae">
         <name>strchr</name>
         <value>0x38c9</value>
         <object_component_ref idref="oc-46f"/>
      </symbol>
      <symbol id="sm-4bc">
         <name>strlen</name>
         <value>0x38f5</value>
         <object_component_ref idref="oc-381"/>
      </symbol>
      <symbol id="sm-4d2">
         <name>__aeabi_errno_addr</name>
         <value>0x3a2d</value>
         <object_component_ref idref="oc-3bc"/>
      </symbol>
      <symbol id="sm-4d3">
         <name>errno</name>
         <value>0x2000803c</value>
         <object_component_ref idref="oc-47f"/>
      </symbol>
      <symbol id="sm-4ec">
         <name>wcslen</name>
         <value>0x3951</value>
         <object_component_ref idref="oc-3b6"/>
      </symbol>
      <symbol id="sm-50c">
         <name>frexpl</name>
         <value>0x306d</value>
         <object_component_ref idref="oc-463"/>
      </symbol>
      <symbol id="sm-50d">
         <name>frexp</name>
         <value>0x306d</value>
         <object_component_ref idref="oc-463"/>
      </symbol>
      <symbol id="sm-52a">
         <name>scalbn</name>
         <value>0x269d</value>
         <object_component_ref idref="oc-469"/>
      </symbol>
      <symbol id="sm-52b">
         <name>scalbnl</name>
         <value>0x269d</value>
         <object_component_ref idref="oc-469"/>
      </symbol>
      <symbol id="sm-52c">
         <name>ldexpl</name>
         <value>0x269d</value>
         <object_component_ref idref="oc-469"/>
      </symbol>
      <symbol id="sm-52d">
         <name>ldexp</name>
         <value>0x269d</value>
         <object_component_ref idref="oc-469"/>
      </symbol>
      <symbol id="sm-537">
         <name>__aeabi_idiv0</name>
         <value>0xc57</value>
         <object_component_ref idref="oc-4ae"/>
      </symbol>
      <symbol id="sm-538">
         <name>__aeabi_ldiv0</name>
         <value>0xc57</value>
         <object_component_ref idref="oc-4ae"/>
      </symbol>
      <symbol id="sm-542">
         <name>copysign</name>
         <value>0x3819</value>
         <object_component_ref idref="oc-4c7"/>
      </symbol>
      <symbol id="sm-543">
         <name>copysignl</name>
         <value>0x3819</value>
         <object_component_ref idref="oc-4c7"/>
      </symbol>
      <symbol id="sm-568">
         <name>GrContextInit</name>
         <value>0x2f35</value>
         <object_component_ref idref="oc-1e7"/>
      </symbol>
      <symbol id="sm-569">
         <name>g_psDefaultCodePointMapTable</name>
         <value>0x428c</value>
         <object_component_ref idref="oc-2a6"/>
      </symbol>
      <symbol id="sm-577">
         <name>GrRectFill</name>
         <value>0x2b51</value>
         <object_component_ref idref="oc-1f6"/>
      </symbol>
      <symbol id="sm-606">
         <name>GrFontInfoGet</name>
         <value>0x3719</value>
         <object_component_ref idref="oc-34f"/>
      </symbol>
      <symbol id="sm-607">
         <name>GrDefaultStringRenderer</name>
         <value>0x28a9</value>
         <object_component_ref idref="oc-2a0"/>
      </symbol>
      <symbol id="sm-608">
         <name>GrFontGlyphRender</name>
         <value>0x1701</value>
         <object_component_ref idref="oc-361"/>
      </symbol>
      <symbol id="sm-609">
         <name>GrContextFontSet</name>
         <value>0x3833</value>
         <object_component_ref idref="oc-1f0"/>
      </symbol>
      <symbol id="sm-60a">
         <name>GrFontGlyphDataGet</name>
         <value>0x3765</value>
         <object_component_ref idref="oc-35b"/>
      </symbol>
      <symbol id="sm-60b">
         <name>GrStringDraw</name>
         <value>0x38b3</value>
         <object_component_ref idref="oc-202"/>
      </symbol>
      <symbol id="sm-60c">
         <name>GrFontCodepageGet</name>
         <value>0x37a5</value>
         <object_component_ref idref="oc-376"/>
      </symbol>
      <symbol id="sm-60d">
         <name>GrStringNextCharGet</name>
         <value>0x3693</value>
         <object_component_ref idref="oc-355"/>
      </symbol>
      <symbol id="sm-61f">
         <name>g_sFontFixed6x8</name>
         <value>0x3f64</value>
         <object_component_ref idref="oc-1ed"/>
      </symbol>
      <symbol id="sm-62c">
         <name>GrMapISO8859_1_Unicode</name>
         <value>0x3a13</value>
         <object_component_ref idref="oc-368"/>
      </symbol>
      <symbol id="sm-682">
         <name>ADCProcessorTrigger</name>
         <value>0x386b</value>
         <object_component_ref idref="oc-74"/>
      </symbol>
      <symbol id="sm-683">
         <name>ADCSequenceEnable</name>
         <value>0x39b3</value>
         <object_component_ref idref="oc-fe"/>
      </symbol>
      <symbol id="sm-684">
         <name>ADCSequenceConfigure</name>
         <value>0x34d9</value>
         <object_component_ref idref="oc-f2"/>
      </symbol>
      <symbol id="sm-685">
         <name>ADCSequenceStepConfigure</name>
         <value>0x2d65</value>
         <object_component_ref idref="oc-f8"/>
      </symbol>
      <symbol id="sm-686">
         <name>ADCIntClear</name>
         <value>0x39f5</value>
         <object_component_ref idref="oc-89"/>
      </symbol>
      <symbol id="sm-687">
         <name>ADCIntStatus</name>
         <value>0x3665</value>
         <object_component_ref idref="oc-7a"/>
      </symbol>
      <symbol id="sm-688">
         <name>ADCSequenceDisable</name>
         <value>0x39a5</value>
         <object_component_ref idref="oc-ec"/>
      </symbol>
      <symbol id="sm-689">
         <name>ADCClockConfigSet</name>
         <value>0x3853</value>
         <object_component_ref idref="oc-e6"/>
      </symbol>
      <symbol id="sm-68a">
         <name>ADCSequenceDataGet</name>
         <value>0x3787</value>
         <object_component_ref idref="oc-83"/>
      </symbol>
      <symbol id="sm-6a0">
         <name>FPULazyStackingEnable</name>
         <value>0x3975</value>
         <object_component_ref idref="oc-1cc"/>
      </symbol>
      <symbol id="sm-6a1">
         <name>FPUEnable</name>
         <value>0x3965</value>
         <object_component_ref idref="oc-1c6"/>
      </symbol>
      <symbol id="sm-6fb">
         <name>GPIOPinConfigure</name>
         <value>0x33bd</value>
         <object_component_ref idref="oc-33e"/>
      </symbol>
      <symbol id="sm-6fc">
         <name>GPIOPinTypeADC</name>
         <value>0x3909</value>
         <object_component_ref idref="oc-d7"/>
      </symbol>
      <symbol id="sm-6fd">
         <name>GPIOPinTypeGPIOInput</name>
         <value>0x391b</value>
         <object_component_ref idref="oc-cb"/>
      </symbol>
      <symbol id="sm-6fe">
         <name>GPIOPinTypeGPIOOutput</name>
         <value>0x3883</value>
         <object_component_ref idref="oc-344"/>
      </symbol>
      <symbol id="sm-6ff">
         <name>GPIOPinRead</name>
         <value>0x1ee3</value>
         <object_component_ref idref="oc-10c"/>
      </symbol>
      <symbol id="sm-700">
         <name>GPIODirModeSet</name>
         <value>0x36ef</value>
         <object_component_ref idref="oc-18e"/>
      </symbol>
      <symbol id="sm-701">
         <name>GPIOPinWrite</name>
         <value>0x336b</value>
         <object_component_ref idref="oc-326"/>
      </symbol>
      <symbol id="sm-702">
         <name>GPIOPadConfigSet</name>
         <value>0x2447</value>
         <object_component_ref idref="oc-d1"/>
      </symbol>
      <symbol id="sm-703">
         <name>GPIOPinTypeSSI</name>
         <value>0x392d</value>
         <object_component_ref idref="oc-338"/>
      </symbol>
      <symbol id="sm-74d">
         <name>IntPrioritySet</name>
         <value>0x3741</value>
         <object_component_ref idref="oc-bf"/>
      </symbol>
      <symbol id="sm-74e">
         <name>IntEnable</name>
         <value>0x2f9d</value>
         <object_component_ref idref="oc-c5"/>
      </symbol>
      <symbol id="sm-74f">
         <name>IntMasterDisable</name>
         <value>0x3985</value>
         <object_component_ref idref="oc-1c0"/>
      </symbol>
      <symbol id="sm-750">
         <name>IntMasterEnable</name>
         <value>0x3995</value>
         <object_component_ref idref="oc-1de"/>
      </symbol>
      <symbol id="sm-777">
         <name>SSIDataPut</name>
         <value>0x39ff</value>
         <object_component_ref idref="oc-31a"/>
      </symbol>
      <symbol id="sm-778">
         <name>SSIConfigSetExpClk</name>
         <value>0x3555</value>
         <object_component_ref idref="oc-32c"/>
      </symbol>
      <symbol id="sm-779">
         <name>SSIEnable</name>
         <value>0x3a09</value>
         <object_component_ref idref="oc-332"/>
      </symbol>
      <symbol id="sm-77a">
         <name>SSIBusy</name>
         <value>0x3a1b</value>
         <object_component_ref idref="oc-320"/>
      </symbol>
      <symbol id="sm-7ea">
         <name>SysCtlDelay</name>
         <value>0x3a35</value>
         <object_component_ref idref="oc-28f"/>
      </symbol>
      <symbol id="sm-7eb">
         <name>SysCtlPeripheralEnable</name>
         <value>0x35cd</value>
         <object_component_ref idref="oc-92"/>
      </symbol>
      <symbol id="sm-7ec">
         <name>SysCtlClockFreqSet</name>
         <value>0x1959</value>
         <object_component_ref idref="oc-1d2"/>
      </symbol>
      <symbol id="sm-82a">
         <name>TimerLoadSet</name>
         <value>0x393f</value>
         <object_component_ref idref="oc-ad"/>
      </symbol>
      <symbol id="sm-82b">
         <name>TimerDisable</name>
         <value>0x38e1</value>
         <object_component_ref idref="oc-98"/>
      </symbol>
      <symbol id="sm-82c">
         <name>TimerEnable</name>
         <value>0x39c1</value>
         <object_component_ref idref="oc-b9"/>
      </symbol>
      <symbol id="sm-82d">
         <name>TimerIntEnable</name>
         <value>0x3a23</value>
         <object_component_ref idref="oc-b3"/>
      </symbol>
      <symbol id="sm-82e">
         <name>TimerConfigure</name>
         <value>0x30d1</value>
         <object_component_ref idref="oc-9e"/>
      </symbol>
      <symbol id="sm-82f">
         <name>TimerIntClear</name>
         <value>0x3a3b</value>
         <object_component_ref idref="oc-106"/>
      </symbol>
      <symbol id="sm-841">
         <name>CPUcpsie</name>
         <value>0x39e9</value>
         <object_component_ref idref="oc-297"/>
      </symbol>
      <symbol id="sm-842">
         <name>CPUcpsid</name>
         <value>0x39dd</value>
         <object_component_ref idref="oc-266"/>
      </symbol>
      <symbol id="sm-843">
         <name>__TI_static_base__</name>
         <value>0x0</value>
      </symbol>
      <symbol id="sm-846">
         <name>__mpu_init</name>
         <value>0x0</value>
      </symbol>
      <symbol id="sm-847">
         <name>_system_post_cinit</name>
         <value>0x0</value>
      </symbol>
   </symbol_table>
   <title>Link successful</title>
</link_info>
